Archive member included to satisfy reference by file (symbol)

n:/st/stm32cubeide_1.10.1/stm32cubeide/plugins/com.st.stm32cube.ide.mcu.externaltools.gnu-tools-for-stm32.10.3-2021.10.win32_1.0.0.202111181127/tools/bin/../lib/gcc/arm-none-eabi/10.3.1/../../../../arm-none-eabi/lib/thumb/v7-m/nofp\libc_nano.a(lib_a-errno.o)
                              ./Core/Src/syscalls.o (__errno)
n:/st/stm32cubeide_1.10.1/stm32cubeide/plugins/com.st.stm32cube.ide.mcu.externaltools.gnu-tools-for-stm32.10.3-2021.10.win32_1.0.0.202111181127/tools/bin/../lib/gcc/arm-none-eabi/10.3.1/../../../../arm-none-eabi/lib/thumb/v7-m/nofp\libc_nano.a(lib_a-exit.o)
                              n:/st/stm32cubeide_1.10.1/stm32cubeide/plugins/com.st.stm32cube.ide.mcu.externaltools.gnu-tools-for-stm32.10.3-2021.10.win32_1.0.0.202111181127/tools/bin/../lib/gcc/arm-none-eabi/10.3.1/../../../../arm-none-eabi/lib/thumb/v7-m/nofp/crt0.o (exit)
n:/st/stm32cubeide_1.10.1/stm32cubeide/plugins/com.st.stm32cube.ide.mcu.externaltools.gnu-tools-for-stm32.10.3-2021.10.win32_1.0.0.202111181127/tools/bin/../lib/gcc/arm-none-eabi/10.3.1/../../../../arm-none-eabi/lib/thumb/v7-m/nofp\libc_nano.a(lib_a-impure.o)
                              n:/st/stm32cubeide_1.10.1/stm32cubeide/plugins/com.st.stm32cube.ide.mcu.externaltools.gnu-tools-for-stm32.10.3-2021.10.win32_1.0.0.202111181127/tools/bin/../lib/gcc/arm-none-eabi/10.3.1/../../../../arm-none-eabi/lib/thumb/v7-m/nofp\libc_nano.a(lib_a-exit.o) (_global_impure_ptr)
n:/st/stm32cubeide_1.10.1/stm32cubeide/plugins/com.st.stm32cube.ide.mcu.externaltools.gnu-tools-for-stm32.10.3-2021.10.win32_1.0.0.202111181127/tools/bin/../lib/gcc/arm-none-eabi/10.3.1/../../../../arm-none-eabi/lib/thumb/v7-m/nofp\libc_nano.a(lib_a-init.o)
                              n:/st/stm32cubeide_1.10.1/stm32cubeide/plugins/com.st.stm32cube.ide.mcu.externaltools.gnu-tools-for-stm32.10.3-2021.10.win32_1.0.0.202111181127/tools/bin/../lib/gcc/arm-none-eabi/10.3.1/../../../../arm-none-eabi/lib/thumb/v7-m/nofp/crt0.o (__libc_init_array)
n:/st/stm32cubeide_1.10.1/stm32cubeide/plugins/com.st.stm32cube.ide.mcu.externaltools.gnu-tools-for-stm32.10.3-2021.10.win32_1.0.0.202111181127/tools/bin/../lib/gcc/arm-none-eabi/10.3.1/../../../../arm-none-eabi/lib/thumb/v7-m/nofp\libc_nano.a(lib_a-memset.o)
                              n:/st/stm32cubeide_1.10.1/stm32cubeide/plugins/com.st.stm32cube.ide.mcu.externaltools.gnu-tools-for-stm32.10.3-2021.10.win32_1.0.0.202111181127/tools/bin/../lib/gcc/arm-none-eabi/10.3.1/../../../../arm-none-eabi/lib/thumb/v7-m/nofp/crt0.o (memset)
n:/st/stm32cubeide_1.10.1/stm32cubeide/plugins/com.st.stm32cube.ide.mcu.externaltools.gnu-tools-for-stm32.10.3-2021.10.win32_1.0.0.202111181127/tools/bin/../lib/gcc/arm-none-eabi/10.3.1/../../../../arm-none-eabi/lib/thumb/v7-m/nofp\libc_nano.a(lib_a-printf.o)
                              ./Core/Src/ft5206.o (printf)
n:/st/stm32cubeide_1.10.1/stm32cubeide/plugins/com.st.stm32cube.ide.mcu.externaltools.gnu-tools-for-stm32.10.3-2021.10.win32_1.0.0.202111181127/tools/bin/../lib/gcc/arm-none-eabi/10.3.1/../../../../arm-none-eabi/lib/thumb/v7-m/nofp\libc_nano.a(lib_a-sprintf.o)
                              ./Core/Src/main.o (sprintf)
n:/st/stm32cubeide_1.10.1/stm32cubeide/plugins/com.st.stm32cube.ide.mcu.externaltools.gnu-tools-for-stm32.10.3-2021.10.win32_1.0.0.202111181127/tools/bin/../lib/gcc/arm-none-eabi/10.3.1/../../../../arm-none-eabi/lib/thumb/v7-m/nofp\libc_nano.a(lib_a-strcmp.o)
                              ./Core/Src/gt9147.o (strcmp)
n:/st/stm32cubeide_1.10.1/stm32cubeide/plugins/com.st.stm32cube.ide.mcu.externaltools.gnu-tools-for-stm32.10.3-2021.10.win32_1.0.0.202111181127/tools/bin/../lib/gcc/arm-none-eabi/10.3.1/../../../../arm-none-eabi/lib/thumb/v7-m/nofp\libc_nano.a(lib_a-strlen.o)
                              ./Core/Src/main.o (strlen)
n:/st/stm32cubeide_1.10.1/stm32cubeide/plugins/com.st.stm32cube.ide.mcu.externaltools.gnu-tools-for-stm32.10.3-2021.10.win32_1.0.0.202111181127/tools/bin/../lib/gcc/arm-none-eabi/10.3.1/../../../../arm-none-eabi/lib/thumb/v7-m/nofp\libc_nano.a(lib_a-findfp.o)
                              n:/st/stm32cubeide_1.10.1/stm32cubeide/plugins/com.st.stm32cube.ide.mcu.externaltools.gnu-tools-for-stm32.10.3-2021.10.win32_1.0.0.202111181127/tools/bin/../lib/gcc/arm-none-eabi/10.3.1/../../../../arm-none-eabi/lib/thumb/v7-m/nofp\libc_nano.a(lib_a-printf.o) (__sinit)
n:/st/stm32cubeide_1.10.1/stm32cubeide/plugins/com.st.stm32cube.ide.mcu.externaltools.gnu-tools-for-stm32.10.3-2021.10.win32_1.0.0.202111181127/tools/bin/../lib/gcc/arm-none-eabi/10.3.1/../../../../arm-none-eabi/lib/thumb/v7-m/nofp\libc_nano.a(lib_a-fwalk.o)
                              n:/st/stm32cubeide_1.10.1/stm32cubeide/plugins/com.st.stm32cube.ide.mcu.externaltools.gnu-tools-for-stm32.10.3-2021.10.win32_1.0.0.202111181127/tools/bin/../lib/gcc/arm-none-eabi/10.3.1/../../../../arm-none-eabi/lib/thumb/v7-m/nofp\libc_nano.a(lib_a-findfp.o) (_fwalk)
[...]
Memory Configuration

Name             Origin             Length             Attributes
RAM              0x0000000020000000 0x000000000000c000 xrw
FLASH            0x0000000008000000 0x0000000000040000 xr
*default*        0x0000000000000000 0xffffffffffffffff

Linker script and memory map

LOAD n:/st/stm32cubeide_1.10.1/stm32cubeide/plugins/com.st.stm32cube.ide.mcu.externaltools.gnu-tools-for-stm32.10.3-2021.10.win32_1.0.0.202111181127/tools/bin/../lib/gcc/arm-none-eabi/10.3.1/thumb/v7-m/nofp/crti.o
LOAD n:/st/stm32cubeide_1.10.1/stm32cubeide/plugins/com.st.stm32cube.ide.mcu.externaltools.gnu-tools-for-stm32.10.3-2021.10.win32_1.0.0.202111181127/tools/bin/../lib/gcc/arm-none-eabi/10.3.1/thumb/v7-m/nofp/crtbegin.o
LOAD n:/st/stm32cubeide_1.10.1/stm32cubeide/plugins/com.st.stm32cube.ide.mcu.externaltools.gnu-tools-for-stm32.10.3-2021.10.win32_1.0.0.202111181127/tools/bin/../lib/gcc/arm-none-eabi/10.3.1/../../../../arm-none-eabi/lib/thumb/v7-m/nofp/crt0.o
LOAD ./Core/Src/24cxx.o
LOAD ./Core/Src/24l01.o
LOAD ./Core/Src/ctiic.o
LOAD ./Core/Src/delay.o
LOAD ./Core/Src/ft5206.o
LOAD ./Core/Src/gt9147.o
LOAD ./Core/Src/key.o
LOAD ./Core/Src/lcd.o
LOAD ./Core/Src/led.o
LOAD ./Core/Src/main.o
LOAD ./Core/Src/myiic.o
LOAD ./Core/Src/ott2001a.o
LOAD ./Core/Src/spi.o
LOAD ./Core/Src/stm32f1xx_hal_msp.o
LOAD ./Core/Src/stm32f1xx_it.o
LOAD ./Core/Src/sys.o
LOAD ./Core/Src/syscalls.o
LOAD ./Core/Src/sysmem.o
LOAD ./Core/Src/system_stm32f1xx.o
LOAD ./Core/Src/touch.o
LOAD ./Core/Startup/startup_stm32f103rctx.o
LOAD ./Drivers/STM32F1xx_HAL_Driver/Src/stm32f1xx_hal.o
LOAD ./Drivers/STM32F1xx_HAL_Driver/Src/stm32f1xx_hal_cortex.o
LOAD ./Drivers/STM32F1xx_HAL_Driver/Src/stm32f1xx_hal_dma.o
LOAD ./Drivers/STM32F1xx_HAL_Driver/Src/stm32f1xx_hal_exti.o
LOAD ./Drivers/STM32F1xx_HAL_Driver/Src/stm32f1xx_hal_flash.o
LOAD ./Drivers/STM32F1xx_HAL_Driver/Src/stm32f1xx_hal_flash_ex.o
LOAD ./Drivers/STM32F1xx_HAL_Driver/Src/stm32f1xx_hal_gpio.o
LOAD ./Drivers/STM32F1xx_HAL_Driver/Src/stm32f1xx_hal_gpio_ex.o
LOAD ./Drivers/STM32F1xx_HAL_Driver/Src/stm32f1xx_hal_pwr.o
LOAD ./Drivers/STM32F1xx_HAL_Driver/Src/stm32f1xx_hal_rcc.o
LOAD ./Drivers/STM32F1xx_HAL_Driver/Src/stm32f1xx_hal_rcc_ex.o
LOAD ./Drivers/STM32F1xx_HAL_Driver/Src/stm32f1xx_hal_spi.o
LOAD ./Drivers/STM32F1xx_HAL_Driver/Src/stm32f1xx_hal_tim.o
LOAD ./Drivers/STM32F1xx_HAL_Driver/Src/stm32f1xx_hal_tim_ex.o
LOAD ./Drivers/STM32F1xx_HAL_Driver/Src/stm32f1xx_hal_uart.o
START GROUP
LOAD n:/st/stm32cubeide_1.10.1/stm32cubeide/plugins/com.st.stm32cube.ide.mcu.externaltools.gnu-tools-for-stm32.10.3-2021.10.win32_1.0.0.202111181127/tools/bin/../lib/gcc/arm-none-eabi/10.3.1/../../../../arm-none-eabi/lib/thumb/v7-m/nofp\libc_nano.a
LOAD n:/st/stm32cubeide_1.10.1/stm32cubeide/plugins/com.st.stm32cube.ide.mcu.externaltools.gnu-tools-for-stm32.10.3-2021.10.win32_1.0.0.202111181127/tools/bin/../lib/gcc/arm-none-eabi/10.3.1/../../../../arm-none-eabi/lib/thumb/v7-m/nofp\libm.a
END GROUP
START GROUP
LOAD n:/st/stm32cubeide_1.10.1/stm32cubeide/plugins/com.st.stm32cube.ide.mcu.externaltools.gnu-tools-for-stm32.10.3-2021.10.win32_1.0.0.202111181127/tools/bin/../lib/gcc/arm-none-eabi/10.3.1/thumb/v7-m/nofp\libgcc.a
LOAD n:/st/stm32cubeide_1.10.1/stm32cubeide/plugins/com.st.stm32cube.ide.mcu.externaltools.gnu-tools-for-stm32.10.3-2021.10.win32_1.0.0.202111181127/tools/bin/../lib/gcc/arm-none-eabi/10.3.1/../../../../arm-none-eabi/lib/thumb/v7-m/nofp\libc_nano.a
END GROUP
START GROUP
LOAD n:/st/stm32cubeide_1.10.1/stm32cubeide/plugins/com.st.stm32cube.ide.mcu.externaltools.gnu-tools-for-stm32.10.3-2021.10.win32_1.0.0.202111181127/tools/bin/../lib/gcc/arm-none-eabi/10.3.1/thumb/v7-m/nofp\libgcc.a
LOAD n:/st/stm32cubeide_1.10.1/stm32cubeide/plugins/com.st.stm32cube.ide.mcu.externaltools.gnu-tools-for-stm32.10.3-2021.10.win32_1.0.0.202111181127/tools/bin/../lib/gcc/arm-none-eabi/10.3.1/../../../../arm-none-eabi/lib/thumb/v7-m/nofp\libc_nano.a
LOAD n:/st/stm32cubeide_1.10.1/stm32cubeide/plugins/com.st.stm32cube.ide.mcu.externaltools.gnu-tools-for-stm32.10.3-2021.10.win32_1.0.0.202111181127/tools/bin/../lib/gcc/arm-none-eabi/10.3.1/../../../../arm-none-eabi/lib/thumb/v7-m/nofp\libnosys.a
END GROUP
START GROUP
LOAD n:/st/stm32cubeide_1.10.1/stm32cubeide/plugins/com.st.stm32cube.ide.mcu.externaltools.gnu-tools-for-stm32.10.3-2021.10.win32_1.0.0.202111181127/tools/bin/../lib/gcc/arm-none-eabi/10.3.1/thumb/v7-m/nofp\libgcc.a
LOAD n:/st/stm32cubeide_1.10.1/stm32cubeide/plugins/com.st.stm32cube.ide.mcu.externaltools.gnu-tools-for-stm32.10.3-2021.10.win32_1.0.0.202111181127/tools/bin/../lib/gcc/arm-none-eabi/10.3.1/../../../../arm-none-eabi/lib/thumb/v7-m/nofp\libc_nano.a
LOAD n:/st/stm32cubeide_1.10.1/stm32cubeide/plugins/com.st.stm32cube.ide.mcu.externaltools.gnu-tools-for-stm32.10.3-2021.10.win32_1.0.0.202111181127/tools/bin/../lib/gcc/arm-none-eabi/10.3.1/../../../../arm-none-eabi/lib/thumb/v7-m/nofp\libnosys.a
END GROUP
LOAD n:/st/stm32cubeide_1.10.1/stm32cubeide/plugins/com.st.stm32cube.ide.mcu.externaltools.gnu-tools-for-stm32.10.3-2021.10.win32_1.0.0.202111181127/tools/bin/../lib/gcc/arm-none-eabi/10.3.1/thumb/v7-m/nofp/crtend.o
LOAD n:/st/stm32cubeide_1.10.1/stm32cubeide/plugins/com.st.stm32cube.ide.mcu.externaltools.gnu-tools-for-stm32.10.3-2021.10.win32_1.0.0.202111181127/tools/bin/../lib/gcc/arm-none-eabi/10.3.1/thumb/v7-m/nofp/crtn.o
                0x000000002000c000                _estack = (ORIGIN (RAM) + LENGTH (RAM))
                0x0000000000000200                _Min_Heap_Size = 0x200
                0x0000000000000400                _Min_Stack_Size = 0x400

.isr_vector     0x0000000008000000      0x1e4
                0x0000000008000000                . = ALIGN (0x4)
 *(.isr_vector)
 .isr_vector    0x0000000008000000      0x1e4 ./Core/Startup/startup_stm32f103rctx.o
                0x0000000008000000                g_pfnVectors
                0x00000000080001e4                . = ALIGN (0x4)

.text           0x00000000080001e8     0xb428
                0x00000000080001e8                . = ALIGN (0x4)
 *(.text)
 .text          0x00000000080001e8       0x40 n:/st/stm32cubeide_1.10.1/stm32cubeide/plugins/com.st.stm32cube.ide.mcu.externaltools.gnu-tools-for-stm32.10.3-2021.10.win32_1.0.0.202111181127/tools/bin/../lib/gcc/arm-none-eabi/10.3.1/thumb/v7-m/nofp/crtbegin.o
 .text          0x0000000008000228       0x14 n:/st/stm32cubeide_1.10.1/stm32cubeide/plugins/com.st.stm32cube.ide.mcu.externaltools.gnu-tools-for-stm32.10.3-2021.10.win32_1.0.0.202111181127/tools/bin/../lib/gcc/arm-none-eabi/10.3.1/../../../../arm-none-eabi/lib/thumb/v7-m/nofp\libc_nano.a(lib_a-strcmp.o)
                0x0000000008000228                strcmp
 .text          0x000000000800023c       0x10 n:/st/stm32cubeide_1.10.1/stm32cubeide/plugins/com.st.stm32cube.ide.mcu.externaltools.gnu-tools-for-stm32.10.3-2021.10.win32_1.0.0.202111181127/tools/bin/../lib/gcc/arm-none-eabi/10.3.1/../../../../arm-none-eabi/lib/thumb/v7-m/nofp\libc_nano.a(lib_a-strlen.o)
                0x000000000800023c                strlen
 .text          0x000000000800024c      0x378 n:/st/stm32cubeide_1.10.1/stm32cubeide/plugins/com.st.stm32cube.ide.mcu.externaltools.gnu-tools-for-stm32.10.3-2021.10.win32_1.0.0.202111181127/tools/bin/../lib/gcc/arm-none-eabi/10.3.1/thumb/v7-m/nofp\libgcc.a(_arm_addsubdf3.o)
                0x000000000800024c                __aeabi_drsub
                0x0000000008000254                __aeabi_dsub
                0x0000000008000254                __subdf3
                0x0000000008000258                __aeabi_dadd
                0x0000000008000258                __adddf3
                0x00000000080004d0                __floatunsidf
                0x00000000080004d0                __aeabi_ui2d
                0x00000000080004f0                __floatsidf
                0x00000000080004f0                __aeabi_i2d
                0x0000000008000514                __aeabi_f2d
                0x0000000008000514                __extendsfdf2
                0x0000000008000558                __floatundidf
                0x0000000008000558                __aeabi_ul2d
                0x0000000008000568                __floatdidf
                0x0000000008000568                __aeabi_l2d
 .text          0x00000000080005c4      0x424 n:/st/stm32cubeide_1.10.1/stm32cubeide/plugins/com.st.stm32cube.ide.mcu.externaltools.gnu-tools-for-stm32.10.3-2021.10.win32_1.0.0.202111181127/tools/bin/../lib/gcc/arm-none-eabi/10.3.1/thumb/v7-m/nofp\libgcc.a(_arm_muldivdf3.o)
                0x00000000080005c4                __aeabi_dmul
                0x00000000080005c4                __muldf3
                0x0000000008000818                __divdf3
                0x0000000008000818                __aeabi_ddiv
 .text          0x00000000080009e8      0x110 n:/st/stm32cubeide_1.10.1/stm32cubeide/plugins/com.st.stm32cube.ide.mcu.externaltools.gnu-tools-for-stm32.10.3-2021.10.win32_1.0.0.202111181127/tools/bin/../lib/gcc/arm-none-eabi/10.3.1/thumb/v7-m/nofp\libgcc.a(_arm_cmpdf2.o)
                0x00000000080009e8                __gtdf2
                0x00000000080009e8                __gedf2
                0x00000000080009f0                __ltdf2
                0x00000000080009f0                __ledf2
                0x00000000080009f8                __nedf2
                0x00000000080009f8                __eqdf2
                0x00000000080009f8                __cmpdf2
                0x0000000008000a74                __aeabi_cdrcmple
                0x0000000008000a84                __aeabi_cdcmpeq
                0x0000000008000a84                __aeabi_cdcmple
                0x0000000008000a94                __aeabi_dcmpeq
                0x0000000008000aa8                __aeabi_dcmplt
                0x0000000008000abc                __aeabi_dcmple
                0x0000000008000ad0                __aeabi_dcmpge
                0x0000000008000ae4                __aeabi_dcmpgt
 .text          0x0000000008000af8       0x2c n:/st/stm32cubeide_1.10.1/stm32cubeide/plugins/com.st.stm32cube.ide.mcu.externaltools.gnu-tools-for-stm32.10.3-2021.10.win32_1.0.0.202111181127/tools/bin/../lib/gcc/arm-none-eabi/10.3.1/thumb/v7-m/nofp\libgcc.a(_arm_unorddf2.o)
                0x0000000008000af8                __unorddf2
                0x0000000008000af8                __aeabi_dcmpun
 .text          0x0000000008000b24       0x40 n:/st/stm32cubeide_1.10.1/stm32cubeide/plugins/com.st.stm32cube.ide.mcu.externaltools.gnu-tools-for-stm32.10.3-2021.10.win32_1.0.0.202111181127/tools/bin/../lib/gcc/arm-none-eabi/10.3.1/thumb/v7-m/nofp\libgcc.a(_arm_fixunsdfsi.o)
                0x0000000008000b24                __aeabi_d2uiz
                0x0000000008000b24                __fixunsdfsi
 .text          0x0000000008000b64      0x21c n:/st/stm32cubeide_1.10.1/stm32cubeide/plugins/com.st.stm32cube.ide.mcu.externaltools.gnu-tools-for-stm32.10.3-2021.10.win32_1.0.0.202111181127/tools/bin/../lib/gcc/arm-none-eabi/10.3.1/thumb/v7-m/nofp\libgcc.a(_arm_addsubsf3.o)
                0x0000000008000b64                __aeabi_frsub
                0x0000000008000b6c                __subsf3
                0x0000000008000b6c                __aeabi_fsub
                0x0000000008000b70                __aeabi_fadd
                0x0000000008000b70                __addsf3
                0x0000000008000cd0                __aeabi_ui2f
                0x0000000008000cd0                __floatunsisf
                0x0000000008000cd8                __aeabi_i2f
                0x0000000008000cd8                __floatsisf
                0x0000000008000cf4                __aeabi_ul2f
                0x0000000008000cf4                __floatundisf
                0x0000000008000d04                __aeabi_l2f
                0x0000000008000d04                __floatdisf
 .text          0x0000000008000d80      0x2a0 n:/st/stm32cubeide_1.10.1/stm32cubeide/plugins/com.st.stm32cube.ide.mcu.externaltools.gnu-tools-for-stm32.10.3-2021.10.win32_1.0.0.202111181127/tools/bin/../lib/gcc/arm-none-eabi/10.3.1/thumb/v7-m/nofp\libgcc.a(_arm_muldivsf3.o)
                0x0000000008000d80                __mulsf3
                0x0000000008000d80                __aeabi_fmul
                0x0000000008000ee8                __aeabi_fdiv
                0x0000000008000ee8                __divsf3
 .text          0x0000000008001020       0x4c n:/st/stm32cubeide_1.10.1/stm32cubeide/plugins/com.st.stm32cube.ide.mcu.externaltools.gnu-tools-for-stm32.10.3-2021.10.win32_1.0.0.202111181127/tools/bin/../lib/gcc/arm-none-eabi/10.3.1/thumb/v7-m/nofp\libgcc.a(_arm_fixsfsi.o)
                0x0000000008001020                __aeabi_f2iz
                0x0000000008001020                __fixsfsi
 .text          0x000000000800106c       0x40 n:/st/stm32cubeide_1.10.1/stm32cubeide/plugins/com.st.stm32cube.ide.mcu.externaltools.gnu-tools-for-stm32.10.3-2021.10.win32_1.0.0.202111181127/tools/bin/../lib/gcc/arm-none-eabi/10.3.1/thumb/v7-m/nofp\libgcc.a(_arm_fixunssfsi.o)
                0x000000000800106c                __fixunssfsi
                0x000000000800106c                __aeabi_f2uiz
 *(.text*)
 .text.AT24CXX_Init
                0x00000000080010ac        0xc ./Core/Src/24cxx.o
                0x00000000080010ac                AT24CXX_Init
 .text.AT24CXX_ReadOneByte
                0x00000000080010b8       0x60 ./Core/Src/24cxx.o
                0x00000000080010b8                AT24CXX_ReadOneByte
 .text.AT24CXX_WriteOneByte
                0x0000000008001118       0x5a ./Core/Src/24cxx.o
                0x0000000008001118                AT24CXX_WriteOneByte
 .text.AT24CXX_Read
                0x0000000008001172       0x3e ./Core/Src/24cxx.o
                0x0000000008001172                AT24CXX_Read
 .text.AT24CXX_Write
                0x00000000080011b0       0x40 ./Core/Src/24cxx.o
                0x00000000080011b0                AT24CXX_Write
 .text.CT_Delay
                0x00000000080011f0        0xe ./Core/Src/ctiic.o
                0x00000000080011f0                CT_Delay
 *fill*         0x00000000080011fe        0x2 
 .text.CT_IIC_Init
                0x0000000008001200       0x60 ./Core/Src/ctiic.o
                0x0000000008001200                CT_IIC_Init
 .text.CT_IIC_Start
                0x0000000008001260       0x50 ./Core/Src/ctiic.o
                0x0000000008001260                CT_IIC_Start
 .text.CT_IIC_Stop
                0x00000000080012b0       0x48 ./Core/Src/ctiic.o
                0x00000000080012b0                CT_IIC_Stop
 .text.CT_IIC_Wait_Ack
                0x00000000080012f8       0x74 ./Core/Src/ctiic.o
                0x00000000080012f8                CT_IIC_Wait_Ack
 .text.CT_IIC_Ack
                0x000000000800136c       0x50 ./Core/Src/ctiic.o
                0x000000000800136c                CT_IIC_Ack
 .text.CT_IIC_NAck
                0x00000000080013bc       0x50 ./Core/Src/ctiic.o
                0x00000000080013bc                CT_IIC_NAck
 .text.CT_IIC_Send_Byte
                0x000000000800140c       0x78 ./Core/Src/ctiic.o
                0x000000000800140c                CT_IIC_Send_Byte
 .text.CT_IIC_Read_Byte
                0x0000000008001484       0x88 ./Core/Src/ctiic.o
                0x0000000008001484                CT_IIC_Read_Byte
 .text.delay_init
                0x000000000800150c       0x24 ./Core/Src/delay.o
                0x000000000800150c                delay_init
 .text.delay_us
                0x0000000008001530       0x7c ./Core/Src/delay.o
                0x0000000008001530                delay_us
 .text.delay_ms
                0x00000000080015ac       0x30 ./Core/Src/delay.o
                0x00000000080015ac                delay_ms
 .text.FT5206_WR_Reg
                0x00000000080015dc       0x72 ./Core/Src/ft5206.o
                0x00000000080015dc                FT5206_WR_Reg
 .text.FT5206_RD_Reg
                0x000000000800164e       0x7c ./Core/Src/ft5206.o
                0x000000000800164e                FT5206_RD_Reg
 *fill*         0x00000000080016ca        0x2 
 .text.FT5206_Init
                0x00000000080016cc       0xf4 ./Core/Src/ft5206.o
                0x00000000080016cc                FT5206_Init
 .text.FT5206_Scan
                0x00000000080017c0      0x230 ./Core/Src/ft5206.o
                0x00000000080017c0                FT5206_Scan
 .text.GT9147_Send_Cfg
                0x00000000080019f0       0x68 ./Core/Src/gt9147.o
                0x00000000080019f0                GT9147_Send_Cfg
 .text.GT9147_WR_Reg
                0x0000000008001a58       0x84 ./Core/Src/gt9147.o
                0x0000000008001a58                GT9147_WR_Reg
 .text.GT9147_RD_Reg
                0x0000000008001adc       0x8e ./Core/Src/gt9147.o
                0x0000000008001adc                GT9147_RD_Reg
 *fill*         0x0000000008001b6a        0x2 
 .text.GT9147_Init
                0x0000000008001b6c      0x138 ./Core/Src/gt9147.o
                0x0000000008001b6c                GT9147_Init
 .text.GT9147_Scan
                0x0000000008001ca4      0x274 ./Core/Src/gt9147.o
                0x0000000008001ca4                GT9147_Scan
 .text.KEY_Init
                0x0000000008001f18       0x90 ./Core/Src/key.o
                0x0000000008001f18                KEY_Init
 .text.KEY_Scan
                0x0000000008001fa8       0xdc ./Core/Src/key.o
                0x0000000008001fa8                KEY_Scan
 .text.LCD_WR_REG
                0x0000000008002084       0x48 ./Core/Src/lcd.o
                0x0000000008002084                LCD_WR_REG
 .text.LCD_WR_DATAX
                0x00000000080020cc       0x48 ./Core/Src/lcd.o
                0x00000000080020cc                LCD_WR_DATAX
 .text.opt_delay
                0x0000000008002114       0x22 ./Core/Src/lcd.o
                0x0000000008002114                opt_delay
 *fill*         0x0000000008002136        0x2 
 .text.LCD_RD_DATA
                0x0000000008002138       0x78 ./Core/Src/lcd.o
                0x0000000008002138                LCD_RD_DATA
 .text.LCD_WriteReg
                0x00000000080021b0       0x54 ./Core/Src/lcd.o
                0x00000000080021b0                LCD_WriteReg
 .text.LCD_WriteRAM_Prepare
                0x0000000008002204       0x18 ./Core/Src/lcd.o
                0x0000000008002204                LCD_WriteRAM_Prepare
 .text.LCD_SetCursor
                0x000000000800221c      0x454 ./Core/Src/lcd.o
                0x000000000800221c                LCD_SetCursor
 .text.LCD_Scan_Dir
                0x0000000008002670      0x52c ./Core/Src/lcd.o
                0x0000000008002670                LCD_Scan_Dir
 .text.LCD_DrawPoint
                0x0000000008002b9c       0x60 ./Core/Src/lcd.o
                0x0000000008002b9c                LCD_DrawPoint
 .text.LCD_Fast_DrawPoint
                0x0000000008002bfc      0x3f4 ./Core/Src/lcd.o
                0x0000000008002bfc                LCD_Fast_DrawPoint
 .text.LCD_SSD_BackLightSet
                0x0000000008002ff0      0x148 ./Core/Src/lcd.o
                0x0000000008002ff0                LCD_SSD_BackLightSet
 .text.LCD_Display_Dir
                0x0000000008003138      0x170 ./Core/Src/lcd.o
                0x0000000008003138                LCD_Display_Dir
 .text.LCD_Init
                0x00000000080032a8     0x2c24 ./Core/Src/lcd.o
                0x00000000080032a8                LCD_Init
 .text.LCD_Clear
                0x0000000008005ecc       0x84 ./Core/Src/lcd.o
                0x0000000008005ecc                LCD_Clear
 .text.LCD_Fill
                0x0000000008005f50       0xa4 ./Core/Src/lcd.o
                0x0000000008005f50                LCD_Fill
 .text.LCD_DrawLine
                0x0000000008005ff4      0x108 ./Core/Src/lcd.o
                0x0000000008005ff4                LCD_DrawLine
 .text.LCD_Draw_Circle
                0x00000000080060fc      0x13a ./Core/Src/lcd.o
                0x00000000080060fc                LCD_Draw_Circle
 *fill*         0x0000000008006236        0x2 
 .text.LCD_ShowChar
                0x0000000008006238      0x15c ./Core/Src/lcd.o
                0x0000000008006238                LCD_ShowChar
 .text.LCD_Pow  0x0000000008006394       0x36 ./Core/Src/lcd.o
                0x0000000008006394                LCD_Pow
 *fill*         0x00000000080063ca        0x2 
 .text.LCD_ShowNum
                0x00000000080063cc       0xe4 ./Core/Src/lcd.o
                0x00000000080063cc                LCD_ShowNum
 .text.LCD_ShowString
                0x00000000080064b0       0x9a ./Core/Src/lcd.o
                0x00000000080064b0                LCD_ShowString
 *fill*         0x000000000800654a        0x2 
 .text.LCD_ShowImage2
                0x000000000800654c       0xd4 ./Core/Src/lcd.o
                0x000000000800654c                LCD_ShowImage2
 .text.LED_Init
                0x0000000008006620       0x90 ./Core/Src/led.o
                0x0000000008006620                LED_Init
 .text.Load_Drow_Dialog
                0x00000000080066b0       0x48 ./Core/Src/main.o
                0x00000000080066b0                Load_Drow_Dialog
 .text.gui_draw_hline
                0x00000000080066f8       0x4a ./Core/Src/main.o
                0x00000000080066f8                gui_draw_hline
 *fill*         0x0000000008006742        0x2 
 .text.gui_fill_circle
                0x0000000008006744      0x138 ./Core/Src/main.o
                0x0000000008006744                gui_fill_circle
 .text.screen_print
                0x000000000800687c       0x98 ./Core/Src/main.o
                0x000000000800687c                screen_print
 .text.screen_norm_print
                0x0000000008006914       0x90 ./Core/Src/main.o
                0x0000000008006914                screen_norm_print
 .text.change_state
                0x00000000080069a4       0x40 ./Core/Src/main.o
                0x00000000080069a4                change_state
 .text.lcd_draw_bline
                0x00000000080069e4      0x140 ./Core/Src/main.o
                0x00000000080069e4                lcd_draw_bline
 .text.rtp_test
                0x0000000008006b24      0x170 ./Core/Src/main.o
                0x0000000008006b24                rtp_test
 .text.ctp_test
                0x0000000008006c94      0x1bc ./Core/Src/main.o
                0x0000000008006c94                ctp_test
 .text.main     0x0000000008006e50       0xf8 ./Core/Src/main.o
                0x0000000008006e50                main
 .text.SystemClock_Config
                0x0000000008006f48       0x8a ./Core/Src/main.o
                0x0000000008006f48                SystemClock_Config
 *fill*         0x0000000008006fd2        0x2 
 .text.MX_SPI1_Init
                0x0000000008006fd4       0x6c ./Core/Src/main.o
 .text.MX_USART1_UART_Init
                0x0000000008007040       0x54 ./Core/Src/main.o
 .text.MX_GPIO_Init
                0x0000000008007094       0x44 ./Core/Src/main.o
 .text.Error_Handler
                0x00000000080070d8        0xa ./Core/Src/main.o
                0x00000000080070d8                Error_Handler
 *fill*         0x00000000080070e2        0x2 
 .text.IIC_Init
                0x00000000080070e4       0x60 ./Core/Src/myiic.o
                0x00000000080070e4                IIC_Init
 .text.IIC_Start
                0x0000000008007144       0x50 ./Core/Src/myiic.o
                0x0000000008007144                IIC_Start
 .text.IIC_Stop
                0x0000000008007194       0x50 ./Core/Src/myiic.o
                0x0000000008007194                IIC_Stop
 .text.IIC_Wait_Ack
                0x00000000080071e4       0x78 ./Core/Src/myiic.o
                0x00000000080071e4                IIC_Wait_Ack
 .text.IIC_Ack  0x000000000800725c       0x50 ./Core/Src/myiic.o
                0x000000000800725c                IIC_Ack
 .text.IIC_NAck
                0x00000000080072ac       0x50 ./Core/Src/myiic.o
                0x00000000080072ac                IIC_NAck
 .text.IIC_Send_Byte
                0x00000000080072fc       0x80 ./Core/Src/myiic.o
                0x00000000080072fc                IIC_Send_Byte
 .text.IIC_Read_Byte
                0x000000000800737c       0x8c ./Core/Src/myiic.o
                0x000000000800737c                IIC_Read_Byte
 .text.OTT2001A_WR_Reg
                0x0000000008007408       0x84 ./Core/Src/ott2001a.o
                0x0000000008007408                OTT2001A_WR_Reg
 .text.OTT2001A_RD_Reg
                0x000000000800748c       0x8e ./Core/Src/ott2001a.o
                0x000000000800748c                OTT2001A_RD_Reg
 .text.OTT2001A_SensorControl
                0x000000000800751a       0x30 ./Core/Src/ott2001a.o
                0x000000000800751a                OTT2001A_SensorControl
 *fill*         0x000000000800754a        0x2 
 .text.OTT2001A_Init
                0x000000000800754c       0xb0 ./Core/Src/ott2001a.o
                0x000000000800754c                OTT2001A_Init
 *fill*         0x00000000080075fc        0x4 
 .text.OTT2001A_Scan
                0x0000000008007600      0x254 ./Core/Src/ott2001a.o
                0x0000000008007600                OTT2001A_Scan
 .text.HAL_MspInit
                0x0000000008007854       0x64 ./Core/Src/stm32f1xx_hal_msp.o
                0x0000000008007854                HAL_MspInit
 .text.HAL_SPI_MspInit
                0x00000000080078b8       0x94 ./Core/Src/stm32f1xx_hal_msp.o
                0x00000000080078b8                HAL_SPI_MspInit
 .text.HAL_UART_MspInit
                0x000000000800794c       0xa8 ./Core/Src/stm32f1xx_hal_msp.o
                0x000000000800794c                HAL_UART_MspInit
 .text.NMI_Handler
                0x00000000080079f4        0x6 ./Core/Src/stm32f1xx_it.o
                0x00000000080079f4                NMI_Handler
 .text.HardFault_Handler
                0x00000000080079fa        0x6 ./Core/Src/stm32f1xx_it.o
                0x00000000080079fa                HardFault_Handler
 .text.MemManage_Handler
                0x0000000008007a00        0x6 ./Core/Src/stm32f1xx_it.o
                0x0000000008007a00                MemManage_Handler
 .text.BusFault_Handler
                0x0000000008007a06        0x6 ./Core/Src/stm32f1xx_it.o
                0x0000000008007a06                BusFault_Handler
 .text.UsageFault_Handler
                0x0000000008007a0c        0x6 ./Core/Src/stm32f1xx_it.o
                0x0000000008007a0c                UsageFault_Handler
 .text.SVC_Handler
                0x0000000008007a12        0xc ./Core/Src/stm32f1xx_it.o
                0x0000000008007a12                SVC_Handler
 .text.DebugMon_Handler
                0x0000000008007a1e        0xc ./Core/Src/stm32f1xx_it.o
                0x0000000008007a1e                DebugMon_Handler
 .text.PendSV_Handler
                0x0000000008007a2a        0xc ./Core/Src/stm32f1xx_it.o
                0x0000000008007a2a                PendSV_Handler
 .text.SysTick_Handler
                0x0000000008007a36        0xc ./Core/Src/stm32f1xx_it.o
                0x0000000008007a36                SysTick_Handler
 .text.Stm32_Clock_Init
                0x0000000008007a42       0x7e ./Core/Src/sys.o
                0x0000000008007a42                Stm32_Clock_Init
 .text._read    0x0000000008007ac0       0x3a ./Core/Src/syscalls.o
                0x0000000008007ac0                _read
 .text._write   0x0000000008007afa       0x38 ./Core/Src/syscalls.o
                0x0000000008007afa                _write
 .text._close   0x0000000008007b32       0x16 ./Core/Src/syscalls.o
                0x0000000008007b32                _close
 .text._fstat   0x0000000008007b48       0x1e ./Core/Src/syscalls.o
                0x0000000008007b48                _fstat
 .text._isatty  0x0000000008007b66       0x14 ./Core/Src/syscalls.o
                0x0000000008007b66                _isatty
 .text._lseek   0x0000000008007b7a       0x18 ./Core/Src/syscalls.o
                0x0000000008007b7a                _lseek
 *fill*         0x0000000008007b92        0x2 
 .text._sbrk    0x0000000008007b94       0x6c ./Core/Src/sysmem.o
                0x0000000008007b94                _sbrk
 .text.SystemInit
                0x0000000008007c00        0xc ./Core/Src/system_stm32f1xx.o
                0x0000000008007c00                SystemInit
 .text.TP_Write_Byte
                0x0000000008007c0c       0x60 ./Core/Src/touch.o
                0x0000000008007c0c                TP_Write_Byte
 .text.TP_Read_AD
                0x0000000008007c6c       0xb0 ./Core/Src/touch.o
                0x0000000008007c6c                TP_Read_AD
 .text.TP_Read_XOY
                0x0000000008007d1c       0xf4 ./Core/Src/touch.o
                0x0000000008007d1c                TP_Read_XOY
 .text.TP_Read_XY
                0x0000000008007e10       0x44 ./Core/Src/touch.o
                0x0000000008007e10                TP_Read_XY
 .text.TP_Read_XY2
                0x0000000008007e54       0xc4 ./Core/Src/touch.o
                0x0000000008007e54                TP_Read_XY2
 .text.TP_Drow_Touch_Point
                0x0000000008007f18       0xa8 ./Core/Src/touch.o
                0x0000000008007f18                TP_Drow_Touch_Point
 .text.TP_Draw_Big_Point
                0x0000000008007fc0       0x64 ./Core/Src/touch.o
                0x0000000008007fc0                TP_Draw_Big_Point
 .text.TP_Scan  0x0000000008008024      0x13c ./Core/Src/touch.o
                0x0000000008008024                TP_Scan
 .text.TP_Save_Adjdata
                0x0000000008008160       0x20 ./Core/Src/touch.o
                0x0000000008008160                TP_Save_Adjdata
 .text.TP_Get_Adjdata
                0x0000000008008180       0x64 ./Core/Src/touch.o
                0x0000000008008180                TP_Get_Adjdata
 .text.TP_Adj_Info_Show
                0x00000000080081e4      0x1c4 ./Core/Src/touch.o
                0x00000000080081e4                TP_Adj_Info_Show
 .text.TP_Adjust
                0x00000000080083a8      0x878 ./Core/Src/touch.o
                0x00000000080083a8                TP_Adjust
 .text.TP_Init  0x0000000008008c20      0x154 ./Core/Src/touch.o
                0x0000000008008c20                TP_Init
 .text.Reset_Handler
                0x0000000008008d74       0x48 ./Core/Startup/startup_stm32f103rctx.o
                0x0000000008008d74                Reset_Handler
 .text.Default_Handler
                0x0000000008008dbc        0x2 ./Core/Startup/startup_stm32f103rctx.o
                0x0000000008008dbc                RTC_Alarm_IRQHandler
                0x0000000008008dbc                EXTI2_IRQHandler
                0x0000000008008dbc                TIM8_TRG_COM_IRQHandler
                0x0000000008008dbc                TIM8_CC_IRQHandler
                0x0000000008008dbc                TIM1_CC_IRQHandler
                0x0000000008008dbc                TIM6_IRQHandler
                0x0000000008008dbc                PVD_IRQHandler
                0x0000000008008dbc                SDIO_IRQHandler
                0x0000000008008dbc                EXTI3_IRQHandler
                0x0000000008008dbc                EXTI0_IRQHandler
                0x0000000008008dbc                I2C2_EV_IRQHandler
                0x0000000008008dbc                ADC1_2_IRQHandler
                0x0000000008008dbc                SPI1_IRQHandler
                0x0000000008008dbc                TAMPER_IRQHandler
                0x0000000008008dbc                TIM8_UP_IRQHandler
                0x0000000008008dbc                DMA2_Channel2_IRQHandler
                0x0000000008008dbc                DMA1_Channel4_IRQHandler
                0x0000000008008dbc                USART3_IRQHandler
                0x0000000008008dbc                RTC_IRQHandler
                0x0000000008008dbc                DMA1_Channel7_IRQHandler
                0x0000000008008dbc                CAN1_RX1_IRQHandler
                0x0000000008008dbc                UART5_IRQHandler
                0x0000000008008dbc                ADC3_IRQHandler
                0x0000000008008dbc                TIM4_IRQHandler
                0x0000000008008dbc                DMA2_Channel1_IRQHandler
                0x0000000008008dbc                I2C1_EV_IRQHandler
                0x0000000008008dbc                DMA1_Channel6_IRQHandler
                0x0000000008008dbc                UART4_IRQHandler
                0x0000000008008dbc                TIM3_IRQHandler
                0x0000000008008dbc                RCC_IRQHandler
                0x0000000008008dbc                TIM1_TRG_COM_IRQHandler
                0x0000000008008dbc                DMA1_Channel1_IRQHandler
                0x0000000008008dbc                Default_Handler
                0x0000000008008dbc                EXTI15_10_IRQHandler
                0x0000000008008dbc                TIM7_IRQHandler
                0x0000000008008dbc                TIM5_IRQHandler
                0x0000000008008dbc                EXTI9_5_IRQHandler
                0x0000000008008dbc                SPI2_IRQHandler
                0x0000000008008dbc                DMA1_Channel5_IRQHandler
                0x0000000008008dbc                EXTI4_IRQHandler
                0x0000000008008dbc                USB_LP_CAN1_RX0_IRQHandler
                0x0000000008008dbc                USB_HP_CAN1_TX_IRQHandler
                0x0000000008008dbc                DMA1_Channel3_IRQHandler
                0x0000000008008dbc                FSMC_IRQHandler
                0x0000000008008dbc                TIM1_UP_IRQHandler
                0x0000000008008dbc                WWDG_IRQHandler
                0x0000000008008dbc                TIM2_IRQHandler
                0x0000000008008dbc                TIM1_BRK_IRQHandler
                0x0000000008008dbc                EXTI1_IRQHandler
                0x0000000008008dbc                DMA2_Channel4_5_IRQHandler
                0x0000000008008dbc                USART2_IRQHandler
                0x0000000008008dbc                I2C2_ER_IRQHandler
                0x0000000008008dbc                DMA1_Channel2_IRQHandler
                0x0000000008008dbc                TIM8_BRK_IRQHandler
                0x0000000008008dbc                CAN1_SCE_IRQHandler
                0x0000000008008dbc                FLASH_IRQHandler
                0x0000000008008dbc                USART1_IRQHandler
                0x0000000008008dbc                SPI3_IRQHandler
                0x0000000008008dbc                I2C1_ER_IRQHandler
                0x0000000008008dbc                USBWakeUp_IRQHandler
                0x0000000008008dbc                DMA2_Channel3_IRQHandler
 *fill*         0x0000000008008dbe        0x2 
 .text.HAL_Init
                0x0000000008008dc0       0x2c ./Drivers/STM32F1xx_HAL_Driver/Src/stm32f1xx_hal.o
                0x0000000008008dc0                HAL_Init
 .text.HAL_InitTick
                0x0000000008008dec       0x60 ./Drivers/STM32F1xx_HAL_Driver/Src/stm32f1xx_hal.o
                0x0000000008008dec                HAL_InitTick
 .text.HAL_IncTick
                0x0000000008008e4c       0x24 ./Drivers/STM32F1xx_HAL_Driver/Src/stm32f1xx_hal.o
                0x0000000008008e4c                HAL_IncTick
 .text.HAL_GetTick
                0x0000000008008e70       0x14 ./Drivers/STM32F1xx_HAL_Driver/Src/stm32f1xx_hal.o
                0x0000000008008e70                HAL_GetTick
 .text.__NVIC_SetPriorityGrouping
                0x0000000008008e84       0x48 ./Drivers/STM32F1xx_HAL_Driver/Src/stm32f1xx_hal_cortex.o
 .text.__NVIC_GetPriorityGrouping
                0x0000000008008ecc       0x1c ./Drivers/STM32F1xx_HAL_Driver/Src/stm32f1xx_hal_cortex.o
 .text.__NVIC_EnableIRQ
                0x0000000008008ee8       0x38 ./Drivers/STM32F1xx_HAL_Driver/Src/stm32f1xx_hal_cortex.o
 .text.__NVIC_SetPriority
                0x0000000008008f20       0x54 ./Drivers/STM32F1xx_HAL_Driver/Src/stm32f1xx_hal_cortex.o
 .text.NVIC_EncodePriority
                0x0000000008008f74       0x64 ./Drivers/STM32F1xx_HAL_Driver/Src/stm32f1xx_hal_cortex.o
 .text.SysTick_Config
                0x0000000008008fd8       0x44 ./Drivers/STM32F1xx_HAL_Driver/Src/stm32f1xx_hal_cortex.o
 .text.HAL_NVIC_SetPriorityGrouping
                0x000000000800901c       0x16 ./Drivers/STM32F1xx_HAL_Driver/Src/stm32f1xx_hal_cortex.o
                0x000000000800901c                HAL_NVIC_SetPriorityGrouping
 .text.HAL_NVIC_SetPriority
                0x0000000008009032       0x38 ./Drivers/STM32F1xx_HAL_Driver/Src/stm32f1xx_hal_cortex.o
                0x0000000008009032                HAL_NVIC_SetPriority
 .text.HAL_NVIC_EnableIRQ
                0x000000000800906a       0x1c ./Drivers/STM32F1xx_HAL_Driver/Src/stm32f1xx_hal_cortex.o
                0x000000000800906a                HAL_NVIC_EnableIRQ
 .text.HAL_SYSTICK_Config
                0x0000000008009086       0x18 ./Drivers/STM32F1xx_HAL_Driver/Src/stm32f1xx_hal_cortex.o
                0x0000000008009086                HAL_SYSTICK_Config
 *fill*         0x000000000800909e        0x2 
 .text.HAL_SYSTICK_CLKSourceConfig
                0x00000000080090a0       0x38 ./Drivers/STM32F1xx_HAL_Driver/Src/stm32f1xx_hal_cortex.o
                0x00000000080090a0                HAL_SYSTICK_CLKSourceConfig
 .text.HAL_GPIO_Init
                0x00000000080090d8      0x328 ./Drivers/STM32F1xx_HAL_Driver/Src/stm32f1xx_hal_gpio.o
                0x00000000080090d8                HAL_GPIO_Init
 .text.HAL_GPIO_ReadPin
                0x0000000008009400       0x2e ./Drivers/STM32F1xx_HAL_Driver/Src/stm32f1xx_hal_gpio.o
                0x0000000008009400                HAL_GPIO_ReadPin
 .text.HAL_GPIO_WritePin
                0x000000000800942e       0x30 ./Drivers/STM32F1xx_HAL_Driver/Src/stm32f1xx_hal_gpio.o
                0x000000000800942e                HAL_GPIO_WritePin
 *fill*         0x000000000800945e        0x2 
 .text.HAL_RCC_OscConfig
                0x0000000008009460      0x504 ./Drivers/STM32F1xx_HAL_Driver/Src/stm32f1xx_hal_rcc.o
                0x0000000008009460                HAL_RCC_OscConfig
 .text.HAL_RCC_ClockConfig
                0x0000000008009964      0x1d4 ./Drivers/STM32F1xx_HAL_Driver/Src/stm32f1xx_hal_rcc.o
                0x0000000008009964                HAL_RCC_ClockConfig
 .text.HAL_RCC_GetSysClockFreq
                0x0000000008009b38       0xbc ./Drivers/STM32F1xx_HAL_Driver/Src/stm32f1xx_hal_rcc.o
                0x0000000008009b38                HAL_RCC_GetSysClockFreq
 .text.HAL_RCC_GetHCLKFreq
                0x0000000008009bf4       0x14 ./Drivers/STM32F1xx_HAL_Driver/Src/stm32f1xx_hal_rcc.o
                0x0000000008009bf4                HAL_RCC_GetHCLKFreq
 .text.HAL_RCC_GetPCLK1Freq
                0x0000000008009c08       0x28 ./Drivers/STM32F1xx_HAL_Driver/Src/stm32f1xx_hal_rcc.o
                0x0000000008009c08                HAL_RCC_GetPCLK1Freq
 .text.HAL_RCC_GetPCLK2Freq
                0x0000000008009c30       0x28 ./Drivers/STM32F1xx_HAL_Driver/Src/stm32f1xx_hal_rcc.o
                0x0000000008009c30                HAL_RCC_GetPCLK2Freq
 .text.RCC_Delay
                0x0000000008009c58       0x3c ./Drivers/STM32F1xx_HAL_Driver/Src/stm32f1xx_hal_rcc.o
 .text.HAL_SPI_Init
                0x0000000008009c94      0x108 ./Drivers/STM32F1xx_HAL_Driver/Src/stm32f1xx_hal_spi.o
                0x0000000008009c94                HAL_SPI_Init
 .text.HAL_UART_Init
                0x0000000008009d9c       0x9a ./Drivers/STM32F1xx_HAL_Driver/Src/stm32f1xx_hal_uart.o
                0x0000000008009d9c                HAL_UART_Init
 .text.HAL_UART_Transmit
                0x0000000008009e36      0x124 ./Drivers/STM32F1xx_HAL_Driver/Src/stm32f1xx_hal_uart.o
                0x0000000008009e36                HAL_UART_Transmit
 .text.UART_WaitOnFlagUntilTimeout
                0x0000000008009f5a       0x94 ./Drivers/STM32F1xx_HAL_Driver/Src/stm32f1xx_hal_uart.o
 *fill*         0x0000000008009fee        0x2 
 .text.UART_SetConfig
                0x0000000008009ff0      0x11c ./Drivers/STM32F1xx_HAL_Driver/Src/stm32f1xx_hal_uart.o
 .text.__errno  0x000000000800a10c        0xc n:/st/stm32cubeide_1.10.1/stm32cubeide/plugins/com.st.stm32cube.ide.mcu.externaltools.gnu-tools-for-stm32.10.3-2021.10.win32_1.0.0.202111181127/tools/bin/../lib/gcc/arm-none-eabi/10.3.1/../../../../arm-none-eabi/lib/thumb/v7-m/nofp\libc_nano.a(lib_a-errno.o)
                0x000000000800a10c                __errno
 .text.__libc_init_array
                0x000000000800a118       0x48 n:/st/stm32cubeide_1.10.1/stm32cubeide/plugins/com.st.stm32cube.ide.mcu.externaltools.gnu-tools-for-stm32.10.3-2021.10.win32_1.0.0.202111181127/tools/bin/../lib/gcc/arm-none-eabi/10.3.1/../../../../arm-none-eabi/lib/thumb/v7-m/nofp\libc_nano.a(lib_a-init.o)
                0x000000000800a118                __libc_init_array
 .text.memset   0x000000000800a160       0x10 n:/st/stm32cubeide_1.10.1/stm32cubeide/plugins/com.st.stm32cube.ide.mcu.externaltools.gnu-tools-for-stm32.10.3-2021.10.win32_1.0.0.202111181127/tools/bin/../lib/gcc/arm-none-eabi/10.3.1/../../../../arm-none-eabi/lib/thumb/v7-m/nofp\libc_nano.a(lib_a-memset.o)
                0x000000000800a160                memset
 .text.printf   0x000000000800a170       0x30 n:/st/stm32cubeide_1.10.1/stm32cubeide/plugins/com.st.stm32cube.ide.mcu.externaltools.gnu-tools-for-stm32.10.3-2021.10.win32_1.0.0.202111181127/tools/bin/../lib/gcc/arm-none-eabi/10.3.1/../../../../arm-none-eabi/lib/thumb/v7-m/nofp\libc_nano.a(lib_a-printf.o)
                0x000000000800a170                iprintf
                0x000000000800a170                printf
 .text.sprintf  0x000000000800a1a0       0x40 n:/st/stm32cubeide_1.10.1/stm32cubeide/plugins/com.st.stm32cube.ide.mcu.externaltools.gnu-tools-for-stm32.10.3-2021.10.win32_1.0.0.202111181127/tools/bin/../lib/gcc/arm-none-eabi/10.3.1/../../../../arm-none-eabi/lib/thumb/v7-m/nofp\libc_nano.a(lib_a-sprintf.o)
                0x000000000800a1a0                siprintf
                0x000000000800a1a0                sprintf
 .text.std      0x000000000800a1e0       0x48 n:/st/stm32cubeide_1.10.1/stm32cubeide/plugins/com.st.stm32cube.ide.mcu.externaltools.gnu-tools-for-stm32.10.3-2021.10.win32_1.0.0.202111181127/tools/bin/../lib/gcc/arm-none-eabi/10.3.1/../../../../arm-none-eabi/lib/thumb/v7-m/nofp\libc_nano.a(lib_a-findfp.o)
 .text._cleanup_r
                0x000000000800a228        0xc n:/st/stm32cubeide_1.10.1/stm32cubeide/plugins/com.st.stm32cube.ide.mcu.externaltools.gnu-tools-for-stm32.10.3-2021.10.win32_1.0.0.202111181127/tools/bin/../lib/gcc/arm-none-eabi/10.3.1/../../../../arm-none-eabi/lib/thumb/v7-m/nofp\libc_nano.a(lib_a-findfp.o)
                0x000000000800a228                _cleanup_r
 .text.__sfmoreglue
                0x000000000800a234       0x2c n:/st/stm32cubeide_1.10.1/stm32cubeide/plugins/com.st.stm32cube.ide.mcu.externaltools.gnu-tools-for-stm32.10.3-2021.10.win32_1.0.0.202111181127/tools/bin/../lib/gcc/arm-none-eabi/10.3.1/../../../../arm-none-eabi/lib/thumb/v7-m/nofp\libc_nano.a(lib_a-findfp.o)
                0x000000000800a234                __sfmoreglue
 .text.__sfp_lock_acquire
                0x000000000800a260        0xc n:/st/stm32cubeide_1.10.1/stm32cubeide/plugins/com.st.stm32cube.ide.mcu.externaltools.gnu-tools-for-stm32.10.3-2021.10.win32_1.0.0.202111181127/tools/bin/../lib/gcc/arm-none-eabi/10.3.1/../../../../arm-none-eabi/lib/thumb/v7-m/nofp\libc_nano.a(lib_a-findfp.o)
                0x000000000800a260                __sfp_lock_acquire
 .text.__sfp_lock_release
                0x000000000800a26c        0xc n:/st/stm32cubeide_1.10.1/stm32cubeide/plugins/com.st.stm32cube.ide.mcu.externaltools.gnu-tools-for-stm32.10.3-2021.10.win32_1.0.0.202111181127/tools/bin/../lib/gcc/arm-none-eabi/10.3.1/../../../../arm-none-eabi/lib/thumb/v7-m/nofp\libc_nano.a(lib_a-findfp.o)
                0x000000000800a26c                __sfp_lock_release
 .text.__sinit_lock_acquire
                0x000000000800a278        0xc n:/st/stm32cubeide_1.10.1/stm32cubeide/plugins/com.st.stm32cube.ide.mcu.externaltools.gnu-tools-for-stm32.10.3-2021.10.win32_1.0.0.202111181127/tools/bin/../lib/gcc/arm-none-eabi/10.3.1/../../../../arm-none-eabi/lib/thumb/v7-m/nofp\libc_nano.a(lib_a-findfp.o)
                0x000000000800a278                __sinit_lock_acquire
 .text.__sinit_lock_release
                0x000000000800a284        0xc n:/st/stm32cubeide_1.10.1/stm32cubeide/plugins/com.st.stm32cube.ide.mcu.externaltools.gnu-tools-for-stm32.10.3-2021.10.win32_1.0.0.202111181127/tools/bin/../lib/gcc/arm-none-eabi/10.3.1/../../../../arm-none-eabi/lib/thumb/v7-m/nofp\libc_nano.a(lib_a-findfp.o)
                0x000000000800a284                __sinit_lock_release
 .text.__sinit  0x000000000800a290       0x70 n:/st/stm32cubeide_1.10.1/stm32cubeide/plugins/com.st.stm32cube.ide.mcu.externaltools.gnu-tools-for-stm32.10.3-2021.10.win32_1.0.0.202111181127/tools/bin/../lib/gcc/arm-none-eabi/10.3.1/../../../../arm-none-eabi/lib/thumb/v7-m/nofp\libc_nano.a(lib_a-findfp.o)
                0x000000000800a290                __sinit
 .text.__sfp    0x000000000800a300       0x8c n:/st/stm32cubeide_1.10.1/stm32cubeide/plugins/com.st.stm32cube.ide.mcu.externaltools.gnu-tools-for-stm32.10.3-2021.10.win32_1.0.0.202111181127/tools/bin/../lib/gcc/arm-none-eabi/10.3.1/../../../../arm-none-eabi/lib/thumb/v7-m/nofp\libc_nano.a(lib_a-findfp.o)
                0x000000000800a300                __sfp
 .text._fwalk_reent
                0x000000000800a38c       0x3e n:/st/stm32cubeide_1.10.1/stm32cubeide/plugins/com.st.stm32cube.ide.mcu.externaltools.gnu-tools-for-stm32.10.3-2021.10.win32_1.0.0.202111181127/tools/bin/../lib/gcc/arm-none-eabi/10.3.1/../../../../arm-none-eabi/lib/thumb/v7-m/nofp\libc_nano.a(lib_a-fwalk.o)
                0x000000000800a38c                _fwalk_reent
 .text.__retarget_lock_init_recursive
                0x000000000800a3ca        0x2 n:/st/stm32cubeide_1.10.1/stm32cubeide/plugins/com.st.stm32cube.ide.mcu.externaltools.gnu-tools-for-stm32.10.3-2021.10.win32_1.0.0.202111181127/tools/bin/../lib/gcc/arm-none-eabi/10.3.1/../../../../arm-none-eabi/lib/thumb/v7-m/nofp\libc_nano.a(lib_a-lock.o)
                0x000000000800a3ca                __retarget_lock_init_recursive
 .text.__retarget_lock_acquire_recursive
                0x000000000800a3cc        0x2 n:/st/stm32cubeide_1.10.1/stm32cubeide/plugins/com.st.stm32cube.ide.mcu.externaltools.gnu-tools-for-stm32.10.3-2021.10.win32_1.0.0.202111181127/tools/bin/../lib/gcc/arm-none-eabi/10.3.1/../../../../arm-none-eabi/lib/thumb/v7-m/nofp\libc_nano.a(lib_a-lock.o)
                0x000000000800a3cc                __retarget_lock_acquire_recursive
 .text.__retarget_lock_release_recursive
                0x000000000800a3ce        0x2 n:/st/stm32cubeide_1.10.1/stm32cubeide/plugins/com.st.stm32cube.ide.mcu.externaltools.gnu-tools-for-stm32.10.3-2021.10.win32_1.0.0.202111181127/tools/bin/../lib/gcc/arm-none-eabi/10.3.1/../../../../arm-none-eabi/lib/thumb/v7-m/nofp\libc_nano.a(lib_a-lock.o)
                0x000000000800a3ce                __retarget_lock_release_recursive
 .text.sbrk_aligned
                0x000000000800a3d0       0x40 n:/st/stm32cubeide_1.10.1/stm32cubeide/plugins/com.st.stm32cube.ide.mcu.externaltools.gnu-tools-for-stm32.10.3-2021.10.win32_1.0.0.202111181127/tools/bin/../lib/gcc/arm-none-eabi/10.3.1/../../../../arm-none-eabi/lib/thumb/v7-m/nofp\libc_nano.a(lib_a-nano-mallocr.o)
 .text._malloc_r
                0x000000000800a410       0xe8 n:/st/stm32cubeide_1.10.1/stm32cubeide/plugins/com.st.stm32cube.ide.mcu.externaltools.gnu-tools-for-stm32.10.3-2021.10.win32_1.0.0.202111181127/tools/bin/../lib/gcc/arm-none-eabi/10.3.1/../../../../arm-none-eabi/lib/thumb/v7-m/nofp\libc_nano.a(lib_a-nano-mallocr.o)
                0x000000000800a410                _malloc_r
 .text.__ssputs_r
                0x000000000800a4f8       0xb6 n:/st/stm32cubeide_1.10.1/stm32cubeide/plugins/com.st.stm32cube.ide.mcu.externaltools.gnu-tools-for-stm32.10.3-2021.10.win32_1.0.0.202111181127/tools/bin/../lib/gcc/arm-none-eabi/10.3.1/../../../../arm-none-eabi/lib/thumb/v7-m/nofp\libc_nano.a(lib_a-nano-svfprintf.o)
                0x000000000800a4f8                __ssputs_r
 *fill*         0x000000000800a5ae        0x2 
 .text._svfprintf_r
                0x000000000800a5b0      0x200 n:/st/stm32cubeide_1.10.1/stm32cubeide/plugins/com.st.stm32cube.ide.mcu.externaltools.gnu-tools-for-stm32.10.3-2021.10.win32_1.0.0.202111181127/tools/bin/../lib/gcc/arm-none-eabi/10.3.1/../../../../arm-none-eabi/lib/thumb/v7-m/nofp\libc_nano.a(lib_a-nano-svfprintf.o)
                0x000000000800a5b0                _svfiprintf_r
                0x000000000800a5b0                _svfprintf_r
 .text.__sfputc_r
                0x000000000800a7b0       0x2a n:/st/stm32cubeide_1.10.1/stm32cubeide/plugins/com.st.stm32cube.ide.mcu.externaltools.gnu-tools-for-stm32.10.3-2021.10.win32_1.0.0.202111181127/tools/bin/../lib/gcc/arm-none-eabi/10.3.1/../../../../arm-none-eabi/lib/thumb/v7-m/nofp\libc_nano.a(lib_a-nano-vfprintf.o)
 .text.__sfputs_r
                0x000000000800a7da       0x24 n:/st/stm32cubeide_1.10.1/stm32cubeide/plugins/com.st.stm32cube.ide.mcu.externaltools.gnu-tools-for-stm32.10.3-2021.10.win32_1.0.0.202111181127/tools/bin/../lib/gcc/arm-none-eabi/10.3.1/../../../../arm-none-eabi/lib/thumb/v7-m/nofp\libc_nano.a(lib_a-nano-vfprintf.o)
                0x000000000800a7da                __sfputs_r
 *fill*         0x000000000800a7fe        0x2 
 .text._vfprintf_r
                0x000000000800a800      0x260 n:/st/stm32cubeide_1.10.1/stm32cubeide/plugins/com.st.stm32cube.ide.mcu.externaltools.gnu-tools-for-stm32.10.3-2021.10.win32_1.0.0.202111181127/tools/bin/../lib/gcc/arm-none-eabi/10.3.1/../../../../arm-none-eabi/lib/thumb/v7-m/nofp\libc_nano.a(lib_a-nano-vfprintf.o)
                0x000000000800a800                _vfprintf_r
                0x000000000800a800                _vfiprintf_r
 .text._printf_common
                0x000000000800aa60       0xde n:/st/stm32cubeide_1.10.1/stm32cubeide/plugins/com.st.stm32cube.ide.mcu.externaltools.gnu-tools-for-stm32.10.3-2021.10.win32_1.0.0.202111181127/tools/bin/../lib/gcc/arm-none-eabi/10.3.1/../../../../arm-none-eabi/lib/thumb/v7-m/nofp\libc_nano.a(lib_a-nano-vfprintf_i.o)
                0x000000000800aa60                _printf_common
 *fill*         0x000000000800ab3e        0x2 
 .text._printf_i
                0x000000000800ab40      0x24c n:/st/stm32cubeide_1.10.1/stm32cubeide/plugins/com.st.stm32cube.ide.mcu.externaltools.gnu-tools-for-stm32.10.3-2021.10.win32_1.0.0.202111181127/tools/bin/../lib/gcc/arm-none-eabi/10.3.1/../../../../arm-none-eabi/lib/thumb/v7-m/nofp\libc_nano.a(lib_a-nano-vfprintf_i.o)
                0x000000000800ab40                _printf_i
 .text._sbrk_r  0x000000000800ad8c       0x20 n:/st/stm32cubeide_1.10.1/stm32cubeide/plugins/com.st.stm32cube.ide.mcu.externaltools.gnu-tools-for-stm32.10.3-2021.10.win32_1.0.0.202111181127/tools/bin/../lib/gcc/arm-none-eabi/10.3.1/../../../../arm-none-eabi/lib/thumb/v7-m/nofp\libc_nano.a(lib_a-sbrkr.o)
                0x000000000800ad8c                _sbrk_r
 .text.__sread  0x000000000800adac       0x22 n:/st/stm32cubeide_1.10.1/stm32cubeide/plugins/com.st.stm32cube.ide.mcu.externaltools.gnu-tools-for-stm32.10.3-2021.10.win32_1.0.0.202111181127/tools/bin/../lib/gcc/arm-none-eabi/10.3.1/../../../../arm-none-eabi/lib/thumb/v7-m/nofp\libc_nano.a(lib_a-stdio.o)
                0x000000000800adac                __sread
 .text.__swrite
                0x000000000800adce       0x38 n:/st/stm32cubeide_1.10.1/stm32cubeide/plugins/com.st.stm32cube.ide.mcu.externaltools.gnu-tools-for-stm32.10.3-2021.10.win32_1.0.0.202111181127/tools/bin/../lib/gcc/arm-none-eabi/10.3.1/../../../../arm-none-eabi/lib/thumb/v7-m/nofp\libc_nano.a(lib_a-stdio.o)
                0x000000000800adce                __swrite
 .text.__sseek  0x000000000800ae06       0x24 n:/st/stm32cubeide_1.10.1/stm32cubeide/plugins/com.st.stm32cube.ide.mcu.externaltools.gnu-tools-for-stm32.10.3-2021.10.win32_1.0.0.202111181127/tools/bin/../lib/gcc/arm-none-eabi/10.3.1/../../../../arm-none-eabi/lib/thumb/v7-m/nofp\libc_nano.a(lib_a-stdio.o)
                0x000000000800ae06                __sseek
 .text.__sclose
                0x000000000800ae2a        0x8 n:/st/stm32cubeide_1.10.1/stm32cubeide/plugins/com.st.stm32cube.ide.mcu.externaltools.gnu-tools-for-stm32.10.3-2021.10.win32_1.0.0.202111181127/tools/bin/../lib/gcc/arm-none-eabi/10.3.1/../../../../arm-none-eabi/lib/thumb/v7-m/nofp\libc_nano.a(lib_a-stdio.o)
                0x000000000800ae2a                __sclose
 *fill*         0x000000000800ae32        0x2 
 .text.__swbuf_r
                0x000000000800ae34       0xa4 n:/st/stm32cubeide_1.10.1/stm32cubeide/plugins/com.st.stm32cube.ide.mcu.externaltools.gnu-tools-for-stm32.10.3-2021.10.win32_1.0.0.202111181127/tools/bin/../lib/gcc/arm-none-eabi/10.3.1/../../../../arm-none-eabi/lib/thumb/v7-m/nofp\libc_nano.a(lib_a-wbuf.o)
                0x000000000800ae34                __swbuf_r
 .text._write_r
                0x000000000800aed8       0x24 n:/st/stm32cubeide_1.10.1/stm32cubeide/plugins/com.st.stm32cube.ide.mcu.externaltools.gnu-tools-for-stm32.10.3-2021.10.win32_1.0.0.202111181127/tools/bin/../lib/gcc/arm-none-eabi/10.3.1/../../../../arm-none-eabi/lib/thumb/v7-m/nofp\libc_nano.a(lib_a-writer.o)
                0x000000000800aed8                _write_r
 .text.__swsetup_r
                0x000000000800aefc       0xdc n:/st/stm32cubeide_1.10.1/stm32cubeide/plugins/com.st.stm32cube.ide.mcu.externaltools.gnu-tools-for-stm32.10.3-2021.10.win32_1.0.0.202111181127/tools/bin/../lib/gcc/arm-none-eabi/10.3.1/../../../../arm-none-eabi/lib/thumb/v7-m/nofp\libc_nano.a(lib_a-wsetup.o)
                0x000000000800aefc                __swsetup_r
 .text._close_r
                0x000000000800afd8       0x20 n:/st/stm32cubeide_1.10.1/stm32cubeide/plugins/com.st.stm32cube.ide.mcu.externaltools.gnu-tools-for-stm32.10.3-2021.10.win32_1.0.0.202111181127/tools/bin/../lib/gcc/arm-none-eabi/10.3.1/../../../../arm-none-eabi/lib/thumb/v7-m/nofp\libc_nano.a(lib_a-closer.o)
                0x000000000800afd8                _close_r
 .text.__sflush_r
                0x000000000800aff8      0x104 n:/st/stm32cubeide_1.10.1/stm32cubeide/plugins/com.st.stm32cube.ide.mcu.externaltools.gnu-tools-for-stm32.10.3-2021.10.win32_1.0.0.202111181127/tools/bin/../lib/gcc/arm-none-eabi/10.3.1/../../../../arm-none-eabi/lib/thumb/v7-m/nofp\libc_nano.a(lib_a-fflush.o)
                0x000000000800aff8                __sflush_r
 .text._fflush_r
                0x000000000800b0fc       0x78 n:/st/stm32cubeide_1.10.1/stm32cubeide/plugins/com.st.stm32cube.ide.mcu.externaltools.gnu-tools-for-stm32.10.3-2021.10.win32_1.0.0.202111181127/tools/bin/../lib/gcc/arm-none-eabi/10.3.1/../../../../arm-none-eabi/lib/thumb/v7-m/nofp\libc_nano.a(lib_a-fflush.o)
                0x000000000800b0fc                _fflush_r
 .text._lseek_r
                0x000000000800b174       0x24 n:/st/stm32cubeide_1.10.1/stm32cubeide/plugins/com.st.stm32cube.ide.mcu.externaltools.gnu-tools-for-stm32.10.3-2021.10.win32_1.0.0.202111181127/tools/bin/../lib/gcc/arm-none-eabi/10.3.1/../../../../arm-none-eabi/lib/thumb/v7-m/nofp\libc_nano.a(lib_a-lseekr.o)
                0x000000000800b174                _lseek_r
 .text.__swhatbuf_r
                0x000000000800b198       0x4a n:/st/stm32cubeide_1.10.1/stm32cubeide/plugins/com.st.stm32cube.ide.mcu.externaltools.gnu-tools-for-stm32.10.3-2021.10.win32_1.0.0.202111181127/tools/bin/../lib/gcc/arm-none-eabi/10.3.1/../../../../arm-none-eabi/lib/thumb/v7-m/nofp\libc_nano.a(lib_a-makebuf.o)
                0x000000000800b198                __swhatbuf_r
 *fill*         0x000000000800b1e2        0x2 
 .text.__smakebuf_r
                0x000000000800b1e4       0x80 n:/st/stm32cubeide_1.10.1/stm32cubeide/plugins/com.st.stm32cube.ide.mcu.externaltools.gnu-tools-for-stm32.10.3-2021.10.win32_1.0.0.202111181127/tools/bin/../lib/gcc/arm-none-eabi/10.3.1/../../../../arm-none-eabi/lib/thumb/v7-m/nofp\libc_nano.a(lib_a-makebuf.o)
                0x000000000800b1e4                __smakebuf_r
 .text.memchr   0x000000000800b264       0x1c n:/st/stm32cubeide_1.10.1/stm32cubeide/plugins/com.st.stm32cube.ide.mcu.externaltools.gnu-tools-for-stm32.10.3-2021.10.win32_1.0.0.202111181127/tools/bin/../lib/gcc/arm-none-eabi/10.3.1/../../../../arm-none-eabi/lib/thumb/v7-m/nofp\libc_nano.a(lib_a-memchr-stub.o)
                0x000000000800b264                memchr
 .text.memcpy   0x000000000800b280       0x1c n:/st/stm32cubeide_1.10.1/stm32cubeide/plugins/com.st.stm32cube.ide.mcu.externaltools.gnu-tools-for-stm32.10.3-2021.10.win32_1.0.0.202111181127/tools/bin/../lib/gcc/arm-none-eabi/10.3.1/../../../../arm-none-eabi/lib/thumb/v7-m/nofp\libc_nano.a(lib_a-memcpy-stub.o)
                0x000000000800b280                memcpy
 .text.memmove  0x000000000800b29c       0x34 n:/st/stm32cubeide_1.10.1/stm32cubeide/plugins/com.st.stm32cube.ide.mcu.externaltools.gnu-tools-for-stm32.10.3-2021.10.win32_1.0.0.202111181127/tools/bin/../lib/gcc/arm-none-eabi/10.3.1/../../../../arm-none-eabi/lib/thumb/v7-m/nofp\libc_nano.a(lib_a-memmove.o)
                0x000000000800b29c                memmove
 .text.__malloc_lock
                0x000000000800b2d0        0xc n:/st/stm32cubeide_1.10.1/stm32cubeide/plugins/com.st.stm32cube.ide.mcu.externaltools.gnu-tools-for-stm32.10.3-2021.10.win32_1.0.0.202111181127/tools/bin/../lib/gcc/arm-none-eabi/10.3.1/../../../../arm-none-eabi/lib/thumb/v7-m/nofp\libc_nano.a(lib_a-mlock.o)
                0x000000000800b2d0                __malloc_lock
 .text.__malloc_unlock
                0x000000000800b2dc        0xc n:/st/stm32cubeide_1.10.1/stm32cubeide/plugins/com.st.stm32cube.ide.mcu.externaltools.gnu-tools-for-stm32.10.3-2021.10.win32_1.0.0.202111181127/tools/bin/../lib/gcc/arm-none-eabi/10.3.1/../../../../arm-none-eabi/lib/thumb/v7-m/nofp\libc_nano.a(lib_a-mlock.o)
                0x000000000800b2dc                __malloc_unlock
 .text._free_r  0x000000000800b2e8       0x90 n:/st/stm32cubeide_1.10.1/stm32cubeide/plugins/com.st.stm32cube.ide.mcu.externaltools.gnu-tools-for-stm32.10.3-2021.10.win32_1.0.0.202111181127/tools/bin/../lib/gcc/arm-none-eabi/10.3.1/../../../../arm-none-eabi/lib/thumb/v7-m/nofp\libc_nano.a(lib_a-nano-freer.o)
                0x000000000800b2e8                _free_r
 .text._realloc_r
                0x000000000800b378       0x5e n:/st/stm32cubeide_1.10.1/stm32cubeide/plugins/com.st.stm32cube.ide.mcu.externaltools.gnu-tools-for-stm32.10.3-2021.10.win32_1.0.0.202111181127/tools/bin/../lib/gcc/arm-none-eabi/10.3.1/../../../../arm-none-eabi/lib/thumb/v7-m/nofp\libc_nano.a(lib_a-nano-reallocr.o)
                0x000000000800b378                _realloc_r
 *fill*         0x000000000800b3d6        0x2 
 .text._read_r  0x000000000800b3d8       0x24 n:/st/stm32cubeide_1.10.1/stm32cubeide/plugins/com.st.stm32cube.ide.mcu.externaltools.gnu-tools-for-stm32.10.3-2021.10.win32_1.0.0.202111181127/tools/bin/../lib/gcc/arm-none-eabi/10.3.1/../../../../arm-none-eabi/lib/thumb/v7-m/nofp\libc_nano.a(lib_a-readr.o)
                0x000000000800b3d8                _read_r
 .text._fstat_r
                0x000000000800b3fc       0x24 n:/st/stm32cubeide_1.10.1/stm32cubeide/plugins/com.st.stm32cube.ide.mcu.externaltools.gnu-tools-for-stm32.10.3-2021.10.win32_1.0.0.202111181127/tools/bin/../lib/gcc/arm-none-eabi/10.3.1/../../../../arm-none-eabi/lib/thumb/v7-m/nofp\libc_nano.a(lib_a-fstatr.o)
                0x000000000800b3fc                _fstat_r
 .text._isatty_r
                0x000000000800b420       0x20 n:/st/stm32cubeide_1.10.1/stm32cubeide/plugins/com.st.stm32cube.ide.mcu.externaltools.gnu-tools-for-stm32.10.3-2021.10.win32_1.0.0.202111181127/tools/bin/../lib/gcc/arm-none-eabi/10.3.1/../../../../arm-none-eabi/lib/thumb/v7-m/nofp\libc_nano.a(lib_a-isattyr.o)
                0x000000000800b420                _isatty_r
 .text._malloc_usable_size_r
                0x000000000800b440       0x10 n:/st/stm32cubeide_1.10.1/stm32cubeide/plugins/com.st.stm32cube.ide.mcu.externaltools.gnu-tools-for-stm32.10.3-2021.10.win32_1.0.0.202111181127/tools/bin/../lib/gcc/arm-none-eabi/10.3.1/../../../../arm-none-eabi/lib/thumb/v7-m/nofp\libc_nano.a(lib_a-nano-msizer.o)
                0x000000000800b440                _malloc_usable_size_r
 .text.sqrt     0x000000000800b450       0x48 n:/st/stm32cubeide_1.10.1/stm32cubeide/plugins/com.st.stm32cube.ide.mcu.externaltools.gnu-tools-for-stm32.10.3-2021.10.win32_1.0.0.202111181127/tools/bin/../lib/gcc/arm-none-eabi/10.3.1/../../../../arm-none-eabi/lib/thumb/v7-m/nofp\libm.a(lib_a-w_sqrt.o)
                0x000000000800b450                sqrt
 .text.__ieee754_sqrt
                0x000000000800b498      0x160 n:/st/stm32cubeide_1.10.1/stm32cubeide/plugins/com.st.stm32cube.ide.mcu.externaltools.gnu-tools-for-stm32.10.3-2021.10.win32_1.0.0.202111181127/tools/bin/../lib/gcc/arm-none-eabi/10.3.1/../../../../arm-none-eabi/lib/thumb/v7-m/nofp\libm.a(lib_a-e_sqrt.o)
                0x000000000800b498                __ieee754_sqrt
 *(.glue_7)
 .glue_7        0x000000000800b5f8        0x0 linker stubs
 *(.glue_7t)
 .glue_7t       0x000000000800b5f8        0x0 linker stubs
 *(.eh_frame)
 .eh_frame      0x000000000800b5f8        0x0 n:/st/stm32cubeide_1.10.1/stm32cubeide/plugins/com.st.stm32cube.ide.mcu.externaltools.gnu-tools-for-stm32.10.3-2021.10.win32_1.0.0.202111181127/tools/bin/../lib/gcc/arm-none-eabi/10.3.1/thumb/v7-m/nofp/crtbegin.o
 *(.init)
 .init          0x000000000800b5f8        0x4 n:/st/stm32cubeide_1.10.1/stm32cubeide/plugins/com.st.stm32cube.ide.mcu.externaltools.gnu-tools-for-stm32.10.3-2021.10.win32_1.0.0.202111181127/tools/bin/../lib/gcc/arm-none-eabi/10.3.1/thumb/v7-m/nofp/crti.o
                0x000000000800b5f8                _init
 .init          0x000000000800b5fc        0x8 n:/st/stm32cubeide_1.10.1/stm32cubeide/plugins/com.st.stm32cube.ide.mcu.externaltools.gnu-tools-for-stm32.10.3-2021.10.win32_1.0.0.202111181127/tools/bin/../lib/gcc/arm-none-eabi/10.3.1/thumb/v7-m/nofp/crtn.o
 *(.fini)
 .fini          0x000000000800b604        0x4 n:/st/stm32cubeide_1.10.1/stm32cubeide/plugins/com.st.stm32cube.ide.mcu.externaltools.gnu-tools-for-stm32.10.3-2021.10.win32_1.0.0.202111181127/tools/bin/../lib/gcc/arm-none-eabi/10.3.1/thumb/v7-m/nofp/crti.o
                0x000000000800b604                _fini
 .fini          0x000000000800b608        0x8 n:/st/stm32cubeide_1.10.1/stm32cubeide/plugins/com.st.stm32cube.ide.mcu.externaltools.gnu-tools-for-stm32.10.3-2021.10.win32_1.0.0.202111181127/tools/bin/../lib/gcc/arm-none-eabi/10.3.1/thumb/v7-m/nofp/crtn.o
                0x000000000800b610                . = ALIGN (0x4)
                0x000000000800b610                _etext = .

.vfp11_veneer   0x000000000800b610        0x0
 .vfp11_veneer  0x000000000800b610        0x0 linker stubs

.v4_bx          0x000000000800b610        0x0
 .v4_bx         0x000000000800b610        0x0 linker stubs

.iplt           0x000000000800b610        0x0
 .iplt          0x000000000800b610        0x0 n:/st/stm32cubeide_1.10.1/stm32cubeide/plugins/com.st.stm32cube.ide.mcu.externaltools.gnu-tools-for-stm32.10.3-2021.10.win32_1.0.0.202111181127/tools/bin/../lib/gcc/arm-none-eabi/10.3.1/thumb/v7-m/nofp/crtbegin.o

.rodata         0x000000000800b610     0x7300
                0x000000000800b610                . = ALIGN (0x4)
 *(.rodata)
 .rodata        0x000000000800b610        0xc ./Core/Src/ft5206.o
 .rodata        0x000000000800b61c       0x25 ./Core/Src/gt9147.o
 *fill*         0x000000000800b641        0x3 
 .rodata        0x000000000800b644        0xd ./Core/Src/lcd.o
 *fill*         0x000000000800b651        0x3 
 .rodata        0x000000000800b654       0x91 ./Core/Src/main.o
 *fill*         0x000000000800b6e5        0x3 
 .rodata        0x000000000800b6e8        0xc ./Core/Src/ott2001a.o
 .rodata        0x000000000800b6f4       0xd0 ./Core/Src/touch.o
 .rodata        0x000000000800b7c4       0x10 ./Drivers/STM32F1xx_HAL_Driver/Src/stm32f1xx_hal_rcc.o
 *(.rodata*)
 .rodata.FT5206_TPX_TBL
                0x000000000800b7d4        0xa ./Core/Src/ft5206.o
                0x000000000800b7d4                FT5206_TPX_TBL
 *fill*         0x000000000800b7de        0x2 
 .rodata.GT9147_CFG_TBL
                0x000000000800b7e0       0xb8 ./Core/Src/gt9147.o
                0x000000000800b7e0                GT9147_CFG_TBL
 .rodata.GT9147_TPX_TBL
                0x000000000800b898        0xa ./Core/Src/gt9147.o
                0x000000000800b898                GT9147_TPX_TBL
 *fill*         0x000000000800b8a2        0x2 
 .rodata.asc2_1206
                0x000000000800b8a4      0x474 ./Core/Src/lcd.o
                0x000000000800b8a4                asc2_1206
 .rodata.asc2_1608
                0x000000000800bd18      0x5f0 ./Core/Src/lcd.o
                0x000000000800bd18                asc2_1608
 .rodata.asc2_2412
                0x000000000800c308      0xd5c ./Core/Src/lcd.o
                0x000000000800c308                asc2_2412
 .rodata.warning_img2
                0x000000000800d064     0x57e4 ./Core/Src/lcd.o
                0x000000000800d064                warning_img2
 .rodata.POINT_COLOR_TBL
                0x0000000008012848        0xa ./Core/Src/main.o
                0x0000000008012848                POINT_COLOR_TBL
 *fill*         0x0000000008012852        0x2 
 .rodata.OTT_TPX_TBL
                0x0000000008012854        0xa ./Core/Src/ott2001a.o
                0x0000000008012854                OTT_TPX_TBL
 *fill*         0x000000000801285e        0x2 
 .rodata.AHBPrescTable
                0x0000000008012860       0x10 ./Core/Src/system_stm32f1xx.o
                0x0000000008012860                AHBPrescTable
 .rodata.APBPrescTable
                0x0000000008012870        0x8 ./Core/Src/system_stm32f1xx.o
                0x0000000008012870                APBPrescTable
 .rodata._global_impure_ptr
                0x0000000008012878        0x4 n:/st/stm32cubeide_1.10.1/stm32cubeide/plugins/com.st.stm32cube.ide.mcu.externaltools.gnu-tools-for-stm32.10.3-2021.10.win32_1.0.0.202111181127/tools/bin/../lib/gcc/arm-none-eabi/10.3.1/../../../../arm-none-eabi/lib/thumb/v7-m/nofp\libc_nano.a(lib_a-impure.o)
                0x0000000008012878                _global_impure_ptr
 .rodata.__sf_fake_stderr
                0x000000000801287c       0x20 n:/st/stm32cubeide_1.10.1/stm32cubeide/plugins/com.st.stm32cube.ide.mcu.externaltools.gnu-tools-for-stm32.10.3-2021.10.win32_1.0.0.202111181127/tools/bin/../lib/gcc/arm-none-eabi/10.3.1/../../../../arm-none-eabi/lib/thumb/v7-m/nofp\libc_nano.a(lib_a-findfp.o)
                0x000000000801287c                __sf_fake_stderr
 .rodata.__sf_fake_stdin
                0x000000000801289c       0x20 n:/st/stm32cubeide_1.10.1/stm32cubeide/plugins/com.st.stm32cube.ide.mcu.externaltools.gnu-tools-for-stm32.10.3-2021.10.win32_1.0.0.202111181127/tools/bin/../lib/gcc/arm-none-eabi/10.3.1/../../../../arm-none-eabi/lib/thumb/v7-m/nofp\libc_nano.a(lib_a-findfp.o)
                0x000000000801289c                __sf_fake_stdin
 .rodata.__sf_fake_stdout
                0x00000000080128bc       0x20 n:/st/stm32cubeide_1.10.1/stm32cubeide/plugins/com.st.stm32cube.ide.mcu.externaltools.gnu-tools-for-stm32.10.3-2021.10.win32_1.0.0.202111181127/tools/bin/../lib/gcc/arm-none-eabi/10.3.1/../../../../arm-none-eabi/lib/thumb/v7-m/nofp\libc_nano.a(lib_a-findfp.o)
                0x00000000080128bc                __sf_fake_stdout
 .rodata._svfprintf_r.str1.1
                0x00000000080128dc       0x11 n:/st/stm32cubeide_1.10.1/stm32cubeide/plugins/com.st.stm32cube.ide.mcu.externaltools.gnu-tools-for-stm32.10.3-2021.10.win32_1.0.0.202111181127/tools/bin/../lib/gcc/arm-none-eabi/10.3.1/../../../../arm-none-eabi/lib/thumb/v7-m/nofp\libc_nano.a(lib_a-nano-svfprintf.o)
 .rodata._vfprintf_r.str1.1
                0x00000000080128ed       0x11 n:/st/stm32cubeide_1.10.1/stm32cubeide/plugins/com.st.stm32cube.ide.mcu.externaltools.gnu-tools-for-stm32.10.3-2021.10.win32_1.0.0.202111181127/tools/bin/../lib/gcc/arm-none-eabi/10.3.1/../../../../arm-none-eabi/lib/thumb/v7-m/nofp\libc_nano.a(lib_a-nano-vfprintf.o)
 .rodata._printf_i.str1.1
                0x00000000080128ed       0x22 n:/st/stm32cubeide_1.10.1/stm32cubeide/plugins/com.st.stm32cube.ide.mcu.externaltools.gnu-tools-for-stm32.10.3-2021.10.win32_1.0.0.202111181127/tools/bin/../lib/gcc/arm-none-eabi/10.3.1/../../../../arm-none-eabi/lib/thumb/v7-m/nofp\libc_nano.a(lib_a-nano-vfprintf_i.o)
                0x0000000008012910                . = ALIGN (0x4)
 *fill*         0x000000000801290f        0x1 

.rel.dyn        0x0000000008012910        0x0
 .rel.iplt      0x0000000008012910        0x0 n:/st/stm32cubeide_1.10.1/stm32cubeide/plugins/com.st.stm32cube.ide.mcu.externaltools.gnu-tools-for-stm32.10.3-2021.10.win32_1.0.0.202111181127/tools/bin/../lib/gcc/arm-none-eabi/10.3.1/thumb/v7-m/nofp/crtbegin.o

.ARM.extab      0x0000000008012910        0x0
                0x0000000008012910                . = ALIGN (0x4)
 *(.ARM.extab* .gnu.linkonce.armextab.*)
                0x0000000008012910                . = ALIGN (0x4)

.ARM            0x0000000008012910        0x0
                0x0000000008012910                . = ALIGN (0x4)
                0x0000000008012910                __exidx_start = .
 *(.ARM.exidx*)
                0x0000000008012910                __exidx_end = .
                0x0000000008012910                . = ALIGN (0x4)

.preinit_array  0x0000000008012910        0x0
                0x0000000008012910                . = ALIGN (0x4)
                0x0000000008012910                PROVIDE (__preinit_array_start = .)
 *(.preinit_array*)
                0x0000000008012910                PROVIDE (__preinit_array_end = .)
                0x0000000008012910                . = ALIGN (0x4)

.init_array     0x0000000008012910        0x4
                0x0000000008012910                . = ALIGN (0x4)
                0x0000000008012910                PROVIDE (__init_array_start = .)
 *(SORT_BY_NAME(.init_array.*))
 *(.init_array*)
 .init_array    0x0000000008012910        0x4 n:/st/stm32cubeide_1.10.1/stm32cubeide/plugins/com.st.stm32cube.ide.mcu.externaltools.gnu-tools-for-stm32.10.3-2021.10.win32_1.0.0.202111181127/tools/bin/../lib/gcc/arm-none-eabi/10.3.1/thumb/v7-m/nofp/crtbegin.o
                0x0000000008012914                PROVIDE (__init_array_end = .)
                0x0000000008012914                . = ALIGN (0x4)

.fini_array     0x0000000008012914        0x4
                0x0000000008012914                . = ALIGN (0x4)
                [!provide]                        PROVIDE (__fini_array_start = .)
 *(SORT_BY_NAME(.fini_array.*))
 *(.fini_array*)
 .fini_array    0x0000000008012914        0x4 n:/st/stm32cubeide_1.10.1/stm32cubeide/plugins/com.st.stm32cube.ide.mcu.externaltools.gnu-tools-for-stm32.10.3-2021.10.win32_1.0.0.202111181127/tools/bin/../lib/gcc/arm-none-eabi/10.3.1/thumb/v7-m/nofp/crtbegin.o
                [!provide]                        PROVIDE (__fini_array_end = .)
                0x0000000008012918                . = ALIGN (0x4)
                0x0000000008012918                _sidata = LOADADDR (.data)

.data           0x0000000020000000       0xac load address 0x0000000008012918
                0x0000000020000000                . = ALIGN (0x4)
                0x0000000020000000                _sdata = .
 *(.data)
 *(.data*)
 .data.key_up.0
                0x0000000020000000        0x1 ./Core/Src/key.o
 *fill*         0x0000000020000001        0x1 
 .data.BACK_COLOR
                0x0000000020000002        0x2 ./Core/Src/lcd.o
                0x0000000020000002                BACK_COLOR
 .data.SystemCoreClock
                0x0000000020000004        0x4 ./Core/Src/system_stm32f1xx.o
                0x0000000020000004                SystemCoreClock
 .data.tp_dev   0x0000000020000008       0x34 ./Core/Src/touch.o
                0x0000000020000008                tp_dev
 .data.CMD_RDX  0x000000002000003c        0x1 ./Core/Src/touch.o
                0x000000002000003c                CMD_RDX
 .data.CMD_RDY  0x000000002000003d        0x1 ./Core/Src/touch.o
                0x000000002000003d                CMD_RDY
 *fill*         0x000000002000003e        0x2 
 .data.uwTickPrio
                0x0000000020000040        0x4 ./Drivers/STM32F1xx_HAL_Driver/Src/stm32f1xx_hal.o
                0x0000000020000040                uwTickPrio
 .data.uwTickFreq
                0x0000000020000044        0x1 ./Drivers/STM32F1xx_HAL_Driver/Src/stm32f1xx_hal.o
                0x0000000020000044                uwTickFreq
 *fill*         0x0000000020000045        0x3 
 .data._impure_ptr
                0x0000000020000048        0x4 n:/st/stm32cubeide_1.10.1/stm32cubeide/plugins/com.st.stm32cube.ide.mcu.externaltools.gnu-tools-for-stm32.10.3-2021.10.win32_1.0.0.202111181127/tools/bin/../lib/gcc/arm-none-eabi/10.3.1/../../../../arm-none-eabi/lib/thumb/v7-m/nofp\libc_nano.a(lib_a-impure.o)
                0x0000000020000048                _impure_ptr
 .data.impure_data
                0x000000002000004c       0x60 n:/st/stm32cubeide_1.10.1/stm32cubeide/plugins/com.st.stm32cube.ide.mcu.externaltools.gnu-tools-for-stm32.10.3-2021.10.win32_1.0.0.202111181127/tools/bin/../lib/gcc/arm-none-eabi/10.3.1/../../../../arm-none-eabi/lib/thumb/v7-m/nofp\libc_nano.a(lib_a-impure.o)
 *(.RamFunc)
 *(.RamFunc*)
                0x00000000200000ac                . = ALIGN (0x4)
                0x00000000200000ac                _edata = .

.igot.plt       0x00000000200000ac        0x0 load address 0x00000000080129c4
 .igot.plt      0x00000000200000ac        0x0 n:/st/stm32cubeide_1.10.1/stm32cubeide/plugins/com.st.stm32cube.ide.mcu.externaltools.gnu-tools-for-stm32.10.3-2021.10.win32_1.0.0.202111181127/tools/bin/../lib/gcc/arm-none-eabi/10.3.1/thumb/v7-m/nofp/crtbegin.o
                0x00000000200000ac                . = ALIGN (0x4)

.bss            0x00000000200000ac      0x430 load address 0x00000000080129c4
                0x00000000200000ac                _sbss = .
                0x00000000200000ac                __bss_start__ = _sbss
 *(.bss)
 .bss           0x00000000200000ac       0x1c n:/st/stm32cubeide_1.10.1/stm32cubeide/plugins/com.st.stm32cube.ide.mcu.externaltools.gnu-tools-for-stm32.10.3-2021.10.win32_1.0.0.202111181127/tools/bin/../lib/gcc/arm-none-eabi/10.3.1/thumb/v7-m/nofp/crtbegin.o
 *(.bss*)
 .bss.fac_us    0x00000000200000c8        0x4 ./Core/Src/delay.o
 .bss.t.0       0x00000000200000cc        0x1 ./Core/Src/ft5206.o
 .bss.t.0       0x00000000200000cd        0x1 ./Core/Src/gt9147.o
 .bss.POINT_COLOR
                0x00000000200000ce        0x2 ./Core/Src/lcd.o
                0x00000000200000ce                POINT_COLOR
 .bss.lcddev    0x00000000200000d0        0xe ./Core/Src/lcd.o
                0x00000000200000d0                lcddev
 *fill*         0x00000000200000de        0x2 
 .bss.DATA_TO_SEND
                0x00000000200000e0      0x320 ./Core/Src/main.o
                0x00000000200000e0                DATA_TO_SEND
 .bss.state_num
                0x0000000020000400        0x4 ./Core/Src/main.o
                0x0000000020000400                state_num
 .bss.STATE     0x0000000020000404       0x1e ./Core/Src/main.o
                0x0000000020000404                STATE
 *fill*         0x0000000020000422        0x2 
 .bss.huart1    0x0000000020000424       0x44 ./Core/Src/main.o
                0x0000000020000424                huart1
 .bss.hspi1     0x0000000020000468       0x58 ./Core/Src/main.o
                0x0000000020000468                hspi1
 .bss.t.0       0x00000000200004c0        0x1 ./Core/Src/ott2001a.o
 *fill*         0x00000000200004c1        0x3 
 .bss.__sbrk_heap_end
                0x00000000200004c4        0x4 ./Core/Src/sysmem.o
 .bss.uwTick    0x00000000200004c8        0x4 ./Drivers/STM32F1xx_HAL_Driver/Src/stm32f1xx_hal.o
                0x00000000200004c8                uwTick
 .bss.__lock___malloc_recursive_mutex
                0x00000000200004cc        0x1 n:/st/stm32cubeide_1.10.1/stm32cubeide/plugins/com.st.stm32cube.ide.mcu.externaltools.gnu-tools-for-stm32.10.3-2021.10.win32_1.0.0.202111181127/tools/bin/../lib/gcc/arm-none-eabi/10.3.1/../../../../arm-none-eabi/lib/thumb/v7-m/nofp\libc_nano.a(lib_a-lock.o)
                0x00000000200004cc                __lock___malloc_recursive_mutex
 .bss.__lock___sfp_recursive_mutex
                0x00000000200004cd        0x1 n:/st/stm32cubeide_1.10.1/stm32cubeide/plugins/com.st.stm32cube.ide.mcu.externaltools.gnu-tools-for-stm32.10.3-2021.10.win32_1.0.0.202111181127/tools/bin/../lib/gcc/arm-none-eabi/10.3.1/../../../../arm-none-eabi/lib/thumb/v7-m/nofp\libc_nano.a(lib_a-lock.o)
                0x00000000200004cd                __lock___sfp_recursive_mutex
 .bss.__lock___sinit_recursive_mutex
                0x00000000200004ce        0x1 n:/st/stm32cubeide_1.10.1/stm32cubeide/plugins/com.st.stm32cube.ide.mcu.externaltools.gnu-tools-for-stm32.10.3-2021.10.win32_1.0.0.202111181127/tools/bin/../lib/gcc/arm-none-eabi/10.3.1/../../../../arm-none-eabi/lib/thumb/v7-m/nofp\libc_nano.a(lib_a-lock.o)
                0x00000000200004ce                __lock___sinit_recursive_mutex
 *fill*         0x00000000200004cf        0x1 
 .bss.__malloc_free_list
                0x00000000200004d0        0x4 n:/st/stm32cubeide_1.10.1/stm32cubeide/plugins/com.st.stm32cube.ide.mcu.externaltools.gnu-tools-for-stm32.10.3-2021.10.win32_1.0.0.202111181127/tools/bin/../lib/gcc/arm-none-eabi/10.3.1/../../../../arm-none-eabi/lib/thumb/v7-m/nofp\libc_nano.a(lib_a-nano-mallocr.o)
                0x00000000200004d0                __malloc_free_list
 .bss.__malloc_sbrk_start
                0x00000000200004d4        0x4 n:/st/stm32cubeide_1.10.1/stm32cubeide/plugins/com.st.stm32cube.ide.mcu.externaltools.gnu-tools-for-stm32.10.3-2021.10.win32_1.0.0.202111181127/tools/bin/../lib/gcc/arm-none-eabi/10.3.1/../../../../arm-none-eabi/lib/thumb/v7-m/nofp\libc_nano.a(lib_a-nano-mallocr.o)
                0x00000000200004d4                __malloc_sbrk_start
 .bss.errno     0x00000000200004d8        0x4 n:/st/stm32cubeide_1.10.1/stm32cubeide/plugins/com.st.stm32cube.ide.mcu.externaltools.gnu-tools-for-stm32.10.3-2021.10.win32_1.0.0.202111181127/tools/bin/../lib/gcc/arm-none-eabi/10.3.1/../../../../arm-none-eabi/lib/thumb/v7-m/nofp\libc_nano.a(lib_a-reent.o)
                0x00000000200004d8                errno
 *(COMMON)
                0x00000000200004dc                . = ALIGN (0x4)
                0x00000000200004dc                _ebss = .
                0x00000000200004dc                __bss_end__ = _ebss

._user_heap_stack
                0x00000000200004dc      0x604 load address 0x00000000080129c4
                0x00000000200004e0                . = ALIGN (0x8)
 *fill*         0x00000000200004dc        0x4 
                [!provide]                        PROVIDE (end = .)
                0x00000000200004e0                PROVIDE (_end = .)
                0x00000000200006e0                . = (. + _Min_Heap_Size)
 *fill*         0x00000000200004e0      0x200 
                0x0000000020000ae0                . = (. + _Min_Stack_Size)
 *fill*         0x00000000200006e0      0x400 
                0x0000000020000ae0                . = ALIGN (0x8)

/DISCARD/
 libc.a(*)
 libm.a(*)
 libgcc.a(*)

.ARM.attributes
                0x0000000000000000       0x29
 *(.ARM.attributes)
 .ARM.attributes
                0x0000000000000000       0x1d n:/st/stm32cubeide_1.10.1/stm32cubeide/plugins/com.st.stm32cube.ide.mcu.externaltools.gnu-tools-for-stm32.10.3-2021.10.win32_1.0.0.202111181127/tools/bin/../lib/gcc/arm-none-eabi/10.3.1/thumb/v7-m/nofp/crti.o
 .ARM.attributes
                0x000000000000001d       0x2d n:/st/stm32cubeide_1.10.1/stm32cubeide/plugins/com.st.stm32cube.ide.mcu.externaltools.gnu-tools-for-stm32.10.3-2021.10.win32_1.0.0.202111181127/tools/bin/../lib/gcc/arm-none-eabi/10.3.1/thumb/v7-m/nofp/crtbegin.o
 .ARM.attributes
                0x000000000000004a       0x2d ./Core/Src/24cxx.o
 .ARM.attributes
                0x0000000000000077       0x2d ./Core/Src/ctiic.o
 .ARM.attributes
                0x00000000000000a4       0x2d ./Core/Src/delay.o
 .ARM.attributes
                0x00000000000000d1       0x2d ./Core/Src/ft5206.o
 .ARM.attributes
                0x00000000000000fe       0x2d ./Core/Src/gt9147.o
 .ARM.attributes
                0x000000000000012b       0x2d ./Core/Src/key.o
 .ARM.attributes
                0x0000000000000158       0x2d ./Core/Src/lcd.o
 .ARM.attributes
                0x0000000000000185       0x2d ./Core/Src/led.o
 .ARM.attributes
                0x00000000000001b2       0x2d ./Core/Src/main.o
 .ARM.attributes
                0x00000000000001df       0x2d ./Core/Src/myiic.o
 .ARM.attributes
                0x000000000000020c       0x2d ./Core/Src/ott2001a.o
 .ARM.attributes
                0x0000000000000239       0x2d ./Core/Src/stm32f1xx_hal_msp.o
 .ARM.attributes
                0x0000000000000266       0x2d ./Core/Src/stm32f1xx_it.o
 .ARM.attributes
                0x0000000000000293       0x2d ./Core/Src/sys.o
 .ARM.attributes
                0x00000000000002c0       0x2d ./Core/Src/syscalls.o
 .ARM.attributes
                0x00000000000002ed       0x2d ./Core/Src/sysmem.o
 .ARM.attributes
                0x000000000000031a       0x2d ./Core/Src/system_stm32f1xx.o
 .ARM.attributes
                0x0000000000000347       0x2d ./Core/Src/touch.o
 .ARM.attributes
                0x0000000000000374       0x21 ./Core/Startup/startup_stm32f103rctx.o
 .ARM.attributes
                0x0000000000000395       0x2d ./Drivers/STM32F1xx_HAL_Driver/Src/stm32f1xx_hal.o
 .ARM.attributes
                0x00000000000003c2       0x2d ./Drivers/STM32F1xx_HAL_Driver/Src/stm32f1xx_hal_cortex.o
 .ARM.attributes
                0x00000000000003ef       0x2d ./Drivers/STM32F1xx_HAL_Driver/Src/stm32f1xx_hal_gpio.o
 .ARM.attributes
                0x000000000000041c       0x2d ./Drivers/STM32F1xx_HAL_Driver/Src/stm32f1xx_hal_rcc.o
 .ARM.attributes
                0x0000000000000449       0x2d ./Drivers/STM32F1xx_HAL_Driver/Src/stm32f1xx_hal_spi.o
 .ARM.attributes
                0x0000000000000476       0x2d ./Drivers/STM32F1xx_HAL_Driver/Src/stm32f1xx_hal_uart.o
 .ARM.attributes
                0x00000000000004a3       0x2d n:/st/stm32cubeide_1.10.1/stm32cubeide/plugins/com.st.stm32cube.ide.mcu.externaltools.gnu-tools-for-stm32.10.3-2021.10.win32_1.0.0.202111181127/tools/bin/../lib/gcc/arm-none-eabi/10.3.1/../../../../arm-none-eabi/lib/thumb/v7-m/nofp\libc_nano.a(lib_a-errno.o)
 .ARM.attributes
                0x00000000000004d0       0x2d n:/st/stm32cubeide_1.10.1/stm32cubeide/plugins/com.st.stm32cube.ide.mcu.externaltools.gnu-tools-for-stm32.10.3-2021.10.win32_1.0.0.202111181127/tools/bin/../lib/gcc/arm-none-eabi/10.3.1/../../../../arm-none-eabi/lib/thumb/v7-m/nofp\libc_nano.a(lib_a-impure.o)
 .ARM.attributes
                0x00000000000004fd       0x2d n:/st/stm32cubeide_1.10.1/stm32cubeide/plugins/com.st.stm32cube.ide.mcu.externaltools.gnu-tools-for-stm32.10.3-2021.10.win32_1.0.0.202111181127/tools/bin/../lib/gcc/arm-none-eabi/10.3.1/../../../../arm-none-eabi/lib/thumb/v7-m/nofp\libc_nano.a(lib_a-init.o)
 .ARM.attributes
                0x000000000000052a       0x2d n:/st/stm32cubeide_1.10.1/stm32cubeide/plugins/com.st.stm32cube.ide.mcu.externaltools.gnu-tools-for-stm32.10.3-2021.10.win32_1.0.0.202111181127/tools/bin/../lib/gcc/arm-none-eabi/10.3.1/../../../../arm-none-eabi/lib/thumb/v7-m/nofp\libc_nano.a(lib_a-memset.o)
 .ARM.attributes
                0x0000000000000557       0x2d n:/st/stm32cubeide_1.10.1/stm32cubeide/plugins/com.st.stm32cube.ide.mcu.externaltools.gnu-tools-for-stm32.10.3-2021.10.win32_1.0.0.202111181127/tools/bin/../lib/gcc/arm-none-eabi/10.3.1/../../../../arm-none-eabi/lib/thumb/v7-m/nofp\libc_nano.a(lib_a-printf.o)
 .ARM.attributes
                0x0000000000000584       0x2d n:/st/stm32cubeide_1.10.1/stm32cubeide/plugins/com.st.stm32cube.ide.mcu.externaltools.gnu-tools-for-stm32.10.3-2021.10.win32_1.0.0.202111181127/tools/bin/../lib/gcc/arm-none-eabi/10.3.1/../../../../arm-none-eabi/lib/thumb/v7-m/nofp\libc_nano.a(lib_a-sprintf.o)
 .ARM.attributes
                0x00000000000005b1       0x1b n:/st/stm32cubeide_1.10.1/stm32cubeide/plugins/com.st.stm32cube.ide.mcu.externaltools.gnu-tools-for-stm32.10.3-2021.10.win32_1.0.0.202111181127/tools/bin/../lib/gcc/arm-none-eabi/10.3.1/../../../../arm-none-eabi/lib/thumb/v7-m/nofp\libc_nano.a(lib_a-strcmp.o)
 .ARM.attributes
                0x00000000000005cc       0x17 n:/st/stm32cubeide_1.10.1/stm32cubeide/plugins/com.st.stm32cube.ide.mcu.externaltools.gnu-tools-for-stm32.10.3-2021.10.win32_1.0.0.202111181127/tools/bin/../lib/gcc/arm-none-eabi/10.3.1/../../../../arm-none-eabi/lib/thumb/v7-m/nofp\libc_nano.a(lib_a-strlen.o)
 .ARM.attributes
                0x00000000000005e3       0x2d n:/st/stm32cubeide_1.10.1/stm32cubeide/plugins/com.st.stm32cube.ide.mcu.externaltools.gnu-tools-for-stm32.10.3-2021.10.win32_1.0.0.202111181127/tools/bin/../lib/gcc/arm-none-eabi/10.3.1/../../../../arm-none-eabi/lib/thumb/v7-m/nofp\libc_nano.a(lib_a-findfp.o)
 .ARM.attributes
                0x0000000000000610       0x2d n:/st/stm32cubeide_1.10.1/stm32cubeide/plugins/com.st.stm32cube.ide.mcu.externaltools.gnu-tools-for-stm32.10.3-2021.10.win32_1.0.0.202111181127/tools/bin/../lib/gcc/arm-none-eabi/10.3.1/../../../../arm-none-eabi/lib/thumb/v7-m/nofp\libc_nano.a(lib_a-fwalk.o)
 .ARM.attributes
                0x000000000000063d       0x2d n:/st/stm32cubeide_1.10.1/stm32cubeide/plugins/com.st.stm32cube.ide.mcu.externaltools.gnu-tools-for-stm32.10.3-2021.10.win32_1.0.0.202111181127/tools/bin/../lib/gcc/arm-none-eabi/10.3.1/../../../../arm-none-eabi/lib/thumb/v7-m/nofp\libc_nano.a(lib_a-lock.o)
 .ARM.attributes
                0x000000000000066a       0x2d n:/st/stm32cubeide_1.10.1/stm32cubeide/plugins/com.st.stm32cube.ide.mcu.externaltools.gnu-tools-for-stm32.10.3-2021.10.win32_1.0.0.202111181127/tools/bin/../lib/gcc/arm-none-eabi/10.3.1/../../../../arm-none-eabi/lib/thumb/v7-m/nofp\libc_nano.a(lib_a-nano-mallocr.o)
 .ARM.attributes
                0x0000000000000697       0x2d n:/st/stm32cubeide_1.10.1/stm32cubeide/plugins/com.st.stm32cube.ide.mcu.externaltools.gnu-tools-for-stm32.10.3-2021.10.win32_1.0.0.202111181127/tools/bin/../lib/gcc/arm-none-eabi/10.3.1/../../../../arm-none-eabi/lib/thumb/v7-m/nofp\libc_nano.a(lib_a-nano-svfprintf.o)
 .ARM.attributes
                0x00000000000006c4       0x2d n:/st/stm32cubeide_1.10.1/stm32cubeide/plugins/com.st.stm32cube.ide.mcu.externaltools.gnu-tools-for-stm32.10.3-2021.10.win32_1.0.0.202111181127/tools/bin/../lib/gcc/arm-none-eabi/10.3.1/../../../../arm-none-eabi/lib/thumb/v7-m/nofp\libc_nano.a(lib_a-nano-vfprintf.o)
 .ARM.attributes
                0x00000000000006f1       0x2d n:/st/stm32cubeide_1.10.1/stm32cubeide/plugins/com.st.stm32cube.ide.mcu.externaltools.gnu-tools-for-stm32.10.3-2021.10.win32_1.0.0.202111181127/tools/bin/../lib/gcc/arm-none-eabi/10.3.1/../../../../arm-none-eabi/lib/thumb/v7-m/nofp\libc_nano.a(lib_a-nano-vfprintf_i.o)
 .ARM.attributes
                0x000000000000071e       0x2d n:/st/stm32cubeide_1.10.1/stm32cubeide/plugins/com.st.stm32cube.ide.mcu.externaltools.gnu-tools-for-stm32.10.3-2021.10.win32_1.0.0.202111181127/tools/bin/../lib/gcc/arm-none-eabi/10.3.1/../../../../arm-none-eabi/lib/thumb/v7-m/nofp\libc_nano.a(lib_a-sbrkr.o)
 .ARM.attributes
                0x000000000000074b       0x2d n:/st/stm32cubeide_1.10.1/stm32cubeide/plugins/com.st.stm32cube.ide.mcu.externaltools.gnu-tools-for-stm32.10.3-2021.10.win32_1.0.0.202111181127/tools/bin/../lib/gcc/arm-none-eabi/10.3.1/../../../../arm-none-eabi/lib/thumb/v7-m/nofp\libc_nano.a(lib_a-stdio.o)
 .ARM.attributes
                0x0000000000000778       0x2d n:/st/stm32cubeide_1.10.1/stm32cubeide/plugins/com.st.stm32cube.ide.mcu.externaltools.gnu-tools-for-stm32.10.3-2021.10.win32_1.0.0.202111181127/tools/bin/../lib/gcc/arm-none-eabi/10.3.1/../../../../arm-none-eabi/lib/thumb/v7-m/nofp\libc_nano.a(lib_a-wbuf.o)
 .ARM.attributes
                0x00000000000007a5       0x2d n:/st/stm32cubeide_1.10.1/stm32cubeide/plugins/com.st.stm32cube.ide.mcu.externaltools.gnu-tools-for-stm32.10.3-2021.10.win32_1.0.0.202111181127/tools/bin/../lib/gcc/arm-none-eabi/10.3.1/../../../../arm-none-eabi/lib/thumb/v7-m/nofp\libc_nano.a(lib_a-writer.o)
 .ARM.attributes
                0x00000000000007d2       0x2d n:/st/stm32cubeide_1.10.1/stm32cubeide/plugins/com.st.stm32cube.ide.mcu.externaltools.gnu-tools-for-stm32.10.3-2021.10.win32_1.0.0.202111181127/tools/bin/../lib/gcc/arm-none-eabi/10.3.1/../../../../arm-none-eabi/lib/thumb/v7-m/nofp\libc_nano.a(lib_a-wsetup.o)
 .ARM.attributes
                0x00000000000007ff       0x2d n:/st/stm32cubeide_1.10.1/stm32cubeide/plugins/com.st.stm32cube.ide.mcu.externaltools.gnu-tools-for-stm32.10.3-2021.10.win32_1.0.0.202111181127/tools/bin/../lib/gcc/arm-none-eabi/10.3.1/../../../../arm-none-eabi/lib/thumb/v7-m/nofp\libc_nano.a(lib_a-closer.o)
 .ARM.attributes
                0x000000000000082c       0x2d n:/st/stm32cubeide_1.10.1/stm32cubeide/plugins/com.st.stm32cube.ide.mcu.externaltools.gnu-tools-for-stm32.10.3-2021.10.win32_1.0.0.202111181127/tools/bin/../lib/gcc/arm-none-eabi/10.3.1/../../../../arm-none-eabi/lib/thumb/v7-m/nofp\libc_nano.a(lib_a-fflush.o)
 .ARM.attributes
                0x0000000000000859       0x2d n:/st/stm32cubeide_1.10.1/stm32cubeide/plugins/com.st.stm32cube.ide.mcu.externaltools.gnu-tools-for-stm32.10.3-2021.10.win32_1.0.0.202111181127/tools/bin/../lib/gcc/arm-none-eabi/10.3.1/../../../../arm-none-eabi/lib/thumb/v7-m/nofp\libc_nano.a(lib_a-lseekr.o)
 .ARM.attributes
                0x0000000000000886       0x2d n:/st/stm32cubeide_1.10.1/stm32cubeide/plugins/com.st.stm32cube.ide.mcu.externaltools.gnu-tools-for-stm32.10.3-2021.10.win32_1.0.0.202111181127/tools/bin/../lib/gcc/arm-none-eabi/10.3.1/../../../../arm-none-eabi/lib/thumb/v7-m/nofp\libc_nano.a(lib_a-makebuf.o)
 .ARM.attributes
                0x00000000000008b3       0x2d n:/st/stm32cubeide_1.10.1/stm32cubeide/plugins/com.st.stm32cube.ide.mcu.externaltools.gnu-tools-for-stm32.10.3-2021.10.win32_1.0.0.202111181127/tools/bin/../lib/gcc/arm-none-eabi/10.3.1/../../../../arm-none-eabi/lib/thumb/v7-m/nofp\libc_nano.a(lib_a-memchr-stub.o)
 .ARM.attributes
                0x00000000000008e0       0x2d n:/st/stm32cubeide_1.10.1/stm32cubeide/plugins/com.st.stm32cube.ide.mcu.externaltools.gnu-tools-for-stm32.10.3-2021.10.win32_1.0.0.202111181127/tools/bin/../lib/gcc/arm-none-eabi/10.3.1/../../../../arm-none-eabi/lib/thumb/v7-m/nofp\libc_nano.a(lib_a-memcpy-stub.o)
 .ARM.attributes
                0x000000000000090d       0x2d n:/st/stm32cubeide_1.10.1/stm32cubeide/plugins/com.st.stm32cube.ide.mcu.externaltools.gnu-tools-for-stm32.10.3-2021.10.win32_1.0.0.202111181127/tools/bin/../lib/gcc/arm-none-eabi/10.3.1/../../../../arm-none-eabi/lib/thumb/v7-m/nofp\libc_nano.a(lib_a-memmove.o)
 .ARM.attributes
                0x000000000000093a       0x2d n:/st/stm32cubeide_1.10.1/stm32cubeide/plugins/com.st.stm32cube.ide.mcu.externaltools.gnu-tools-for-stm32.10.3-2021.10.win32_1.0.0.202111181127/tools/bin/../lib/gcc/arm-none-eabi/10.3.1/../../../../arm-none-eabi/lib/thumb/v7-m/nofp\libc_nano.a(lib_a-mlock.o)
 .ARM.attributes
                0x0000000000000967       0x2d n:/st/stm32cubeide_1.10.1/stm32cubeide/plugins/com.st.stm32cube.ide.mcu.externaltools.gnu-tools-for-stm32.10.3-2021.10.win32_1.0.0.202111181127/tools/bin/../lib/gcc/arm-none-eabi/10.3.1/../../../../arm-none-eabi/lib/thumb/v7-m/nofp\libc_nano.a(lib_a-nano-freer.o)
 .ARM.attributes
                0x0000000000000994       0x2d n:/st/stm32cubeide_1.10.1/stm32cubeide/plugins/com.st.stm32cube.ide.mcu.externaltools.gnu-tools-for-stm32.10.3-2021.10.win32_1.0.0.202111181127/tools/bin/../lib/gcc/arm-none-eabi/10.3.1/../../../../arm-none-eabi/lib/thumb/v7-m/nofp\libc_nano.a(lib_a-nano-reallocr.o)
 .ARM.attributes
                0x00000000000009c1       0x2d n:/st/stm32cubeide_1.10.1/stm32cubeide/plugins/com.st.stm32cube.ide.mcu.externaltools.gnu-tools-for-stm32.10.3-2021.10.win32_1.0.0.202111181127/tools/bin/../lib/gcc/arm-none-eabi/10.3.1/../../../../arm-none-eabi/lib/thumb/v7-m/nofp\libc_nano.a(lib_a-readr.o)
 .ARM.attributes
                0x00000000000009ee       0x2d n:/st/stm32cubeide_1.10.1/stm32cubeide/plugins/com.st.stm32cube.ide.mcu.externaltools.gnu-tools-for-stm32.10.3-2021.10.win32_1.0.0.202111181127/tools/bin/../lib/gcc/arm-none-eabi/10.3.1/../../../../arm-none-eabi/lib/thumb/v7-m/nofp\libc_nano.a(lib_a-reent.o)
 .ARM.attributes
                0x0000000000000a1b       0x2d n:/st/stm32cubeide_1.10.1/stm32cubeide/plugins/com.st.stm32cube.ide.mcu.externaltools.gnu-tools-for-stm32.10.3-2021.10.win32_1.0.0.202111181127/tools/bin/../lib/gcc/arm-none-eabi/10.3.1/../../../../arm-none-eabi/lib/thumb/v7-m/nofp\libc_nano.a(lib_a-fstatr.o)
 .ARM.attributes
                0x0000000000000a48       0x2d n:/st/stm32cubeide_1.10.1/stm32cubeide/plugins/com.st.stm32cube.ide.mcu.externaltools.gnu-tools-for-stm32.10.3-2021.10.win32_1.0.0.202111181127/tools/bin/../lib/gcc/arm-none-eabi/10.3.1/../../../../arm-none-eabi/lib/thumb/v7-m/nofp\libc_nano.a(lib_a-isattyr.o)
 .ARM.attributes
                0x0000000000000a75       0x2d n:/st/stm32cubeide_1.10.1/stm32cubeide/plugins/com.st.stm32cube.ide.mcu.externaltools.gnu-tools-for-stm32.10.3-2021.10.win32_1.0.0.202111181127/tools/bin/../lib/gcc/arm-none-eabi/10.3.1/../../../../arm-none-eabi/lib/thumb/v7-m/nofp\libc_nano.a(lib_a-nano-msizer.o)
 .ARM.attributes
                0x0000000000000aa2       0x2d n:/st/stm32cubeide_1.10.1/stm32cubeide/plugins/com.st.stm32cube.ide.mcu.externaltools.gnu-tools-for-stm32.10.3-2021.10.win32_1.0.0.202111181127/tools/bin/../lib/gcc/arm-none-eabi/10.3.1/../../../../arm-none-eabi/lib/thumb/v7-m/nofp\libm.a(lib_a-w_sqrt.o)
 .ARM.attributes
                0x0000000000000acf       0x2d n:/st/stm32cubeide_1.10.1/stm32cubeide/plugins/com.st.stm32cube.ide.mcu.externaltools.gnu-tools-for-stm32.10.3-2021.10.win32_1.0.0.202111181127/tools/bin/../lib/gcc/arm-none-eabi/10.3.1/../../../../arm-none-eabi/lib/thumb/v7-m/nofp\libm.a(lib_a-e_sqrt.o)
 .ARM.attributes
                0x0000000000000afc       0x1d n:/st/stm32cubeide_1.10.1/stm32cubeide/plugins/com.st.stm32cube.ide.mcu.externaltools.gnu-tools-for-stm32.10.3-2021.10.win32_1.0.0.202111181127/tools/bin/../lib/gcc/arm-none-eabi/10.3.1/thumb/v7-m/nofp\libgcc.a(_arm_addsubdf3.o)
 .ARM.attributes