Archive member included to satisfy reference by file (symbol)

d:/stm32/stm32cubeide_1.10.1/stm32cubeide/plugins/com.st.stm32cube.ide.mcu.externaltools.gnu-tools-for-stm32.10.3-2021.10.win32_1.0.0.202111181127/tools/bin/../lib/gcc/arm-none-eabi/10.3.1/../../../../arm-none-eabi/lib/thumb/v7-m/nofp\libc_nano.a(lib_a-errno.o)
                              ./Core/Src/syscalls.o (__errno)
d:/stm32/stm32cubeide_1.10.1/stm32cubeide/plugins/com.st.stm32cube.ide.mcu.externaltools.gnu-tools-for-stm32.10.3-2021.10.win32_1.0.0.202111181127/tools/bin/../lib/gcc/arm-none-eabi/10.3.1/../../../../arm-none-eabi/lib/thumb/v7-m/nofp\libc_nano.a(lib_a-exit.o)
                              d:/stm32/stm32cubeide_1.10.1/stm32cubeide/plugins/com.st.stm32cube.ide.mcu.externaltools.gnu-tools-for-stm32.10.3-2021.10.win32_1.0.0.202111181127/tools/bin/../lib/gcc/arm-none-eabi/10.3.1/../../../../arm-none-eabi/lib/thumb/v7-m/nofp/crt0.o (exit)
d:/stm32/stm32cubeide_1.10.1/stm32cubeide/plugins/com.st.stm32cube.ide.mcu.externaltools.gnu-tools-for-stm32.10.3-2021.10.win32_1.0.0.202111181127/tools/bin/../lib/gcc/arm-none-eabi/10.3.1/../../../../arm-none-eabi/lib/thumb/v7-m/nofp\libc_nano.a(lib_a-impure.o)
                              d:/stm32/stm32cubeide_1.10.1/stm32cubeide/plugins/com.st.stm32cube.ide.mcu.externaltools.gnu-tools-for-stm32.10.3-2021.10.win32_1.0.0.202111181127/tools/bin/../lib/gcc/arm-none-eabi/10.3.1/../../../../arm-none-eabi/lib/thumb/v7-m/nofp\libc_nano.a(lib_a-exit.o) (_global_impure_ptr)
d:/stm32/stm32cubeide_1.10.1/stm32cubeide/plugins/com.st.stm32cube.ide.mcu.externaltools.gnu-tools-for-stm32.10.3-2021.10.win32_1.0.0.202111181127/tools/bin/../lib/gcc/arm-none-eabi/10.3.1/../../../../arm-none-eabi/lib/thumb/v7-m/nofp\libc_nano.a(lib_a-init.o)
                              d:/stm32/stm32cubeide_1.10.1/stm32cubeide/plugins/com.st.stm32cube.ide.mcu.externaltools.gnu-tools-for-stm32.10.3-2021.10.win32_1.0.0.202111181127/tools/bin/../lib/gcc/arm-none-eabi/10.3.1/../../../../arm-none-eabi/lib/thumb/v7-m/nofp/crt0.o (__libc_init_array)
d:/stm32/stm32cubeide_1.10.1/stm32cubeide/plugins/com.st.stm32cube.ide.mcu.externaltools.gnu-tools-for-stm32.10.3-2021.10.win32_1.0.0.202111181127/tools/bin/../lib/gcc/arm-none-eabi/10.3.1/../../../../arm-none-eabi/lib/thumb/v7-m/nofp\libc_nano.a(lib_a-memset.o)
                              d:/stm32/stm32cubeide_1.10.1/stm32cubeide/plugins/com.st.stm32cube.ide.mcu.externaltools.gnu-tools-for-stm32.10.3-2021.10.win32_1.0.0.202111181127/tools/bin/../lib/gcc/arm-none-eabi/10.3.1/../../../../arm-none-eabi/lib/thumb/v7-m/nofp/crt0.o (memset)
d:/stm32/stm32cubeide_1.10.1/stm32cubeide/plugins/com.st.stm32cube.ide.mcu.externaltools.gnu-tools-for-stm32.10.3-2021.10.win32_1.0.0.202111181127/tools/bin/../lib/gcc/arm-none-eabi/10.3.1/../../../../arm-none-eabi/lib/thumb/v7-m/nofp\libc_nano.a(lib_a-printf.o)
                              ./Core/Src/ft5206.o (printf)
d:/stm32/stm32cubeide_1.10.1/stm32cubeide/plugins/com.st.stm32cube.ide.mcu.externaltools.gnu-tools-for-stm32.10.3-2021.10.win32_1.0.0.202111181127/tools/bin/../lib/gcc/arm-none-eabi/10.3.1/../../../../arm-none-eabi/lib/thumb/v7-m/nofp\libc_nano.a(lib_a-sprintf.o)
                              ./Core/Src/main.o (sprintf)
d:/stm32/stm32cubeide_1.10.1/stm32cubeide/plugins/com.st.stm32cube.ide.mcu.externaltools.gnu-tools-for-stm32.10.3-2021.10.win32_1.0.0.202111181127/tools/bin/../lib/gcc/arm-none-eabi/10.3.1/../../../../arm-none-eabi/lib/thumb/v7-m/nofp\libc_nano.a(lib_a-strcmp.o)
                              ./Core/Src/gt9147.o (strcmp)
d:/stm32/stm32cubeide_1.10.1/stm32cubeide/plugins/com.st.stm32cube.ide.mcu.externaltools.gnu-tools-for-stm32.10.3-2021.10.win32_1.0.0.202111181127/tools/bin/../lib/gcc/arm-none-eabi/10.3.1/../../../../arm-none-eabi/lib/thumb/v7-m/nofp\libc_nano.a(lib_a-strlen.o)
                              ./Core/Src/main.o (strlen)
d:/stm32/stm32cubeide_1.10.1/stm32cubeide/plugins/com.st.stm32cube.ide.mcu.externaltools.gnu-tools-for-stm32.10.3-2021.10.win32_1.0.0.202111181127/tools/bin/../lib/gcc/arm-none-eabi/10.3.1/../../../../arm-none-eabi/lib/thumb/v7-m/nofp\libc_nano.a(lib_a-findfp.o)
                              d:/stm32/stm32cubeide_1.10.1/stm32cubeide/plugins/com.st.stm32cube.ide.mcu.externaltools.gnu-tools-for-stm32.10.3-2021.10.win32_1.0.0.202111181127/tools/bin/../lib/gcc/arm-none-eabi/10.3.1/../../../../arm-none-eabi/lib/thumb/v7-m/nofp\libc_nano.a(lib_a-printf.o) (__sinit)
d:/stm32/stm32cubeide_1.10.1/stm32cubeide/plugins/com.st.stm32cube.ide.mcu.externaltools.gnu-tools-for-stm32.10.3-2021.10.win32_1.0.0.202111181127/tools/bin/../lib/gcc/arm-none-eabi/10.3.1/../../../../arm-none-eabi/lib/thumb/v7-m/nofp\libc_nano.a(lib_a-fwalk.o)
[...]
Memory Configuration

Name             Origin             Length             Attributes
RAM              0x0000000020000000 0x000000000000c000 xrw
FLASH            0x0000000008000000 0x0000000000040000 xr
*default*        0x0000000000000000 0xffffffffffffffff

Linker script and memory map

LOAD d:/stm32/stm32cubeide_1.10.1/stm32cubeide/plugins/com.st.stm32cube.ide.mcu.externaltools.gnu-tools-for-stm32.10.3-2021.10.win32_1.0.0.202111181127/tools/bin/../lib/gcc/arm-none-eabi/10.3.1/thumb/v7-m/nofp/crti.o
LOAD d:/stm32/stm32cubeide_1.10.1/stm32cubeide/plugins/com.st.stm32cube.ide.mcu.externaltools.gnu-tools-for-stm32.10.3-2021.10.win32_1.0.0.202111181127/tools/bin/../lib/gcc/arm-none-eabi/10.3.1/thumb/v7-m/nofp/crtbegin.o
LOAD d:/stm32/stm32cubeide_1.10.1/stm32cubeide/plugins/com.st.stm32cube.ide.mcu.externaltools.gnu-tools-for-stm32.10.3-2021.10.win32_1.0.0.202111181127/tools/bin/../lib/gcc/arm-none-eabi/10.3.1/../../../../arm-none-eabi/lib/thumb/v7-m/nofp/crt0.o
LOAD ./Core/Src/24cxx.o
LOAD ./Core/Src/24l01.o
LOAD ./Core/Src/ctiic.o
LOAD ./Core/Src/delay.o
LOAD ./Core/Src/ft5206.o
LOAD ./Core/Src/gt9147.o
LOAD ./Core/Src/key.o
LOAD ./Core/Src/lcd.o
LOAD ./Core/Src/led.o
LOAD ./Core/Src/main.o
LOAD ./Core/Src/myiic.o
LOAD ./Core/Src/ott2001a.o
LOAD ./Core/Src/spi.o
LOAD ./Core/Src/stm32f1xx_hal_msp.o
LOAD ./Core/Src/stm32f1xx_it.o
LOAD ./Core/Src/sys.o
LOAD ./Core/Src/syscalls.o
LOAD ./Core/Src/sysmem.o
LOAD ./Core/Src/system_stm32f1xx.o
LOAD ./Core/Src/touch.o
LOAD ./Core/Startup/startup_stm32f103rctx.o
LOAD ./Drivers/STM32F1xx_HAL_Driver/Src/stm32f1xx_hal.o
LOAD ./Drivers/STM32F1xx_HAL_Driver/Src/stm32f1xx_hal_cortex.o
LOAD ./Drivers/STM32F1xx_HAL_Driver/Src/stm32f1xx_hal_dma.o
LOAD ./Drivers/STM32F1xx_HAL_Driver/Src/stm32f1xx_hal_exti.o
LOAD ./Drivers/STM32F1xx_HAL_Driver/Src/stm32f1xx_hal_flash.o
LOAD ./Drivers/STM32F1xx_HAL_Driver/Src/stm32f1xx_hal_flash_ex.o
LOAD ./Drivers/STM32F1xx_HAL_Driver/Src/stm32f1xx_hal_gpio.o
LOAD ./Drivers/STM32F1xx_HAL_Driver/Src/stm32f1xx_hal_gpio_ex.o
LOAD ./Drivers/STM32F1xx_HAL_Driver/Src/stm32f1xx_hal_pwr.o
LOAD ./Drivers/STM32F1xx_HAL_Driver/Src/stm32f1xx_hal_rcc.o
LOAD ./Drivers/STM32F1xx_HAL_Driver/Src/stm32f1xx_hal_rcc_ex.o
LOAD ./Drivers/STM32F1xx_HAL_Driver/Src/stm32f1xx_hal_spi.o
LOAD ./Drivers/STM32F1xx_HAL_Driver/Src/stm32f1xx_hal_tim.o
LOAD ./Drivers/STM32F1xx_HAL_Driver/Src/stm32f1xx_hal_tim_ex.o
LOAD ./Drivers/STM32F1xx_HAL_Driver/Src/stm32f1xx_hal_uart.o
START GROUP
LOAD d:/stm32/stm32cubeide_1.10.1/stm32cubeide/plugins/com.st.stm32cube.ide.mcu.externaltools.gnu-tools-for-stm32.10.3-2021.10.win32_1.0.0.202111181127/tools/bin/../lib/gcc/arm-none-eabi/10.3.1/../../../../arm-none-eabi/lib/thumb/v7-m/nofp\libc_nano.a
LOAD d:/stm32/stm32cubeide_1.10.1/stm32cubeide/plugins/com.st.stm32cube.ide.mcu.externaltools.gnu-tools-for-stm32.10.3-2021.10.win32_1.0.0.202111181127/tools/bin/../lib/gcc/arm-none-eabi/10.3.1/../../../../arm-none-eabi/lib/thumb/v7-m/nofp\libm.a
END GROUP
START GROUP
LOAD d:/stm32/stm32cubeide_1.10.1/stm32cubeide/plugins/com.st.stm32cube.ide.mcu.externaltools.gnu-tools-for-stm32.10.3-2021.10.win32_1.0.0.202111181127/tools/bin/../lib/gcc/arm-none-eabi/10.3.1/thumb/v7-m/nofp\libgcc.a
LOAD d:/stm32/stm32cubeide_1.10.1/stm32cubeide/plugins/com.st.stm32cube.ide.mcu.externaltools.gnu-tools-for-stm32.10.3-2021.10.win32_1.0.0.202111181127/tools/bin/../lib/gcc/arm-none-eabi/10.3.1/../../../../arm-none-eabi/lib/thumb/v7-m/nofp\libc_nano.a
END GROUP
START GROUP
LOAD d:/stm32/stm32cubeide_1.10.1/stm32cubeide/plugins/com.st.stm32cube.ide.mcu.externaltools.gnu-tools-for-stm32.10.3-2021.10.win32_1.0.0.202111181127/tools/bin/../lib/gcc/arm-none-eabi/10.3.1/thumb/v7-m/nofp\libgcc.a
LOAD d:/stm32/stm32cubeide_1.10.1/stm32cubeide/plugins/com.st.stm32cube.ide.mcu.externaltools.gnu-tools-for-stm32.10.3-2021.10.win32_1.0.0.202111181127/tools/bin/../lib/gcc/arm-none-eabi/10.3.1/../../../../arm-none-eabi/lib/thumb/v7-m/nofp\libc_nano.a
LOAD d:/stm32/stm32cubeide_1.10.1/stm32cubeide/plugins/com.st.stm32cube.ide.mcu.externaltools.gnu-tools-for-stm32.10.3-2021.10.win32_1.0.0.202111181127/tools/bin/../lib/gcc/arm-none-eabi/10.3.1/../../../../arm-none-eabi/lib/thumb/v7-m/nofp\libnosys.a
END GROUP
START GROUP
LOAD d:/stm32/stm32cubeide_1.10.1/stm32cubeide/plugins/com.st.stm32cube.ide.mcu.externaltools.gnu-tools-for-stm32.10.3-2021.10.win32_1.0.0.202111181127/tools/bin/../lib/gcc/arm-none-eabi/10.3.1/thumb/v7-m/nofp\libgcc.a
LOAD d:/stm32/stm32cubeide_1.10.1/stm32cubeide/plugins/com.st.stm32cube.ide.mcu.externaltools.gnu-tools-for-stm32.10.3-2021.10.win32_1.0.0.202111181127/tools/bin/../lib/gcc/arm-none-eabi/10.3.1/../../../../arm-none-eabi/lib/thumb/v7-m/nofp\libc_nano.a
LOAD d:/stm32/stm32cubeide_1.10.1/stm32cubeide/plugins/com.st.stm32cube.ide.mcu.externaltools.gnu-tools-for-stm32.10.3-2021.10.win32_1.0.0.202111181127/tools/bin/../lib/gcc/arm-none-eabi/10.3.1/../../../../arm-none-eabi/lib/thumb/v7-m/nofp\libnosys.a
END GROUP
LOAD d:/stm32/stm32cubeide_1.10.1/stm32cubeide/plugins/com.st.stm32cube.ide.mcu.externaltools.gnu-tools-for-stm32.10.3-2021.10.win32_1.0.0.202111181127/tools/bin/../lib/gcc/arm-none-eabi/10.3.1/thumb/v7-m/nofp/crtend.o
LOAD d:/stm32/stm32cubeide_1.10.1/stm32cubeide/plugins/com.st.stm32cube.ide.mcu.externaltools.gnu-tools-for-stm32.10.3-2021.10.win32_1.0.0.202111181127/tools/bin/../lib/gcc/arm-none-eabi/10.3.1/thumb/v7-m/nofp/crtn.o
                0x000000002000c000                _estack = (ORIGIN (RAM) + LENGTH (RAM))
                0x0000000000000200                _Min_Heap_Size = 0x200
                0x0000000000000400                _Min_Stack_Size = 0x400

.isr_vector     0x0000000008000000      0x1e4
                0x0000000008000000                . = ALIGN (0x4)
 *(.isr_vector)
 .isr_vector    0x0000000008000000      0x1e4 ./Core/Startup/startup_stm32f103rctx.o
                0x0000000008000000                g_pfnVectors
                0x00000000080001e4                . = ALIGN (0x4)

.text           0x00000000080001e8     0xfd38
                0x00000000080001e8                . = ALIGN (0x4)
 *(.text)
 .text          0x00000000080001e8       0x40 d:/stm32/stm32cubeide_1.10.1/stm32cubeide/plugins/com.st.stm32cube.ide.mcu.externaltools.gnu-tools-for-stm32.10.3-2021.10.win32_1.0.0.202111181127/tools/bin/../lib/gcc/arm-none-eabi/10.3.1/thumb/v7-m/nofp/crtbegin.o
 .text          0x0000000008000228       0x14 d:/stm32/stm32cubeide_1.10.1/stm32cubeide/plugins/com.st.stm32cube.ide.mcu.externaltools.gnu-tools-for-stm32.10.3-2021.10.win32_1.0.0.202111181127/tools/bin/../lib/gcc/arm-none-eabi/10.3.1/../../../../arm-none-eabi/lib/thumb/v7-m/nofp\libc_nano.a(lib_a-strcmp.o)
                0x0000000008000228                strcmp
 .text          0x000000000800023c       0x10 d:/stm32/stm32cubeide_1.10.1/stm32cubeide/plugins/com.st.stm32cube.ide.mcu.externaltools.gnu-tools-for-stm32.10.3-2021.10.win32_1.0.0.202111181127/tools/bin/../lib/gcc/arm-none-eabi/10.3.1/../../../../arm-none-eabi/lib/thumb/v7-m/nofp\libc_nano.a(lib_a-strlen.o)
                0x000000000800023c                strlen
 .text          0x000000000800024c      0x378 d:/stm32/stm32cubeide_1.10.1/stm32cubeide/plugins/com.st.stm32cube.ide.mcu.externaltools.gnu-tools-for-stm32.10.3-2021.10.win32_1.0.0.202111181127/tools/bin/../lib/gcc/arm-none-eabi/10.3.1/thumb/v7-m/nofp\libgcc.a(_arm_addsubdf3.o)
                0x000000000800024c                __aeabi_drsub
                0x0000000008000254                __aeabi_dsub
                0x0000000008000254                __subdf3
                0x0000000008000258                __aeabi_dadd
                0x0000000008000258                __adddf3
                0x00000000080004d0                __floatunsidf
                0x00000000080004d0                __aeabi_ui2d
                0x00000000080004f0                __floatsidf
                0x00000000080004f0                __aeabi_i2d
                0x0000000008000514                __aeabi_f2d
                0x0000000008000514                __extendsfdf2
                0x0000000008000558                __floatundidf
                0x0000000008000558                __aeabi_ul2d
                0x0000000008000568                __floatdidf
                0x0000000008000568                __aeabi_l2d
 .text          0x00000000080005c4      0x424 d:/stm32/stm32cubeide_1.10.1/stm32cubeide/plugins/com.st.stm32cube.ide.mcu.externaltools.gnu-tools-for-stm32.10.3-2021.10.win32_1.0.0.202111181127/tools/bin/../lib/gcc/arm-none-eabi/10.3.1/thumb/v7-m/nofp\libgcc.a(_arm_muldivdf3.o)
                0x00000000080005c4                __aeabi_dmul
                0x00000000080005c4                __muldf3
                0x0000000008000818                __divdf3
                0x0000000008000818                __aeabi_ddiv
 .text          0x00000000080009e8      0x110 d:/stm32/stm32cubeide_1.10.1/stm32cubeide/plugins/com.st.stm32cube.ide.mcu.externaltools.gnu-tools-for-stm32.10.3-2021.10.win32_1.0.0.202111181127/tools/bin/../lib/gcc/arm-none-eabi/10.3.1/thumb/v7-m/nofp\libgcc.a(_arm_cmpdf2.o)
                0x00000000080009e8                __gtdf2
                0x00000000080009e8                __gedf2
                0x00000000080009f0                __ltdf2
                0x00000000080009f0                __ledf2
                0x00000000080009f8                __nedf2
                0x00000000080009f8                __eqdf2
                0x00000000080009f8                __cmpdf2
                0x0000000008000a74                __aeabi_cdrcmple
                0x0000000008000a84                __aeabi_cdcmpeq
                0x0000000008000a84                __aeabi_cdcmple
                0x0000000008000a94                __aeabi_dcmpeq
                0x0000000008000aa8                __aeabi_dcmplt
                0x0000000008000abc                __aeabi_dcmple
                0x0000000008000ad0                __aeabi_dcmpge
                0x0000000008000ae4                __aeabi_dcmpgt
 .text          0x0000000008000af8       0x2c d:/stm32/stm32cubeide_1.10.1/stm32cubeide/plugins/com.st.stm32cube.ide.mcu.externaltools.gnu-tools-for-stm32.10.3-2021.10.win32_1.0.0.202111181127/tools/bin/../lib/gcc/arm-none-eabi/10.3.1/thumb/v7-m/nofp\libgcc.a(_arm_unorddf2.o)
                0x0000000008000af8                __unorddf2
                0x0000000008000af8                __aeabi_dcmpun
 .text          0x0000000008000b24       0x50 d:/stm32/stm32cubeide_1.10.1/stm32cubeide/plugins/com.st.stm32cube.ide.mcu.externaltools.gnu-tools-for-stm32.10.3-2021.10.win32_1.0.0.202111181127/tools/bin/../lib/gcc/arm-none-eabi/10.3.1/thumb/v7-m/nofp\libgcc.a(_arm_fixdfsi.o)
                0x0000000008000b24                __aeabi_d2iz
                0x0000000008000b24                __fixdfsi
 .text          0x0000000008000b74       0x40 d:/stm32/stm32cubeide_1.10.1/stm32cubeide/plugins/com.st.stm32cube.ide.mcu.externaltools.gnu-tools-for-stm32.10.3-2021.10.win32_1.0.0.202111181127/tools/bin/../lib/gcc/arm-none-eabi/10.3.1/thumb/v7-m/nofp\libgcc.a(_arm_fixunsdfsi.o)
                0x0000000008000b74                __aeabi_d2uiz
                0x0000000008000b74                __fixunsdfsi
 .text          0x0000000008000bb4      0x21c d:/stm32/stm32cubeide_1.10.1/stm32cubeide/plugins/com.st.stm32cube.ide.mcu.externaltools.gnu-tools-for-stm32.10.3-2021.10.win32_1.0.0.202111181127/tools/bin/../lib/gcc/arm-none-eabi/10.3.1/thumb/v7-m/nofp\libgcc.a(_arm_addsubsf3.o)
                0x0000000008000bb4                __aeabi_frsub
                0x0000000008000bbc                __subsf3
                0x0000000008000bbc                __aeabi_fsub
                0x0000000008000bc0                __aeabi_fadd
                0x0000000008000bc0                __addsf3
                0x0000000008000d20                __aeabi_ui2f
                0x0000000008000d20                __floatunsisf
                0x0000000008000d28                __aeabi_i2f
                0x0000000008000d28                __floatsisf
                0x0000000008000d44                __aeabi_ul2f
                0x0000000008000d44                __floatundisf
                0x0000000008000d54                __aeabi_l2f
                0x0000000008000d54                __floatdisf
 .text          0x0000000008000dd0      0x2a0 d:/stm32/stm32cubeide_1.10.1/stm32cubeide/plugins/com.st.stm32cube.ide.mcu.externaltools.gnu-tools-for-stm32.10.3-2021.10.win32_1.0.0.202111181127/tools/bin/../lib/gcc/arm-none-eabi/10.3.1/thumb/v7-m/nofp\libgcc.a(_arm_muldivsf3.o)
                0x0000000008000dd0                __mulsf3
                0x0000000008000dd0                __aeabi_fmul
                0x0000000008000f38                __aeabi_fdiv
                0x0000000008000f38                __divsf3
 .text          0x0000000008001070       0x4c d:/stm32/stm32cubeide_1.10.1/stm32cubeide/plugins/com.st.stm32cube.ide.mcu.externaltools.gnu-tools-for-stm32.10.3-2021.10.win32_1.0.0.202111181127/tools/bin/../lib/gcc/arm-none-eabi/10.3.1/thumb/v7-m/nofp\libgcc.a(_arm_fixsfsi.o)
                0x0000000008001070                __aeabi_f2iz
                0x0000000008001070                __fixsfsi
 .text          0x00000000080010bc       0x40 d:/stm32/stm32cubeide_1.10.1/stm32cubeide/plugins/com.st.stm32cube.ide.mcu.externaltools.gnu-tools-for-stm32.10.3-2021.10.win32_1.0.0.202111181127/tools/bin/../lib/gcc/arm-none-eabi/10.3.1/thumb/v7-m/nofp\libgcc.a(_arm_fixunssfsi.o)
                0x00000000080010bc                __fixunssfsi
                0x00000000080010bc                __aeabi_f2uiz
 *(.text*)
 .text.AT24CXX_Init
                0x00000000080010fc        0xc ./Core/Src/24cxx.o
                0x00000000080010fc                AT24CXX_Init
 .text.AT24CXX_ReadOneByte
                0x0000000008001108       0x60 ./Core/Src/24cxx.o
                0x0000000008001108                AT24CXX_ReadOneByte
 .text.AT24CXX_WriteOneByte
                0x0000000008001168       0x5a ./Core/Src/24cxx.o
                0x0000000008001168                AT24CXX_WriteOneByte
 .text.AT24CXX_Read
                0x00000000080011c2       0x3e ./Core/Src/24cxx.o
                0x00000000080011c2                AT24CXX_Read
 .text.AT24CXX_Write
                0x0000000008001200       0x40 ./Core/Src/24cxx.o
                0x0000000008001200                AT24CXX_Write
 .text.NRF24L01_SPI_Init
                0x0000000008001240       0x40 ./Core/Src/24l01.o
                0x0000000008001240                NRF24L01_SPI_Init
 .text.NRF24L01_Init
                0x0000000008001280       0xd0 ./Core/Src/24l01.o
                0x0000000008001280                NRF24L01_Init
 .text.NRF24L01_Check
                0x0000000008001350       0x70 ./Core/Src/24l01.o
                0x0000000008001350                NRF24L01_Check
 .text.NRF24L01_Write_Reg
                0x00000000080013c0       0x40 ./Core/Src/24l01.o
                0x00000000080013c0                NRF24L01_Write_Reg
 .text.NRF24L01_Read_Buf
                0x0000000008001400       0x5c ./Core/Src/24l01.o
                0x0000000008001400                NRF24L01_Read_Buf
 .text.NRF24L01_Write_Buf
                0x000000000800145c       0x58 ./Core/Src/24l01.o
                0x000000000800145c                NRF24L01_Write_Buf
 .text.NRF24L01_RX_Mode
                0x00000000080014b4       0x64 ./Core/Src/24l01.o
                0x00000000080014b4                NRF24L01_RX_Mode
 .text.NRF24L01_TX_Mode
                0x0000000008001518       0x70 ./Core/Src/24l01.o
                0x0000000008001518                NRF24L01_TX_Mode
 .text.CT_Delay
                0x0000000008001588        0xe ./Core/Src/ctiic.o
                0x0000000008001588                CT_Delay
 *fill*         0x0000000008001596        0x2 
 .text.CT_IIC_Init
                0x0000000008001598       0x60 ./Core/Src/ctiic.o
                0x0000000008001598                CT_IIC_Init
 .text.CT_IIC_Start
                0x00000000080015f8       0x50 ./Core/Src/ctiic.o
                0x00000000080015f8                CT_IIC_Start
 .text.CT_IIC_Stop
                0x0000000008001648       0x48 ./Core/Src/ctiic.o
                0x0000000008001648                CT_IIC_Stop
 .text.CT_IIC_Wait_Ack
                0x0000000008001690       0x74 ./Core/Src/ctiic.o
                0x0000000008001690                CT_IIC_Wait_Ack
 .text.CT_IIC_Ack
                0x0000000008001704       0x50 ./Core/Src/ctiic.o
                0x0000000008001704                CT_IIC_Ack
 .text.CT_IIC_NAck
                0x0000000008001754       0x50 ./Core/Src/ctiic.o
                0x0000000008001754                CT_IIC_NAck
 .text.CT_IIC_Send_Byte
                0x00000000080017a4       0x78 ./Core/Src/ctiic.o
                0x00000000080017a4                CT_IIC_Send_Byte
 .text.CT_IIC_Read_Byte
                0x000000000800181c       0x88 ./Core/Src/ctiic.o
                0x000000000800181c                CT_IIC_Read_Byte
 .text.delay_init
                0x00000000080018a4       0x24 ./Core/Src/delay.o
                0x00000000080018a4                delay_init
 .text.delay_us
                0x00000000080018c8       0x7c ./Core/Src/delay.o
                0x00000000080018c8                delay_us
 .text.delay_ms
                0x0000000008001944       0x30 ./Core/Src/delay.o
                0x0000000008001944                delay_ms
 .text.FT5206_WR_Reg
                0x0000000008001974       0x72 ./Core/Src/ft5206.o
                0x0000000008001974                FT5206_WR_Reg
 .text.FT5206_RD_Reg
                0x00000000080019e6       0x7c ./Core/Src/ft5206.o
                0x00000000080019e6                FT5206_RD_Reg
 *fill*         0x0000000008001a62        0x2 
 .text.FT5206_Init
                0x0000000008001a64       0xf4 ./Core/Src/ft5206.o
                0x0000000008001a64                FT5206_Init
 .text.FT5206_Scan
                0x0000000008001b58      0x230 ./Core/Src/ft5206.o
                0x0000000008001b58                FT5206_Scan
 .text.GT9147_Send_Cfg
                0x0000000008001d88       0x68 ./Core/Src/gt9147.o
                0x0000000008001d88                GT9147_Send_Cfg
 .text.GT9147_WR_Reg
                0x0000000008001df0       0x84 ./Core/Src/gt9147.o
                0x0000000008001df0                GT9147_WR_Reg
 .text.GT9147_RD_Reg
                0x0000000008001e74       0x8e ./Core/Src/gt9147.o
                0x0000000008001e74                GT9147_RD_Reg
 *fill*         0x0000000008001f02        0x2 
 .text.GT9147_Init
                0x0000000008001f04      0x138 ./Core/Src/gt9147.o
                0x0000000008001f04                GT9147_Init
 .text.GT9147_Scan
                0x000000000800203c      0x274 ./Core/Src/gt9147.o
                0x000000000800203c                GT9147_Scan
 .text.KEY_Init
                0x00000000080022b0       0x90 ./Core/Src/key.o
                0x00000000080022b0                KEY_Init
 .text.KEY_Scan
                0x0000000008002340       0xdc ./Core/Src/key.o
                0x0000000008002340                KEY_Scan
 .text.LCD_WR_REG
                0x000000000800241c       0x48 ./Core/Src/lcd.o
                0x000000000800241c                LCD_WR_REG
 .text.LCD_WR_DATAX
                0x0000000008002464       0x48 ./Core/Src/lcd.o
                0x0000000008002464                LCD_WR_DATAX
 .text.opt_delay
                0x00000000080024ac       0x22 ./Core/Src/lcd.o
                0x00000000080024ac                opt_delay
 *fill*         0x00000000080024ce        0x2 
 .text.LCD_RD_DATA
                0x00000000080024d0       0x78 ./Core/Src/lcd.o
                0x00000000080024d0                LCD_RD_DATA
 .text.LCD_WriteReg
                0x0000000008002548       0x54 ./Core/Src/lcd.o
                0x0000000008002548                LCD_WriteReg
 .text.LCD_WriteRAM_Prepare
                0x000000000800259c       0x18 ./Core/Src/lcd.o
                0x000000000800259c                LCD_WriteRAM_Prepare
 .text.LCD_SetCursor
                0x00000000080025b4      0x454 ./Core/Src/lcd.o
                0x00000000080025b4                LCD_SetCursor
 .text.LCD_Scan_Dir
                0x0000000008002a08      0x52c ./Core/Src/lcd.o
                0x0000000008002a08                LCD_Scan_Dir
 .text.LCD_DrawPoint
                0x0000000008002f34       0x60 ./Core/Src/lcd.o
                0x0000000008002f34                LCD_DrawPoint
 .text.LCD_Fast_DrawPoint
                0x0000000008002f94      0x3f4 ./Core/Src/lcd.o
                0x0000000008002f94                LCD_Fast_DrawPoint
 .text.LCD_SSD_BackLightSet
                0x0000000008003388      0x148 ./Core/Src/lcd.o
                0x0000000008003388                LCD_SSD_BackLightSet
 .text.LCD_Display_Dir
                0x00000000080034d0      0x170 ./Core/Src/lcd.o
                0x00000000080034d0                LCD_Display_Dir
 .text.LCD_Init
                0x0000000008003640     0x2c24 ./Core/Src/lcd.o
                0x0000000008003640                LCD_Init
 .text.LCD_Clear
                0x0000000008006264       0x84 ./Core/Src/lcd.o
                0x0000000008006264                LCD_Clear
 .text.LCD_Fill
                0x00000000080062e8       0xa4 ./Core/Src/lcd.o
                0x00000000080062e8                LCD_Fill
 .text.LCD_DrawLine
                0x000000000800638c      0x108 ./Core/Src/lcd.o
                0x000000000800638c                LCD_DrawLine
 .text.LCD_Draw_Circle
                0x0000000008006494      0x13a ./Core/Src/lcd.o
                0x0000000008006494                LCD_Draw_Circle
 *fill*         0x00000000080065ce        0x2 
 .text.LCD_ShowChar
                0x00000000080065d0      0x15c ./Core/Src/lcd.o
                0x00000000080065d0                LCD_ShowChar
 .text.LCD_Pow  0x000000000800672c       0x36 ./Core/Src/lcd.o
                0x000000000800672c                LCD_Pow
 *fill*         0x0000000008006762        0x2 
 .text.LCD_ShowNum
                0x0000000008006764       0xe4 ./Core/Src/lcd.o
                0x0000000008006764                LCD_ShowNum
 .text.LCD_ShowString
                0x0000000008006848       0x9a ./Core/Src/lcd.o
                0x0000000008006848                LCD_ShowString
 *fill*         0x00000000080068e2        0x2 
 .text.LCD_ShowPika
                0x00000000080068e4       0xf0 ./Core/Src/lcd.o
                0x00000000080068e4                LCD_ShowPika
 .text.LCD_ShowMonster
                0x00000000080069d4       0xf0 ./Core/Src/lcd.o
                0x00000000080069d4                LCD_ShowMonster
 .text.LCD_ShowSword
                0x0000000008006ac4       0xf0 ./Core/Src/lcd.o
                0x0000000008006ac4                LCD_ShowSword
 .text.LCD_ShowBag
                0x0000000008006bb4       0xf0 ./Core/Src/lcd.o
                0x0000000008006bb4                LCD_ShowBag
 .text.LCD_ShowAbility
                0x0000000008006ca4       0xf0 ./Core/Src/lcd.o
                0x0000000008006ca4                LCD_ShowAbility
 .text.LCD_ShowRun
                0x0000000008006d94       0xf0 ./Core/Src/lcd.o
                0x0000000008006d94                LCD_ShowRun
 .text.LED_Init
                0x0000000008006e84       0x90 ./Core/Src/led.o
                0x0000000008006e84                LED_Init
 *fill*         0x0000000008006f14        0x4 
 .text.beAttacked
                0x0000000008006f18       0x98 ./Core/Src/main.o
 .text.attackSkill
                0x0000000008006fb0       0x84 ./Core/Src/main.o
 .text.judgeMP  0x0000000008007034       0x26 ./Core/Src/main.o
 .text.judgeCount
                0x000000000800705a       0x20 ./Core/Src/main.o
 *fill*         0x000000000800707a        0x2 
 .text.useItem  0x000000000800707c       0xb4 ./Core/Src/main.o
 .text.normailzeATKValue
                0x0000000008007130       0x1a ./Core/Src/main.o
 .text.newCharacter
                0x000000000800714a       0x78 ./Core/Src/main.o
 .text.newSkill
                0x00000000080071c2       0x64 ./Core/Src/main.o
 .text.newItem  0x0000000008007226       0x64 ./Core/Src/main.o
 *fill*         0x000000000800728a        0x2 
 .text.Load_Drow_Dialog
                0x000000000800728c       0x48 ./Core/Src/main.o
                0x000000000800728c                Load_Drow_Dialog
 .text.screen_print
                0x00000000080072d4      0x42c ./Core/Src/main.o
                0x00000000080072d4                screen_print
 .text.screen_norm_print
                0x0000000008007700      0x46c ./Core/Src/main.o
                0x0000000008007700                screen_norm_print
 .text.screen_menu2_print
                0x0000000008007b6c      0x48c ./Core/Src/main.o
                0x0000000008007b6c                screen_menu2_print
 .text.screen_menu3_print
                0x0000000008007ff8      0x41c ./Core/Src/main.o
                0x0000000008007ff8                screen_menu3_print
 .text.change_state
                0x0000000008008414       0x40 ./Core/Src/main.o
                0x0000000008008414                change_state
 .text.rtp_test
                0x0000000008008454      0x78c ./Core/Src/main.o
                0x0000000008008454                rtp_test
 .text.main     0x0000000008008be0      0x5fc ./Core/Src/main.o
                0x0000000008008be0                main
 .text.SystemClock_Config
                0x00000000080091dc       0x8a ./Core/Src/main.o
                0x00000000080091dc                SystemClock_Config
 *fill*         0x0000000008009266        0x2 
 .text.MX_SPI1_Init
                0x0000000008009268       0x6c ./Core/Src/main.o
 .text.MX_TIM3_Init
                0x00000000080092d4       0x9c ./Core/Src/main.o
 .text.MX_USART1_UART_Init
                0x0000000008009370       0x54 ./Core/Src/main.o
 .text.MX_GPIO_Init
                0x00000000080093c4       0xa8 ./Core/Src/main.o
 .text.Error_Handler
                0x000000000800946c        0xa ./Core/Src/main.o
                0x000000000800946c                Error_Handler
 *fill*         0x0000000008009476        0x2 
 .text.IIC_Init
                0x0000000008009478       0x60 ./Core/Src/myiic.o
                0x0000000008009478                IIC_Init
 .text.IIC_Start
                0x00000000080094d8       0x50 ./Core/Src/myiic.o
                0x00000000080094d8                IIC_Start
 .text.IIC_Stop
                0x0000000008009528       0x50 ./Core/Src/myiic.o
                0x0000000008009528                IIC_Stop
 .text.IIC_Wait_Ack
                0x0000000008009578       0x78 ./Core/Src/myiic.o
                0x0000000008009578                IIC_Wait_Ack
 .text.IIC_Ack  0x00000000080095f0       0x50 ./Core/Src/myiic.o
                0x00000000080095f0                IIC_Ack
 .text.IIC_NAck
                0x0000000008009640       0x50 ./Core/Src/myiic.o
                0x0000000008009640                IIC_NAck
 .text.IIC_Send_Byte
                0x0000000008009690       0x80 ./Core/Src/myiic.o
                0x0000000008009690                IIC_Send_Byte
 .text.IIC_Read_Byte
                0x0000000008009710       0x8c ./Core/Src/myiic.o
                0x0000000008009710                IIC_Read_Byte
 .text.OTT2001A_WR_Reg
                0x000000000800979c       0x84 ./Core/Src/ott2001a.o
                0x000000000800979c                OTT2001A_WR_Reg
 .text.OTT2001A_RD_Reg
                0x0000000008009820       0x8e ./Core/Src/ott2001a.o
                0x0000000008009820                OTT2001A_RD_Reg
 .text.OTT2001A_SensorControl
                0x00000000080098ae       0x30 ./Core/Src/ott2001a.o
                0x00000000080098ae                OTT2001A_SensorControl
 *fill*         0x00000000080098de        0x2 
 .text.OTT2001A_Init
                0x00000000080098e0       0xb0 ./Core/Src/ott2001a.o
                0x00000000080098e0                OTT2001A_Init
 .text.OTT2001A_Scan
                0x0000000008009990      0x254 ./Core/Src/ott2001a.o
                0x0000000008009990                OTT2001A_Scan
 .text.SPI1_Init
                0x0000000008009be4       0x78 ./Core/Src/spi.o
                0x0000000008009be4                SPI1_Init
 .text.SPI1_SetSpeed
                0x0000000008009c5c       0x5c ./Core/Src/spi.o
                0x0000000008009c5c                SPI1_SetSpeed
 .text.SPI1_ReadWriteByte
                0x0000000008009cb8       0x2c ./Core/Src/spi.o
                0x0000000008009cb8                SPI1_ReadWriteByte
 .text.HAL_MspInit
                0x0000000008009ce4       0x64 ./Core/Src/stm32f1xx_hal_msp.o
                0x0000000008009ce4                HAL_MspInit
 .text.HAL_SPI_MspInit
                0x0000000008009d48       0x94 ./Core/Src/stm32f1xx_hal_msp.o
                0x0000000008009d48                HAL_SPI_MspInit
 .text.HAL_TIM_Base_MspInit
                0x0000000008009ddc       0x4c ./Core/Src/stm32f1xx_hal_msp.o
                0x0000000008009ddc                HAL_TIM_Base_MspInit
 .text.HAL_UART_MspInit
                0x0000000008009e28       0xa8 ./Core/Src/stm32f1xx_hal_msp.o
                0x0000000008009e28                HAL_UART_MspInit
 .text.beAttacked
                0x0000000008009ed0       0x98 ./Core/Src/stm32f1xx_it.o
 .text.attackSkill
                0x0000000008009f68       0x84 ./Core/Src/stm32f1xx_it.o
 .text.healSkill
                0x0000000008009fec       0x44 ./Core/Src/stm32f1xx_it.o
 .text.upATK    0x000000000800a030       0x30 ./Core/Src/stm32f1xx_it.o
 .text.upDEF    0x000000000800a060       0x30 ./Core/Src/stm32f1xx_it.o
 .text.downATK  0x000000000800a090       0x32 ./Core/Src/stm32f1xx_it.o
 .text.downDEF  0x000000000800a0c2       0x32 ./Core/Src/stm32f1xx_it.o
 .text.judgeMP  0x000000000800a0f4       0x26 ./Core/Src/stm32f1xx_it.o
 .text.judgeCount
                0x000000000800a11a       0x20 ./Core/Src/stm32f1xx_it.o
 *fill*         0x000000000800a13a        0x2 
 .text.useItem  0x000000000800a13c       0xb4 ./Core/Src/stm32f1xx_it.o
 .text.normailzeATKValue
                0x000000000800a1f0       0x1a ./Core/Src/stm32f1xx_it.o
 .text.normailzeDEFValue
                0x000000000800a20a       0x1a ./Core/Src/stm32f1xx_it.o
 .text.NMI_Handler
                0x000000000800a224        0x6 ./Core/Src/stm32f1xx_it.o
                0x000000000800a224                NMI_Handler
 .text.HardFault_Handler
                0x000000000800a22a        0x6 ./Core/Src/stm32f1xx_it.o
                0x000000000800a22a                HardFault_Handler
 .text.MemManage_Handler
                0x000000000800a230        0x6 ./Core/Src/stm32f1xx_it.o
                0x000000000800a230                MemManage_Handler
 .text.BusFault_Handler
                0x000000000800a236        0x6 ./Core/Src/stm32f1xx_it.o
                0x000000000800a236                BusFault_Handler
 .text.UsageFault_Handler
                0x000000000800a23c        0x6 ./Core/Src/stm32f1xx_it.o
                0x000000000800a23c                UsageFault_Handler
 .text.SVC_Handler
                0x000000000800a242        0xc ./Core/Src/stm32f1xx_it.o
                0x000000000800a242                SVC_Handler
 .text.DebugMon_Handler
                0x000000000800a24e        0xc ./Core/Src/stm32f1xx_it.o
                0x000000000800a24e                DebugMon_Handler
 .text.PendSV_Handler
                0x000000000800a25a        0xc ./Core/Src/stm32f1xx_it.o
                0x000000000800a25a                PendSV_Handler
 .text.SysTick_Handler
                0x000000000800a266        0xc ./Core/Src/stm32f1xx_it.o
                0x000000000800a266                SysTick_Handler
 *fill*         0x000000000800a272        0x2 
 .text.TIM3_IRQHandler
                0x000000000800a274       0x14 ./Core/Src/stm32f1xx_it.o
                0x000000000800a274                TIM3_IRQHandler
 .text.USART1_IRQHandler
                0x000000000800a288       0x20 ./Core/Src/stm32f1xx_it.o
                0x000000000800a288                USART1_IRQHandler
 .text.HAL_UART_RxCpltCallback
                0x000000000800a2a8      0x3d0 ./Core/Src/stm32f1xx_it.o
                0x000000000800a2a8                HAL_UART_RxCpltCallback
 .text.changeCharacter
                0x000000000800a678       0x58 ./Core/Src/stm32f1xx_it.o
                0x000000000800a678                changeCharacter
 .text.HAL_TIM_PeriodElapsedCallback
                0x000000000800a6d0      0x420 ./Core/Src/stm32f1xx_it.o
                0x000000000800a6d0                HAL_TIM_PeriodElapsedCallback
 .text.printCharaterState
                0x000000000800aaf0      0x12c ./Core/Src/stm32f1xx_it.o
                0x000000000800aaf0                printCharaterState
 .text.blinkRed
                0x000000000800ac1c       0x28 ./Core/Src/stm32f1xx_it.o
                0x000000000800ac1c                blinkRed
 .text.blinkGreen
                0x000000000800ac44       0x24 ./Core/Src/stm32f1xx_it.o
                0x000000000800ac44                blinkGreen
 .text.Stm32_Clock_Init
                0x000000000800ac68       0x7e ./Core/Src/sys.o
                0x000000000800ac68                Stm32_Clock_Init
 .text._read    0x000000000800ace6       0x3a ./Core/Src/syscalls.o
                0x000000000800ace6                _read
 .text._write   0x000000000800ad20       0x38 ./Core/Src/syscalls.o
                0x000000000800ad20                _write
 .text._close   0x000000000800ad58       0x16 ./Core/Src/syscalls.o
                0x000000000800ad58                _close
 .text._fstat   0x000000000800ad6e       0x1e ./Core/Src/syscalls.o
                0x000000000800ad6e                _fstat
 .text._isatty  0x000000000800ad8c       0x14 ./Core/Src/syscalls.o
                0x000000000800ad8c                _isatty
 .text._lseek   0x000000000800ada0       0x18 ./Core/Src/syscalls.o
                0x000000000800ada0                _lseek
 .text._sbrk    0x000000000800adb8       0x6c ./Core/Src/sysmem.o
                0x000000000800adb8                _sbrk
 .text.SystemInit
                0x000000000800ae24        0xc ./Core/Src/system_stm32f1xx.o
                0x000000000800ae24                SystemInit
 .text.TP_Write_Byte
                0x000000000800ae30       0x60 ./Core/Src/touch.o
                0x000000000800ae30                TP_Write_Byte
 .text.TP_Read_AD
                0x000000000800ae90       0xb0 ./Core/Src/touch.o
                0x000000000800ae90                TP_Read_AD
 .text.TP_Read_XOY
                0x000000000800af40       0xf4 ./Core/Src/touch.o
                0x000000000800af40                TP_Read_XOY
 .text.TP_Read_XY
                0x000000000800b034       0x44 ./Core/Src/touch.o
                0x000000000800b034                TP_Read_XY
 .text.TP_Read_XY2
                0x000000000800b078       0xc4 ./Core/Src/touch.o
                0x000000000800b078                TP_Read_XY2
 .text.TP_Drow_Touch_Point
                0x000000000800b13c       0xa8 ./Core/Src/touch.o
                0x000000000800b13c                TP_Drow_Touch_Point
 .text.TP_Draw_Big_Point
                0x000000000800b1e4       0x64 ./Core/Src/touch.o
                0x000000000800b1e4                TP_Draw_Big_Point
 .text.TP_Scan  0x000000000800b248      0x13c ./Core/Src/touch.o
                0x000000000800b248                TP_Scan
 .text.TP_Save_Adjdata
                0x000000000800b384       0x20 ./Core/Src/touch.o
                0x000000000800b384                TP_Save_Adjdata
 .text.TP_Get_Adjdata
                0x000000000800b3a4       0x64 ./Core/Src/touch.o
                0x000000000800b3a4                TP_Get_Adjdata
 .text.TP_Adj_Info_Show
                0x000000000800b408      0x1c4 ./Core/Src/touch.o
                0x000000000800b408                TP_Adj_Info_Show
 *fill*         0x000000000800b5cc        0x4 
 .text.TP_Adjust
                0x000000000800b5d0      0x878 ./Core/Src/touch.o
                0x000000000800b5d0                TP_Adjust
 .text.TP_Init  0x000000000800be48      0x154 ./Core/Src/touch.o
                0x000000000800be48                TP_Init
 .text.Reset_Handler
                0x000000000800bf9c       0x48 ./Core/Startup/startup_stm32f103rctx.o
                0x000000000800bf9c                Reset_Handler
 .text.Default_Handler
                0x000000000800bfe4        0x2 ./Core/Startup/startup_stm32f103rctx.o
                0x000000000800bfe4                RTC_Alarm_IRQHandler
                0x000000000800bfe4                EXTI2_IRQHandler
                0x000000000800bfe4                TIM8_TRG_COM_IRQHandler
                0x000000000800bfe4                TIM8_CC_IRQHandler
                0x000000000800bfe4                TIM1_CC_IRQHandler
                0x000000000800bfe4                TIM6_IRQHandler
                0x000000000800bfe4                PVD_IRQHandler
                0x000000000800bfe4                SDIO_IRQHandler
                0x000000000800bfe4                EXTI3_IRQHandler
                0x000000000800bfe4                EXTI0_IRQHandler
                0x000000000800bfe4                I2C2_EV_IRQHandler
                0x000000000800bfe4                ADC1_2_IRQHandler
                0x000000000800bfe4                SPI1_IRQHandler
                0x000000000800bfe4                TAMPER_IRQHandler
                0x000000000800bfe4                TIM8_UP_IRQHandler
                0x000000000800bfe4                DMA2_Channel2_IRQHandler
                0x000000000800bfe4                DMA1_Channel4_IRQHandler
                0x000000000800bfe4                USART3_IRQHandler
                0x000000000800bfe4                RTC_IRQHandler
                0x000000000800bfe4                DMA1_Channel7_IRQHandler
                0x000000000800bfe4                CAN1_RX1_IRQHandler
                0x000000000800bfe4                UART5_IRQHandler
                0x000000000800bfe4                ADC3_IRQHandler
                0x000000000800bfe4                TIM4_IRQHandler
                0x000000000800bfe4                DMA2_Channel1_IRQHandler
                0x000000000800bfe4                I2C1_EV_IRQHandler
                0x000000000800bfe4                DMA1_Channel6_IRQHandler
                0x000000000800bfe4                UART4_IRQHandler
                0x000000000800bfe4                RCC_IRQHandler
                0x000000000800bfe4                TIM1_TRG_COM_IRQHandler
                0x000000000800bfe4                DMA1_Channel1_IRQHandler
                0x000000000800bfe4                Default_Handler
                0x000000000800bfe4                EXTI15_10_IRQHandler
                0x000000000800bfe4                TIM7_IRQHandler
                0x000000000800bfe4                TIM5_IRQHandler
                0x000000000800bfe4                EXTI9_5_IRQHandler
                0x000000000800bfe4                SPI2_IRQHandler
                0x000000000800bfe4                DMA1_Channel5_IRQHandler
                0x000000000800bfe4                EXTI4_IRQHandler
                0x000000000800bfe4                USB_LP_CAN1_RX0_IRQHandler
                0x000000000800bfe4                USB_HP_CAN1_TX_IRQHandler
                0x000000000800bfe4                DMA1_Channel3_IRQHandler
                0x000000000800bfe4                FSMC_IRQHandler
                0x000000000800bfe4                TIM1_UP_IRQHandler
                0x000000000800bfe4                WWDG_IRQHandler
                0x000000000800bfe4                TIM2_IRQHandler
                0x000000000800bfe4                TIM1_BRK_IRQHandler
                0x000000000800bfe4                EXTI1_IRQHandler
                0x000000000800bfe4                DMA2_Channel4_5_IRQHandler
                0x000000000800bfe4                USART2_IRQHandler
                0x000000000800bfe4                I2C2_ER_IRQHandler
                0x000000000800bfe4                DMA1_Channel2_IRQHandler
                0x000000000800bfe4                TIM8_BRK_IRQHandler
                0x000000000800bfe4                CAN1_SCE_IRQHandler
                0x000000000800bfe4                FLASH_IRQHandler
                0x000000000800bfe4                SPI3_IRQHandler
                0x000000000800bfe4                I2C1_ER_IRQHandler
                0x000000000800bfe4                USBWakeUp_IRQHandler
                0x000000000800bfe4                DMA2_Channel3_IRQHandler
 *fill*         0x000000000800bfe6        0x2 
 .text.HAL_Init
                0x000000000800bfe8       0x2c ./Drivers/STM32F1xx_HAL_Driver/Src/stm32f1xx_hal.o
                0x000000000800bfe8                HAL_Init
 .text.HAL_InitTick
                0x000000000800c014       0x60 ./Drivers/STM32F1xx_HAL_Driver/Src/stm32f1xx_hal.o
                0x000000000800c014                HAL_InitTick
 .text.HAL_IncTick
                0x000000000800c074       0x24 ./Drivers/STM32F1xx_HAL_Driver/Src/stm32f1xx_hal.o
                0x000000000800c074                HAL_IncTick
 .text.HAL_GetTick
                0x000000000800c098       0x14 ./Drivers/STM32F1xx_HAL_Driver/Src/stm32f1xx_hal.o
                0x000000000800c098                HAL_GetTick
 .text.HAL_Delay
                0x000000000800c0ac       0x48 ./Drivers/STM32F1xx_HAL_Driver/Src/stm32f1xx_hal.o
                0x000000000800c0ac                HAL_Delay
 .text.__NVIC_SetPriorityGrouping
                0x000000000800c0f4       0x48 ./Drivers/STM32F1xx_HAL_Driver/Src/stm32f1xx_hal_cortex.o
 .text.__NVIC_GetPriorityGrouping
                0x000000000800c13c       0x1c ./Drivers/STM32F1xx_HAL_Driver/Src/stm32f1xx_hal_cortex.o
 .text.__NVIC_EnableIRQ
                0x000000000800c158       0x38 ./Drivers/STM32F1xx_HAL_Driver/Src/stm32f1xx_hal_cortex.o
 .text.__NVIC_SetPriority
                0x000000000800c190       0x54 ./Drivers/STM32F1xx_HAL_Driver/Src/stm32f1xx_hal_cortex.o
 .text.NVIC_EncodePriority
                0x000000000800c1e4       0x64 ./Drivers/STM32F1xx_HAL_Driver/Src/stm32f1xx_hal_cortex.o
 .text.SysTick_Config
                0x000000000800c248       0x44 ./Drivers/STM32F1xx_HAL_Driver/Src/stm32f1xx_hal_cortex.o
 .text.HAL_NVIC_SetPriorityGrouping
                0x000000000800c28c       0x16 ./Drivers/STM32F1xx_HAL_Driver/Src/stm32f1xx_hal_cortex.o
                0x000000000800c28c                HAL_NVIC_SetPriorityGrouping
 .text.HAL_NVIC_SetPriority
                0x000000000800c2a2       0x38 ./Drivers/STM32F1xx_HAL_Driver/Src/stm32f1xx_hal_cortex.o
                0x000000000800c2a2                HAL_NVIC_SetPriority
 .text.HAL_NVIC_EnableIRQ
                0x000000000800c2da       0x1c ./Drivers/STM32F1xx_HAL_Driver/Src/stm32f1xx_hal_cortex.o
                0x000000000800c2da                HAL_NVIC_EnableIRQ
 .text.HAL_SYSTICK_Config
                0x000000000800c2f6       0x18 ./Drivers/STM32F1xx_HAL_Driver/Src/stm32f1xx_hal_cortex.o
                0x000000000800c2f6                HAL_SYSTICK_Config
 *fill*         0x000000000800c30e        0x2 
 .text.HAL_SYSTICK_CLKSourceConfig
                0x000000000800c310       0x38 ./Drivers/STM32F1xx_HAL_Driver/Src/stm32f1xx_hal_cortex.o
                0x000000000800c310                HAL_SYSTICK_CLKSourceConfig
 .text.HAL_DMA_Abort
                0x000000000800c348       0x74 ./Drivers/STM32F1xx_HAL_Driver/Src/stm32f1xx_hal_dma.o
                0x000000000800c348                HAL_DMA_Abort
 .text.HAL_DMA_Abort_IT
                0x000000000800c3bc      0x210 ./Drivers/STM32F1xx_HAL_Driver/Src/stm32f1xx_hal_dma.o
                0x000000000800c3bc                HAL_DMA_Abort_IT
 .text.HAL_GPIO_Init
                0x000000000800c5cc      0x328 ./Drivers/STM32F1xx_HAL_Driver/Src/stm32f1xx_hal_gpio.o
                0x000000000800c5cc                HAL_GPIO_Init
 .text.HAL_GPIO_ReadPin
                0x000000000800c8f4       0x2e ./Drivers/STM32F1xx_HAL_Driver/Src/stm32f1xx_hal_gpio.o
                0x000000000800c8f4                HAL_GPIO_ReadPin
 .text.HAL_GPIO_WritePin
                0x000000000800c922       0x30 ./Drivers/STM32F1xx_HAL_Driver/Src/stm32f1xx_hal_gpio.o
                0x000000000800c922                HAL_GPIO_WritePin
 .text.HAL_GPIO_TogglePin
                0x000000000800c952       0x32 ./Drivers/STM32F1xx_HAL_Driver/Src/stm32f1xx_hal_gpio.o
                0x000000000800c952                HAL_GPIO_TogglePin
 .text.HAL_RCC_OscConfig
                0x000000000800c984      0x504 ./Drivers/STM32F1xx_HAL_Driver/Src/stm32f1xx_hal_rcc.o
                0x000000000800c984                HAL_RCC_OscConfig
 .text.HAL_RCC_ClockConfig
                0x000000000800ce88      0x1d4 ./Drivers/STM32F1xx_HAL_Driver/Src/stm32f1xx_hal_rcc.o
                0x000000000800ce88                HAL_RCC_ClockConfig
 .text.HAL_RCC_GetSysClockFreq
                0x000000000800d05c       0xbc ./Drivers/STM32F1xx_HAL_Driver/Src/stm32f1xx_hal_rcc.o
                0x000000000800d05c                HAL_RCC_GetSysClockFreq
 .text.HAL_RCC_GetHCLKFreq
                0x000000000800d118       0x14 ./Drivers/STM32F1xx_HAL_Driver/Src/stm32f1xx_hal_rcc.o
                0x000000000800d118                HAL_RCC_GetHCLKFreq
 .text.HAL_RCC_GetPCLK1Freq
                0x000000000800d12c       0x28 ./Drivers/STM32F1xx_HAL_Driver/Src/stm32f1xx_hal_rcc.o
                0x000000000800d12c                HAL_RCC_GetPCLK1Freq
 .text.HAL_RCC_GetPCLK2Freq
                0x000000000800d154       0x28 ./Drivers/STM32F1xx_HAL_Driver/Src/stm32f1xx_hal_rcc.o
                0x000000000800d154                HAL_RCC_GetPCLK2Freq
 .text.RCC_Delay
                0x000000000800d17c       0x3c ./Drivers/STM32F1xx_HAL_Driver/Src/stm32f1xx_hal_rcc.o
 .text.HAL_SPI_Init
                0x000000000800d1b8      0x108 ./Drivers/STM32F1xx_HAL_Driver/Src/stm32f1xx_hal_spi.o
                0x000000000800d1b8                HAL_SPI_Init
 .text.HAL_SPI_TransmitReceive
                0x000000000800d2c0      0x344 ./Drivers/STM32F1xx_HAL_Driver/Src/stm32f1xx_hal_spi.o
                0x000000000800d2c0                HAL_SPI_TransmitReceive
 .text.SPI_WaitFlagStateUntilTimeout
                0x000000000800d604      0x110 ./Drivers/STM32F1xx_HAL_Driver/Src/stm32f1xx_hal_spi.o
 .text.SPI_EndRxTxTransaction
                0x000000000800d714       0x3c ./Drivers/STM32F1xx_HAL_Driver/Src/stm32f1xx_hal_spi.o
 .text.HAL_TIM_Base_Init
                0x000000000800d750       0x9e ./Drivers/STM32F1xx_HAL_Driver/Src/stm32f1xx_hal_tim.o
                0x000000000800d750                HAL_TIM_Base_Init
 *fill*         0x000000000800d7ee        0x2 
 .text.HAL_TIM_Base_Start_IT
                0x000000000800d7f0       0xc0 ./Drivers/STM32F1xx_HAL_Driver/Src/stm32f1xx_hal_tim.o
                0x000000000800d7f0                HAL_TIM_Base_Start_IT
 .text.HAL_TIM_IRQHandler
                0x000000000800d8b0      0x210 ./Drivers/STM32F1xx_HAL_Driver/Src/stm32f1xx_hal_tim.o
                0x000000000800d8b0                HAL_TIM_IRQHandler
 .text.HAL_TIM_ConfigClockSource
                0x000000000800dac0      0x188 ./Drivers/STM32F1xx_HAL_Driver/Src/stm32f1xx_hal_tim.o
                0x000000000800dac0                HAL_TIM_ConfigClockSource
 .text.HAL_TIM_OC_DelayElapsedCallback
                0x000000000800dc48       0x12 ./Drivers/STM32F1xx_HAL_Driver/Src/stm32f1xx_hal_tim.o
                0x000000000800dc48                HAL_TIM_OC_DelayElapsedCallback
 .text.HAL_TIM_IC_CaptureCallback
                0x000000000800dc5a       0x12 ./Drivers/STM32F1xx_HAL_Driver/Src/stm32f1xx_hal_tim.o
                0x000000000800dc5a                HAL_TIM_IC_CaptureCallback
 .text.HAL_TIM_PWM_PulseFinishedCallback
                0x000000000800dc6c       0x12 ./Drivers/STM32F1xx_HAL_Driver/Src/stm32f1xx_hal_tim.o
                0x000000000800dc6c                HAL_TIM_PWM_PulseFinishedCallback
 .text.HAL_TIM_TriggerCallback
                0x000000000800dc7e       0x12 ./Drivers/STM32F1xx_HAL_Driver/Src/stm32f1xx_hal_tim.o
                0x000000000800dc7e                HAL_TIM_TriggerCallback
 .text.TIM_Base_SetConfig
                0x000000000800dc90       0xf4 ./Drivers/STM32F1xx_HAL_Driver/Src/stm32f1xx_hal_tim.o
                0x000000000800dc90                TIM_Base_SetConfig
 .text.TIM_TI1_ConfigInputStage
                0x000000000800dd84       0x5c ./Drivers/STM32F1xx_HAL_Driver/Src/stm32f1xx_hal_tim.o
 .text.TIM_TI2_ConfigInputStage
                0x000000000800dde0       0x5e ./Drivers/STM32F1xx_HAL_Driver/Src/stm32f1xx_hal_tim.o
 .text.TIM_ITRx_SetConfig
                0x000000000800de3e       0x34 ./Drivers/STM32F1xx_HAL_Driver/Src/stm32f1xx_hal_tim.o
 .text.TIM_ETR_SetConfig
                0x000000000800de72       0x3e ./Drivers/STM32F1xx_HAL_Driver/Src/stm32f1xx_hal_tim.o
                0x000000000800de72                TIM_ETR_SetConfig
 .text.HAL_TIMEx_MasterConfigSynchronization
                0x000000000800deb0       0xd8 ./Drivers/STM32F1xx_HAL_Driver/Src/stm32f1xx_hal_tim_ex.o
                0x000000000800deb0                HAL_TIMEx_MasterConfigSynchronization
 .text.HAL_TIMEx_CommutCallback
                0x000000000800df88       0x12 ./Drivers/STM32F1xx_HAL_Driver/Src/stm32f1xx_hal_tim_ex.o
                0x000000000800df88                HAL_TIMEx_CommutCallback
 .text.HAL_TIMEx_BreakCallback
                0x000000000800df9a       0x12 ./Drivers/STM32F1xx_HAL_Driver/Src/stm32f1xx_hal_tim_ex.o
                0x000000000800df9a                HAL_TIMEx_BreakCallback
 .text.HAL_UART_Init
                0x000000000800dfac       0x9a ./Drivers/STM32F1xx_HAL_Driver/Src/stm32f1xx_hal_uart.o
                0x000000000800dfac                HAL_UART_Init
 .text.HAL_UART_Transmit
                0x000000000800e046      0x124 ./Drivers/STM32F1xx_HAL_Driver/Src/stm32f1xx_hal_uart.o
                0x000000000800e046                HAL_UART_Transmit
 .text.HAL_UART_Receive_IT
                0x000000000800e16a       0x60 ./Drivers/STM32F1xx_HAL_Driver/Src/stm32f1xx_hal_uart.o
                0x000000000800e16a                HAL_UART_Receive_IT
 *fill*         0x000000000800e1ca        0x2 
 .text.HAL_UART_IRQHandler
                0x000000000800e1cc      0x354 ./Drivers/STM32F1xx_HAL_Driver/Src/stm32f1xx_hal_uart.o
                0x000000000800e1cc                HAL_UART_IRQHandler
 .text.HAL_UART_TxCpltCallback
                0x000000000800e520       0x12 ./Drivers/STM32F1xx_HAL_Driver/Src/stm32f1xx_hal_uart.o
                0x000000000800e520                HAL_UART_TxCpltCallback
 .text.HAL_UART_ErrorCallback
                0x000000000800e532       0x12 ./Drivers/STM32F1xx_HAL_Driver/Src/stm32f1xx_hal_uart.o
                0x000000000800e532                HAL_UART_ErrorCallback
 .text.HAL_UARTEx_RxEventCallback
                0x000000000800e544       0x16 ./Drivers/STM32F1xx_HAL_Driver/Src/stm32f1xx_hal_uart.o
                0x000000000800e544                HAL_UARTEx_RxEventCallback
 .text.UART_WaitOnFlagUntilTimeout
                0x000000000800e55a       0x94 ./Drivers/STM32F1xx_HAL_Driver/Src/stm32f1xx_hal_uart.o
 .text.UART_Start_Receive_IT
                0x000000000800e5ee       0x72 ./Drivers/STM32F1xx_HAL_Driver/Src/stm32f1xx_hal_uart.o
                0x000000000800e5ee                UART_Start_Receive_IT
 .text.UART_EndRxTransfer
                0x000000000800e660       0x58 ./Drivers/STM32F1xx_HAL_Driver/Src/stm32f1xx_hal_uart.o
 .text.UART_DMAAbortOnError
                0x000000000800e6b8       0x28 ./Drivers/STM32F1xx_HAL_Driver/Src/stm32f1xx_hal_uart.o
 .text.UART_Transmit_IT
                0x000000000800e6e0       0x9e ./Drivers/STM32F1xx_HAL_Driver/Src/stm32f1xx_hal_uart.o
 .text.UART_EndTransmit_IT
                0x000000000800e77e       0x30 ./Drivers/STM32F1xx_HAL_Driver/Src/stm32f1xx_hal_uart.o
 .text.UART_Receive_IT
                0x000000000800e7ae      0x152 ./Drivers/STM32F1xx_HAL_Driver/Src/stm32f1xx_hal_uart.o
 .text.UART_SetConfig
                0x000000000800e900      0x11c ./Drivers/STM32F1xx_HAL_Driver/Src/stm32f1xx_hal_uart.o
 .text.__errno  0x000000000800ea1c        0xc d:/stm32/stm32cubeide_1.10.1/stm32cubeide/plugins/com.st.stm32cube.ide.mcu.externaltools.gnu-tools-for-stm32.10.3-2021.10.win32_1.0.0.202111181127/tools/bin/../lib/gcc/arm-none-eabi/10.3.1/../../../../arm-none-eabi/lib/thumb/v7-m/nofp\libc_nano.a(lib_a-errno.o)
                0x000000000800ea1c                __errno
 .text.__libc_init_array
                0x000000000800ea28       0x48 d:/stm32/stm32cubeide_1.10.1/stm32cubeide/plugins/com.st.stm32cube.ide.mcu.externaltools.gnu-tools-for-stm32.10.3-2021.10.win32_1.0.0.202111181127/tools/bin/../lib/gcc/arm-none-eabi/10.3.1/../../../../arm-none-eabi/lib/thumb/v7-m/nofp\libc_nano.a(lib_a-init.o)
                0x000000000800ea28                __libc_init_array
 .text.memset   0x000000000800ea70       0x10 d:/stm32/stm32cubeide_1.10.1/stm32cubeide/plugins/com.st.stm32cube.ide.mcu.externaltools.gnu-tools-for-stm32.10.3-2021.10.win32_1.0.0.202111181127/tools/bin/../lib/gcc/arm-none-eabi/10.3.1/../../../../arm-none-eabi/lib/thumb/v7-m/nofp\libc_nano.a(lib_a-memset.o)
                0x000000000800ea70                memset
 .text.printf   0x000000000800ea80       0x30 d:/stm32/stm32cubeide_1.10.1/stm32cubeide/plugins/com.st.stm32cube.ide.mcu.externaltools.gnu-tools-for-stm32.10.3-2021.10.win32_1.0.0.202111181127/tools/bin/../lib/gcc/arm-none-eabi/10.3.1/../../../../arm-none-eabi/lib/thumb/v7-m/nofp\libc_nano.a(lib_a-printf.o)
                0x000000000800ea80                iprintf
                0x000000000800ea80                printf
 .text.sprintf  0x000000000800eab0       0x40 d:/stm32/stm32cubeide_1.10.1/stm32cubeide/plugins/com.st.stm32cube.ide.mcu.externaltools.gnu-tools-for-stm32.10.3-2021.10.win32_1.0.0.202111181127/tools/bin/../lib/gcc/arm-none-eabi/10.3.1/../../../../arm-none-eabi/lib/thumb/v7-m/nofp\libc_nano.a(lib_a-sprintf.o)
                0x000000000800eab0                siprintf
                0x000000000800eab0                sprintf
 .text.std      0x000000000800eaf0       0x48 d:/stm32/stm32cubeide_1.10.1/stm32cubeide/plugins/com.st.stm32cube.ide.mcu.externaltools.gnu-tools-for-stm32.10.3-2021.10.win32_1.0.0.202111181127/tools/bin/../lib/gcc/arm-none-eabi/10.3.1/../../../../arm-none-eabi/lib/thumb/v7-m/nofp\libc_nano.a(lib_a-findfp.o)
 .text._cleanup_r
                0x000000000800eb38        0xc d:/stm32/stm32cubeide_1.10.1/stm32cubeide/plugins/com.st.stm32cube.ide.mcu.externaltools.gnu-tools-for-stm32.10.3-2021.10.win32_1.0.0.202111181127/tools/bin/../lib/gcc/arm-none-eabi/10.3.1/../../../../arm-none-eabi/lib/thumb/v7-m/nofp\libc_nano.a(lib_a-findfp.o)
                0x000000000800eb38                _cleanup_r
 .text.__sfmoreglue
                0x000000000800eb44       0x2c d:/stm32/stm32cubeide_1.10.1/stm32cubeide/plugins/com.st.stm32cube.ide.mcu.externaltools.gnu-tools-for-stm32.10.3-2021.10.win32_1.0.0.202111181127/tools/bin/../lib/gcc/arm-none-eabi/10.3.1/../../../../arm-none-eabi/lib/thumb/v7-m/nofp\libc_nano.a(lib_a-findfp.o)
                0x000000000800eb44                __sfmoreglue
 .text.__sfp_lock_acquire
                0x000000000800eb70        0xc d:/stm32/stm32cubeide_1.10.1/stm32cubeide/plugins/com.st.stm32cube.ide.mcu.externaltools.gnu-tools-for-stm32.10.3-2021.10.win32_1.0.0.202111181127/tools/bin/../lib/gcc/arm-none-eabi/10.3.1/../../../../arm-none-eabi/lib/thumb/v7-m/nofp\libc_nano.a(lib_a-findfp.o)
                0x000000000800eb70                __sfp_lock_acquire
 .text.__sfp_lock_release
                0x000000000800eb7c        0xc d:/stm32/stm32cubeide_1.10.1/stm32cubeide/plugins/com.st.stm32cube.ide.mcu.externaltools.gnu-tools-for-stm32.10.3-2021.10.win32_1.0.0.202111181127/tools/bin/../lib/gcc/arm-none-eabi/10.3.1/../../../../arm-none-eabi/lib/thumb/v7-m/nofp\libc_nano.a(lib_a-findfp.o)
                0x000000000800eb7c                __sfp_lock_release
 .text.__sinit_lock_acquire
                0x000000000800eb88        0xc d:/stm32/stm32cubeide_1.10.1/stm32cubeide/plugins/com.st.stm32cube.ide.mcu.externaltools.gnu-tools-for-stm32.10.3-2021.10.win32_1.0.0.202111181127/tools/bin/../lib/gcc/arm-none-eabi/10.3.1/../../../../arm-none-eabi/lib/thumb/v7-m/nofp\libc_nano.a(lib_a-findfp.o)
                0x000000000800eb88                __sinit_lock_acquire
 .text.__sinit_lock_release
                0x000000000800eb94        0xc d:/stm32/stm32cubeide_1.10.1/stm32cubeide/plugins/com.st.stm32cube.ide.mcu.externaltools.gnu-tools-for-stm32.10.3-2021.10.win32_1.0.0.202111181127/tools/bin/../lib/gcc/arm-none-eabi/10.3.1/../../../../arm-none-eabi/lib/thumb/v7-m/nofp\libc_nano.a(lib_a-findfp.o)
                0x000000000800eb94                __sinit_lock_release
 .text.__sinit  0x000000000800eba0       0x70 d:/stm32/stm32cubeide_1.10.1/stm32cubeide/plugins/com.st.stm32cube.ide.mcu.externaltools.gnu-tools-for-stm32.10.3-2021.10.win32_1.0.0.202111181127/tools/bin/../lib/gcc/arm-none-eabi/10.3.1/../../../../arm-none-eabi/lib/thumb/v7-m/nofp\libc_nano.a(lib_a-findfp.o)
                0x000000000800eba0                __sinit
 .text.__sfp    0x000000000800ec10       0x8c d:/stm32/stm32cubeide_1.10.1/stm32cubeide/plugins/com.st.stm32cube.ide.mcu.externaltools.gnu-tools-for-stm32.10.3-2021.10.win32_1.0.0.202111181127/tools/bin/../lib/gcc/arm-none-eabi/10.3.1/../../../../arm-none-eabi/lib/thumb/v7-m/nofp\libc_nano.a(lib_a-findfp.o)
                0x000000000800ec10                __sfp
 .text._fwalk_reent
                0x000000000800ec9c       0x3e d:/stm32/stm32cubeide_1.10.1/stm32cubeide/plugins/com.st.stm32cube.ide.mcu.externaltools.gnu-tools-for-stm32.10.3-2021.10.win32_1.0.0.202111181127/tools/bin/../lib/gcc/arm-none-eabi/10.3.1/../../../../arm-none-eabi/lib/thumb/v7-m/nofp\libc_nano.a(lib_a-fwalk.o)
                0x000000000800ec9c                _fwalk_reent
 .text.__retarget_lock_init_recursive
                0x000000000800ecda        0x2 d:/stm32/stm32cubeide_1.10.1/stm32cubeide/plugins/com.st.stm32cube.ide.mcu.externaltools.gnu-tools-for-stm32.10.3-2021.10.win32_1.0.0.202111181127/tools/bin/../lib/gcc/arm-none-eabi/10.3.1/../../../../arm-none-eabi/lib/thumb/v7-m/nofp\libc_nano.a(lib_a-lock.o)
                0x000000000800ecda                __retarget_lock_init_recursive
 .text.__retarget_lock_acquire_recursive
                0x000000000800ecdc        0x2 d:/stm32/stm32cubeide_1.10.1/stm32cubeide/plugins/com.st.stm32cube.ide.mcu.externaltools.gnu-tools-for-stm32.10.3-2021.10.win32_1.0.0.202111181127/tools/bin/../lib/gcc/arm-none-eabi/10.3.1/../../../../arm-none-eabi/lib/thumb/v7-m/nofp\libc_nano.a(lib_a-lock.o)
                0x000000000800ecdc                __retarget_lock_acquire_recursive
 .text.__retarget_lock_release_recursive
                0x000000000800ecde        0x2 d:/stm32/stm32cubeide_1.10.1/stm32cubeide/plugins/com.st.stm32cube.ide.mcu.externaltools.gnu-tools-for-stm32.10.3-2021.10.win32_1.0.0.202111181127/tools/bin/../lib/gcc/arm-none-eabi/10.3.1/../../../../arm-none-eabi/lib/thumb/v7-m/nofp\libc_nano.a(lib_a-lock.o)
                0x000000000800ecde                __retarget_lock_release_recursive
 .text.sbrk_aligned
                0x000000000800ece0       0x40 d:/stm32/stm32cubeide_1.10.1/stm32cubeide/plugins/com.st.stm32cube.ide.mcu.externaltools.gnu-tools-for-stm32.10.3-2021.10.win32_1.0.0.202111181127/tools/bin/../lib/gcc/arm-none-eabi/10.3.1/../../../../arm-none-eabi/lib/thumb/v7-m/nofp\libc_nano.a(lib_a-nano-mallocr.o)
 .text._malloc_r
                0x000000000800ed20       0xe8 d:/stm32/stm32cubeide_1.10.1/stm32cubeide/plugins/com.st.stm32cube.ide.mcu.externaltools.gnu-tools-for-stm32.10.3-2021.10.win32_1.0.0.202111181127/tools/bin/../lib/gcc/arm-none-eabi/10.3.1/../../../../arm-none-eabi/lib/thumb/v7-m/nofp\libc_nano.a(lib_a-nano-mallocr.o)
                0x000000000800ed20                _malloc_r
 .text.__ssputs_r
                0x000000000800ee08       0xb6 d:/stm32/stm32cubeide_1.10.1/stm32cubeide/plugins/com.st.stm32cube.ide.mcu.externaltools.gnu-tools-for-stm32.10.3-2021.10.win32_1.0.0.202111181127/tools/bin/../lib/gcc/arm-none-eabi/10.3.1/../../../../arm-none-eabi/lib/thumb/v7-m/nofp\libc_nano.a(lib_a-nano-svfprintf.o)
                0x000000000800ee08                __ssputs_r
 *fill*         0x000000000800eebe        0x2 
 .text._svfprintf_r
                0x000000000800eec0      0x200 d:/stm32/stm32cubeide_1.10.1/stm32cubeide/plugins/com.st.stm32cube.ide.mcu.externaltools.gnu-tools-for-stm32.10.3-2021.10.win32_1.0.0.202111181127/tools/bin/../lib/gcc/arm-none-eabi/10.3.1/../../../../arm-none-eabi/lib/thumb/v7-m/nofp\libc_nano.a(lib_a-nano-svfprintf.o)
                0x000000000800eec0                _svfiprintf_r
                0x000000000800eec0                _svfprintf_r
 .text.__sfputc_r
                0x000000000800f0c0       0x2a d:/stm32/stm32cubeide_1.10.1/stm32cubeide/plugins/com.st.stm32cube.ide.mcu.externaltools.gnu-tools-for-stm32.10.3-2021.10.win32_1.0.0.202111181127/tools/bin/../lib/gcc/arm-none-eabi/10.3.1/../../../../arm-none-eabi/lib/thumb/v7-m/nofp\libc_nano.a(lib_a-nano-vfprintf.o)
 .text.__sfputs_r
                0x000000000800f0ea       0x24 d:/stm32/stm32cubeide_1.10.1/stm32cubeide/plugins/com.st.stm32cube.ide.mcu.externaltools.gnu-tools-for-stm32.10.3-2021.10.win32_1.0.0.202111181127/tools/bin/../lib/gcc/arm-none-eabi/10.3.1/../../../../arm-none-eabi/lib/thumb/v7-m/nofp\libc_nano.a(lib_a-nano-vfprintf.o)
                0x000000000800f0ea                __sfputs_r
 *fill*         0x000000000800f10e        0x2 
 .text._vfprintf_r
                0x000000000800f110      0x260 d:/stm32/stm32cubeide_1.10.1/stm32cubeide/plugins/com.st.stm32cube.ide.mcu.externaltools.gnu-tools-for-stm32.10.3-2021.10.win32_1.0.0.202111181127/tools/bin/../lib/gcc/arm-none-eabi/10.3.1/../../../../arm-none-eabi/lib/thumb/v7-m/nofp\libc_nano.a(lib_a-nano-vfprintf.o)
                0x000000000800f110                _vfprintf_r
                0x000000000800f110                _vfiprintf_r
 .text._printf_common
                0x000000000800f370       0xde d:/stm32/stm32cubeide_1.10.1/stm32cubeide/plugins/com.st.stm32cube.ide.mcu.externaltools.gnu-tools-for-stm32.10.3-2021.10.win32_1.0.0.202111181127/tools/bin/../lib/gcc/arm-none-eabi/10.3.1/../../../../arm-none-eabi/lib/thumb/v7-m/nofp\libc_nano.a(lib_a-nano-vfprintf_i.o)
                0x000000000800f370                _printf_common
 *fill*         0x000000000800f44e        0x2 
 .text._printf_i
                0x000000000800f450      0x24c d:/stm32/stm32cubeide_1.10.1/stm32cubeide/plugins/com.st.stm32cube.ide.mcu.externaltools.gnu-tools-for-stm32.10.3-2021.10.win32_1.0.0.202111181127/tools/bin/../lib/gcc/arm-none-eabi/10.3.1/../../../../arm-none-eabi/lib/thumb/v7-m/nofp\libc_nano.a(lib_a-nano-vfprintf_i.o)
                0x000000000800f450                _printf_i
 .text._sbrk_r  0x000000000800f69c       0x20 d:/stm32/stm32cubeide_1.10.1/stm32cubeide/plugins/com.st.stm32cube.ide.mcu.externaltools.gnu-tools-for-stm32.10.3-2021.10.win32_1.0.0.202111181127/tools/bin/../lib/gcc/arm-none-eabi/10.3.1/../../../../arm-none-eabi/lib/thumb/v7-m/nofp\libc_nano.a(lib_a-sbrkr.o)
                0x000000000800f69c                _sbrk_r
 .text.__sread  0x000000000800f6bc       0x22 d:/stm32/stm32cubeide_1.10.1/stm32cubeide/plugins/com.st.stm32cube.ide.mcu.externaltools.gnu-tools-for-stm32.10.3-2021.10.win32_1.0.0.202111181127/tools/bin/../lib/gcc/arm-none-eabi/10.3.1/../../../../arm-none-eabi/lib/thumb/v7-m/nofp\libc_nano.a(lib_a-stdio.o)
                0x000000000800f6bc                __sread
 .text.__swrite
                0x000000000800f6de       0x38 d:/stm32/stm32cubeide_1.10.1/stm32cubeide/plugins/com.st.stm32cube.ide.mcu.externaltools.gnu-tools-for-stm32.10.3-2021.10.win32_1.0.0.202111181127/tools/bin/../lib/gcc/arm-none-eabi/10.3.1/../../../../arm-none-eabi/lib/thumb/v7-m/nofp\libc_nano.a(lib_a-stdio.o)
                0x000000000800f6de                __swrite
 .text.__sseek  0x000000000800f716       0x24 d:/stm32/stm32cubeide_1.10.1/stm32cubeide/plugins/com.st.stm32cube.ide.mcu.externaltools.gnu-tools-for-stm32.10.3-2021.10.win32_1.0.0.202111181127/tools/bin/../lib/gcc/arm-none-eabi/10.3.1/../../../../arm-none-eabi/lib/thumb/v7-m/nofp\libc_nano.a(lib_a-stdio.o)
                0x000000000800f716                __sseek
 .text.__sclose
                0x000000000800f73a        0x8 d:/stm32/stm32cubeide_1.10.1/stm32cubeide/plugins/com.st.stm32cube.ide.mcu.externaltools.gnu-tools-for-stm32.10.3-2021.10.win32_1.0.0.202111181127/tools/bin/../lib/gcc/arm-none-eabi/10.3.1/../../../../arm-none-eabi/lib/thumb/v7-m/nofp\libc_nano.a(lib_a-stdio.o)
                0x000000000800f73a                __sclose
 *fill*         0x000000000800f742        0x2 
 .text.__swbuf_r
                0x000000000800f744       0xa4 d:/stm32/stm32cubeide_1.10.1/stm32cubeide/plugins/com.st.stm32cube.ide.mcu.externaltools.gnu-tools-for-stm32.10.3-2021.10.win32_1.0.0.202111181127/tools/bin/../lib/gcc/arm-none-eabi/10.3.1/../../../../arm-none-eabi/lib/thumb/v7-m/nofp\libc_nano.a(lib_a-wbuf.o)
                0x000000000800f744                __swbuf_r
 .text._write_r
                0x000000000800f7e8       0x24 d:/stm32/stm32cubeide_1.10.1/stm32cubeide/plugins/com.st.stm32cube.ide.mcu.externaltools.gnu-tools-for-stm32.10.3-2021.10.win32_1.0.0.202111181127/tools/bin/../lib/gcc/arm-none-eabi/10.3.1/../../../../arm-none-eabi/lib/thumb/v7-m/nofp\libc_nano.a(lib_a-writer.o)
                0x000000000800f7e8                _write_r
 .text.__swsetup_r
                0x000000000800f80c       0xdc d:/stm32/stm32cubeide_1.10.1/stm32cubeide/plugins/com.st.stm32cube.ide.mcu.externaltools.gnu-tools-for-stm32.10.3-2021.10.win32_1.0.0.202111181127/tools/bin/../lib/gcc/arm-none-eabi/10.3.1/../../../../arm-none-eabi/lib/thumb/v7-m/nofp\libc_nano.a(lib_a-wsetup.o)
                0x000000000800f80c                __swsetup_r
 .text._close_r
                0x000000000800f8e8       0x20 d:/stm32/stm32cubeide_1.10.1/stm32cubeide/plugins/com.st.stm32cube.ide.mcu.externaltools.gnu-tools-for-stm32.10.3-2021.10.win32_1.0.0.202111181127/tools/bin/../lib/gcc/arm-none-eabi/10.3.1/../../../../arm-none-eabi/lib/thumb/v7-m/nofp\libc_nano.a(lib_a-closer.o)
                0x000000000800f8e8                _close_r
 .text.__sflush_r
                0x000000000800f908      0x104 d:/stm32/stm32cubeide_1.10.1/stm32cubeide/plugins/com.st.stm32cube.ide.mcu.externaltools.gnu-tools-for-stm32.10.3-2021.10.win32_1.0.0.202111181127/tools/bin/../lib/gcc/arm-none-eabi/10.3.1/../../../../arm-none-eabi/lib/thumb/v7-m/nofp\libc_nano.a(lib_a-fflush.o)
                0x000000000800f908                __sflush_r
 .text._fflush_r
                0x000000000800fa0c       0x78 d:/stm32/stm32cubeide_1.10.1/stm32cubeide/plugins/com.st.stm32cube.ide.mcu.externaltools.gnu-tools-for-stm32.10.3-2021.10.win32_1.0.0.202111181127/tools/bin/../lib/gcc/arm-none-eabi/10.3.1/../../../../arm-none-eabi/lib/thumb/v7-m/nofp\libc_nano.a(lib_a-fflush.o)
                0x000000000800fa0c                _fflush_r
 .text._lseek_r
                0x000000000800fa84       0x24 d:/stm32/stm32cubeide_1.10.1/stm32cubeide/plugins/com.st.stm32cube.ide.mcu.externaltools.gnu-tools-for-stm32.10.3-2021.10.win32_1.0.0.202111181127/tools/bin/../lib/gcc/arm-none-eabi/10.3.1/../../../../arm-none-eabi/lib/thumb/v7-m/nofp\libc_nano.a(lib_a-lseekr.o)
                0x000000000800fa84                _lseek_r
 .text.__swhatbuf_r
                0x000000000800faa8       0x4a d:/stm32/stm32cubeide_1.10.1/stm32cubeide/plugins/com.st.stm32cube.ide.mcu.externaltools.gnu-tools-for-stm32.10.3-2021.10.win32_1.0.0.202111181127/tools/bin/../lib/gcc/arm-none-eabi/10.3.1/../../../../arm-none-eabi/lib/thumb/v7-m/nofp\libc_nano.a(lib_a-makebuf.o)
                0x000000000800faa8                __swhatbuf_r
 *fill*         0x000000000800faf2        0x2 
 .text.__smakebuf_r
                0x000000000800faf4       0x80 d:/stm32/stm32cubeide_1.10.1/stm32cubeide/plugins/com.st.stm32cube.ide.mcu.externaltools.gnu-tools-for-stm32.10.3-2021.10.win32_1.0.0.202111181127/tools/bin/../lib/gcc/arm-none-eabi/10.3.1/../../../../arm-none-eabi/lib/thumb/v7-m/nofp\libc_nano.a(lib_a-makebuf.o)
                0x000000000800faf4                __smakebuf_r
 .text.memchr   0x000000000800fb74       0x1c d:/stm32/stm32cubeide_1.10.1/stm32cubeide/plugins/com.st.stm32cube.ide.mcu.externaltools.gnu-tools-for-stm32.10.3-2021.10.win32_1.0.0.202111181127/tools/bin/../lib/gcc/arm-none-eabi/10.3.1/../../../../arm-none-eabi/lib/thumb/v7-m/nofp\libc_nano.a(lib_a-memchr-stub.o)
                0x000000000800fb74                memchr
 .text.memcpy   0x000000000800fb90       0x1c d:/stm32/stm32cubeide_1.10.1/stm32cubeide/plugins/com.st.stm32cube.ide.mcu.externaltools.gnu-tools-for-stm32.10.3-2021.10.win32_1.0.0.202111181127/tools/bin/../lib/gcc/arm-none-eabi/10.3.1/../../../../arm-none-eabi/lib/thumb/v7-m/nofp\libc_nano.a(lib_a-memcpy-stub.o)
                0x000000000800fb90                memcpy
 .text.memmove  0x000000000800fbac       0x34 d:/stm32/stm32cubeide_1.10.1/stm32cubeide/plugins/com.st.stm32cube.ide.mcu.externaltools.gnu-tools-for-stm32.10.3-2021.10.win32_1.0.0.202111181127/tools/bin/../lib/gcc/arm-none-eabi/10.3.1/../../../../arm-none-eabi/lib/thumb/v7-m/nofp\libc_nano.a(lib_a-memmove.o)
                0x000000000800fbac                memmove
 .text.__malloc_lock
                0x000000000800fbe0        0xc d:/stm32/stm32cubeide_1.10.1/stm32cubeide/plugins/com.st.stm32cube.ide.mcu.externaltools.gnu-tools-for-stm32.10.3-2021.10.win32_1.0.0.202111181127/tools/bin/../lib/gcc/arm-none-eabi/10.3.1/../../../../arm-none-eabi/lib/thumb/v7-m/nofp\libc_nano.a(lib_a-mlock.o)
                0x000000000800fbe0                __malloc_lock
 .text.__malloc_unlock
                0x000000000800fbec        0xc d:/stm32/stm32cubeide_1.10.1/stm32cubeide/plugins/com.st.stm32cube.ide.mcu.externaltools.gnu-tools-for-stm32.10.3-2021.10.win32_1.0.0.202111181127/tools/bin/../lib/gcc/arm-none-eabi/10.3.1/../../../../arm-none-eabi/lib/thumb/v7-m/nofp\libc_nano.a(lib_a-mlock.o)
                0x000000000800fbec                __malloc_unlock
 .text._free_r  0x000000000800fbf8       0x90 d:/stm32/stm32cubeide_1.10.1/stm32cubeide/plugins/com.st.stm32cube.ide.mcu.externaltools.gnu-tools-for-stm32.10.3-2021.10.win32_1.0.0.202111181127/tools/bin/../lib/gcc/arm-none-eabi/10.3.1/../../../../arm-none-eabi/lib/thumb/v7-m/nofp\libc_nano.a(lib_a-nano-freer.o)
                0x000000000800fbf8                _free_r
 .text._realloc_r
                0x000000000800fc88       0x5e d:/stm32/stm32cubeide_1.10.1/stm32cubeide/plugins/com.st.stm32cube.ide.mcu.externaltools.gnu-tools-for-stm32.10.3-2021.10.win32_1.0.0.202111181127/tools/bin/../lib/gcc/arm-none-eabi/10.3.1/../../../../arm-none-eabi/lib/thumb/v7-m/nofp\libc_nano.a(lib_a-nano-reallocr.o)
                0x000000000800fc88                _realloc_r
 *fill*         0x000000000800fce6        0x2 
 .text._read_r  0x000000000800fce8       0x24 d:/stm32/stm32cubeide_1.10.1/stm32cubeide/plugins/com.st.stm32cube.ide.mcu.externaltools.gnu-tools-for-stm32.10.3-2021.10.win32_1.0.0.202111181127/tools/bin/../lib/gcc/arm-none-eabi/10.3.1/../../../../arm-none-eabi/lib/thumb/v7-m/nofp\libc_nano.a(lib_a-readr.o)
                0x000000000800fce8                _read_r
 .text._fstat_r
                0x000000000800fd0c       0x24 d:/stm32/stm32cubeide_1.10.1/stm32cubeide/plugins/com.st.stm32cube.ide.mcu.externaltools.gnu-tools-for-stm32.10.3-2021.10.win32_1.0.0.202111181127/tools/bin/../lib/gcc/arm-none-eabi/10.3.1/../../../../arm-none-eabi/lib/thumb/v7-m/nofp\libc_nano.a(lib_a-fstatr.o)
                0x000000000800fd0c                _fstat_r
 .text._isatty_r
                0x000000000800fd30       0x20 d:/stm32/stm32cubeide_1.10.1/stm32cubeide/plugins/com.st.stm32cube.ide.mcu.externaltools.gnu-tools-for-stm32.10.3-2021.10.win32_1.0.0.202111181127/tools/bin/../lib/gcc/arm-none-eabi/10.3.1/../../../../arm-none-eabi/lib/thumb/v7-m/nofp\libc_nano.a(lib_a-isattyr.o)
                0x000000000800fd30                _isatty_r
 .text._malloc_usable_size_r
                0x000000000800fd50       0x10 d:/stm32/stm32cubeide_1.10.1/stm32cubeide/plugins/com.st.stm32cube.ide.mcu.externaltools.gnu-tools-for-stm32.10.3-2021.10.win32_1.0.0.202111181127/tools/bin/../lib/gcc/arm-none-eabi/10.3.1/../../../../arm-none-eabi/lib/thumb/v7-m/nofp\libc_nano.a(lib_a-nano-msizer.o)
                0x000000000800fd50                _malloc_usable_size_r
 .text.sqrt     0x000000000800fd60       0x48 d:/stm32/stm32cubeide_1.10.1/stm32cubeide/plugins/com.st.stm32cube.ide.mcu.externaltools.gnu-tools-for-stm32.10.3-2021.10.win32_1.0.0.202111181127/tools/bin/../lib/gcc/arm-none-eabi/10.3.1/../../../../arm-none-eabi/lib/thumb/v7-m/nofp\libm.a(lib_a-w_sqrt.o)
                0x000000000800fd60                sqrt
 .text.__ieee754_sqrt
                0x000000000800fda8      0x160 d:/stm32/stm32cubeide_1.10.1/stm32cubeide/plugins/com.st.stm32cube.ide.mcu.externaltools.gnu-tools-for-stm32.10.3-2021.10.win32_1.0.0.202111181127/tools/bin/../lib/gcc/arm-none-eabi/10.3.1/../../../../arm-none-eabi/lib/thumb/v7-m/nofp\libm.a(lib_a-e_sqrt.o)
                0x000000000800fda8                __ieee754_sqrt
 *(.glue_7)
 .glue_7        0x000000000800ff08        0x0 linker stubs
 *(.glue_7t)
 .glue_7t       0x000000000800ff08        0x0 linker stubs
 *(.eh_frame)
 .eh_frame      0x000000000800ff08        0x0 d:/stm32/stm32cubeide_1.10.1/stm32cubeide/plugins/com.st.stm32cube.ide.mcu.externaltools.gnu-tools-for-stm32.10.3-2021.10.win32_1.0.0.202111181127/tools/bin/../lib/gcc/arm-none-eabi/10.3.1/thumb/v7-m/nofp/crtbegin.o
 *(.init)
 .init          0x000000000800ff08        0x4 d:/stm32/stm32cubeide_1.10.1/stm32cubeide/plugins/com.st.stm32cube.ide.mcu.externaltools.gnu-tools-for-stm32.10.3-2021.10.win32_1.0.0.202111181127/tools/bin/../lib/gcc/arm-none-eabi/10.3.1/thumb/v7-m/nofp/crti.o
                0x000000000800ff08                _init
 .init          0x000000000800ff0c        0x8 d:/stm32/stm32cubeide_1.10.1/stm32cubeide/plugins/com.st.stm32cube.ide.mcu.externaltools.gnu-tools-for-stm32.10.3-2021.10.win32_1.0.0.202111181127/tools/bin/../lib/gcc/arm-none-eabi/10.3.1/thumb/v7-m/nofp/crtn.o
 *(.fini)
 .fini          0x000000000800ff14        0x4 d:/stm32/stm32cubeide_1.10.1/stm32cubeide/plugins/com.st.stm32cube.ide.mcu.externaltools.gnu-tools-for-stm32.10.3-2021.10.win32_1.0.0.202111181127/tools/bin/../lib/gcc/arm-none-eabi/10.3.1/thumb/v7-m/nofp/crti.o
                0x000000000800ff14                _fini
 .fini          0x000000000800ff18        0x8 d:/stm32/stm32cubeide_1.10.1/stm32cubeide/plugins/com.st.stm32cube.ide.mcu.externaltools.gnu-tools-for-stm32.10.3-2021.10.win32_1.0.0.202111181127/tools/bin/../lib/gcc/arm-none-eabi/10.3.1/thumb/v7-m/nofp/crtn.o
                0x000000000800ff20                . = ALIGN (0x4)
                0x000000000800ff20                _etext = .

.vfp11_veneer   0x000000000800ff20        0x0
 .vfp11_veneer  0x000000000800ff20        0x0 linker stubs

.v4_bx          0x000000000800ff20        0x0
 .v4_bx         0x000000000800ff20        0x0 linker stubs

.iplt           0x000000000800ff20        0x0
 .iplt          0x000000000800ff20        0x0 d:/stm32/stm32cubeide_1.10.1/stm32cubeide/plugins/com.st.stm32cube.ide.mcu.externaltools.gnu-tools-for-stm32.10.3-2021.10.win32_1.0.0.202111181127/tools/bin/../lib/gcc/arm-none-eabi/10.3.1/thumb/v7-m/nofp/crtbegin.o

.rodata         0x000000000800ff20     0x1e58
                0x000000000800ff20                . = ALIGN (0x4)
 *(.rodata)
 .rodata        0x000000000800ff20        0x5 ./Core/Src/24l01.o
 *fill*         0x000000000800ff25        0x3 
 .rodata        0x000000000800ff28        0xc ./Core/Src/ft5206.o
 .rodata        0x000000000800ff34       0x25 ./Core/Src/gt9147.o
 *fill*         0x000000000800ff59        0x3 
 .rodata        0x000000000800ff5c        0xd ./Core/Src/lcd.o
 *fill*         0x000000000800ff69        0x3 
 .rodata        0x000000000800ff6c      0x205 ./Core/Src/main.o
 *fill*         0x0000000008010171        0x3 
 .rodata        0x0000000008010174        0xc ./Core/Src/ott2001a.o
 .rodata        0x0000000008010180      0x1b9 ./Core/Src/stm32f1xx_it.o
 *fill*         0x0000000008010339        0x3 
 .rodata        0x000000000801033c       0xd0 ./Core/Src/touch.o
 .rodata        0x000000000801040c       0x10 ./Drivers/STM32F1xx_HAL_Driver/Src/stm32f1xx_hal_rcc.o
 *(.rodata*)
 .rodata.TX_ADDRESS
                0x000000000801041c        0x5 ./Core/Src/24l01.o
                0x000000000801041c                TX_ADDRESS
 *fill*         0x0000000008010421        0x3 
 .rodata.RX_ADDRESS
                0x0000000008010424        0x5 ./Core/Src/24l01.o
                0x0000000008010424                RX_ADDRESS
 *fill*         0x0000000008010429        0x3 
 .rodata.FT5206_TPX_TBL
                0x000000000801042c        0xa ./Core/Src/ft5206.o
                0x000000000801042c                FT5206_TPX_TBL
 *fill*         0x0000000008010436        0x2 
 .rodata.GT9147_CFG_TBL
                0x0000000008010438       0xb8 ./Core/Src/gt9147.o
                0x0000000008010438                GT9147_CFG_TBL
 .rodata.GT9147_TPX_TBL
                0x00000000080104f0        0xa ./Core/Src/gt9147.o
                0x00000000080104f0                GT9147_TPX_TBL
 *fill*         0x00000000080104fa        0x2 
 .rodata.asc2_1206
                0x00000000080104fc      0x474 ./Core/Src/lcd.o
                0x00000000080104fc                asc2_1206
 .rodata.asc2_1608
                0x0000000008010970      0x5f0 ./Core/Src/lcd.o
                0x0000000008010970                asc2_1608
 .rodata.asc2_2412
                0x0000000008010f60      0xd5c ./Core/Src/lcd.o
                0x0000000008010f60                asc2_2412
 .rodata.OTT_TPX_TBL
                0x0000000008011cbc        0xa ./Core/Src/ott2001a.o
                0x0000000008011cbc                OTT_TPX_TBL
 *fill*         0x0000000008011cc6        0x2 
 .rodata.AHBPrescTable
                0x0000000008011cc8       0x10 ./Core/Src/system_stm32f1xx.o
                0x0000000008011cc8                AHBPrescTable
 .rodata.APBPrescTable
                0x0000000008011cd8        0x8 ./Core/Src/system_stm32f1xx.o
                0x0000000008011cd8                APBPrescTable
 .rodata._global_impure_ptr
                0x0000000008011ce0        0x4 d:/stm32/stm32cubeide_1.10.1/stm32cubeide/plugins/com.st.stm32cube.ide.mcu.externaltools.gnu-tools-for-stm32.10.3-2021.10.win32_1.0.0.202111181127/tools/bin/../lib/gcc/arm-none-eabi/10.3.1/../../../../arm-none-eabi/lib/thumb/v7-m/nofp\libc_nano.a(lib_a-impure.o)
                0x0000000008011ce0                _global_impure_ptr
 .rodata.__sf_fake_stderr
                0x0000000008011ce4       0x20 d:/stm32/stm32cubeide_1.10.1/stm32cubeide/plugins/com.st.stm32cube.ide.mcu.externaltools.gnu-tools-for-stm32.10.3-2021.10.win32_1.0.0.202111181127/tools/bin/../lib/gcc/arm-none-eabi/10.3.1/../../../../arm-none-eabi/lib/thumb/v7-m/nofp\libc_nano.a(lib_a-findfp.o)
                0x0000000008011ce4                __sf_fake_stderr
 .rodata.__sf_fake_stdin
                0x0000000008011d04       0x20 d:/stm32/stm32cubeide_1.10.1/stm32cubeide/plugins/com.st.stm32cube.ide.mcu.externaltools.gnu-tools-for-stm32.10.3-2021.10.win32_1.0.0.202111181127/tools/bin/../lib/gcc/arm-none-eabi/10.3.1/../../../../arm-none-eabi/lib/thumb/v7-m/nofp\libc_nano.a(lib_a-findfp.o)
                0x0000000008011d04                __sf_fake_stdin
 .rodata.__sf_fake_stdout
                0x0000000008011d24       0x20 d:/stm32/stm32cubeide_1.10.1/stm32cubeide/plugins/com.st.stm32cube.ide.mcu.externaltools.gnu-tools-for-stm32.10.3-2021.10.win32_1.0.0.202111181127/tools/bin/../lib/gcc/arm-none-eabi/10.3.1/../../../../arm-none-eabi/lib/thumb/v7-m/nofp\libc_nano.a(lib_a-findfp.o)
                0x0000000008011d24                __sf_fake_stdout
 .rodata._svfprintf_r.str1.1
                0x0000000008011d44       0x11 d:/stm32/stm32cubeide_1.10.1/stm32cubeide/plugins/com.st.stm32cube.ide.mcu.externaltools.gnu-tools-for-stm32.10.3-2021.10.win32_1.0.0.202111181127/tools/bin/../lib/gcc/arm-none-eabi/10.3.1/../../../../arm-none-eabi/lib/thumb/v7-m/nofp\libc_nano.a(lib_a-nano-svfprintf.o)
 .rodata._vfprintf_r.str1.1
                0x0000000008011d55       0x11 d:/stm32/stm32cubeide_1.10.1/stm32cubeide/plugins/com.st.stm32cube.ide.mcu.externaltools.gnu-tools-for-stm32.10.3-2021.10.win32_1.0.0.202111181127/tools/bin/../lib/gcc/arm-none-eabi/10.3.1/../../../../arm-none-eabi/lib/thumb/v7-m/nofp\libc_nano.a(lib_a-nano-vfprintf.o)
 .rodata._printf_i.str1.1
                0x0000000008011d55       0x22 d:/stm32/stm32cubeide_1.10.1/stm32cubeide/plugins/com.st.stm32cube.ide.mcu.externaltools.gnu-tools-for-stm32.10.3-2021.10.win32_1.0.0.202111181127/tools/bin/../lib/gcc/arm-none-eabi/10.3.1/../../../../arm-none-eabi/lib/thumb/v7-m/nofp\libc_nano.a(lib_a-nano-vfprintf_i.o)
                0x0000000008011d78                . = ALIGN (0x4)
 *fill*         0x0000000008011d77        0x1 

.rel.dyn        0x0000000008011d78        0x0
 .rel.iplt      0x0000000008011d78        0x0 d:/stm32/stm32cubeide_1.10.1/stm32cubeide/plugins/com.st.stm32cube.ide.mcu.externaltools.gnu-tools-for-stm32.10.3-2021.10.win32_1.0.0.202111181127/tools/bin/../lib/gcc/arm-none-eabi/10.3.1/thumb/v7-m/nofp/crtbegin.o

.ARM.extab      0x0000000008011d78        0x0
                0x0000000008011d78                . = ALIGN (0x4)
 *(.ARM.extab* .gnu.linkonce.armextab.*)
                0x0000000008011d78                . = ALIGN (0x4)

.ARM            0x0000000008011d78        0x0
                0x0000000008011d78                . = ALIGN (0x4)
                0x0000000008011d78                __exidx_start = .
 *(.ARM.exidx*)
                0x0000000008011d78                __exidx_end = .
                0x0000000008011d78                . = ALIGN (0x4)

.preinit_array  0x0000000008011d78        0x0
                0x0000000008011d78                . = ALIGN (0x4)
                0x0000000008011d78                PROVIDE (__preinit_array_start = .)
 *(.preinit_array*)
                0x0000000008011d78                PROVIDE (__preinit_array_end = .)
                0x0000000008011d78                . = ALIGN (0x4)

.init_array     0x0000000008011d78        0x4
                0x0000000008011d78                . = ALIGN (0x4)
                0x0000000008011d78                PROVIDE (__init_array_start = .)
 *(SORT_BY_NAME(.init_array.*))
 *(.init_array*)
 .init_array    0x0000000008011d78        0x4 d:/stm32/stm32cubeide_1.10.1/stm32cubeide/plugins/com.st.stm32cube.ide.mcu.externaltools.gnu-tools-for-stm32.10.3-2021.10.win32_1.0.0.202111181127/tools/bin/../lib/gcc/arm-none-eabi/10.3.1/thumb/v7-m/nofp/crtbegin.o
                0x0000000008011d7c                PROVIDE (__init_array_end = .)
                0x0000000008011d7c                . = ALIGN (0x4)

.fini_array     0x0000000008011d7c        0x4
                0x0000000008011d7c                . = ALIGN (0x4)
                [!provide]                        PROVIDE (__fini_array_start = .)
 *(SORT_BY_NAME(.fini_array.*))
 *(.fini_array*)
 .fini_array    0x0000000008011d7c        0x4 d:/stm32/stm32cubeide_1.10.1/stm32cubeide/plugins/com.st.stm32cube.ide.mcu.externaltools.gnu-tools-for-stm32.10.3-2021.10.win32_1.0.0.202111181127/tools/bin/../lib/gcc/arm-none-eabi/10.3.1/thumb/v7-m/nofp/crtbegin.o
                [!provide]                        PROVIDE (__fini_array_end = .)
                0x0000000008011d80                . = ALIGN (0x4)
                0x0000000008011d80                _sidata = LOADADDR (.data)

.data           0x0000000020000000      0xa20 load address 0x0000000008011d80
                0x0000000020000000                . = ALIGN (0x4)
                0x0000000020000000                _sdata = .
 *(.data)
 *(.data*)
 .data.key_up.0
                0x0000000020000000        0x1 ./Core/Src/key.o
 *fill*         0x0000000020000001        0x3 
 .data.bmp_pika
                0x0000000020000004      0x320 ./Core/Src/lcd.o
                0x0000000020000004                bmp_pika
 .data.bmp_monster
                0x0000000020000324      0x320 ./Core/Src/lcd.o
                0x0000000020000324                bmp_monster
 .data.bmp_sword
                0x0000000020000644       0xc8 ./Core/Src/lcd.o
                0x0000000020000644                bmp_sword
 .data.bmp_bag  0x000000002000070c       0xc8 ./Core/Src/lcd.o
                0x000000002000070c                bmp_bag
 .data.bmp_ability
                0x00000000200007d4       0xc8 ./Core/Src/lcd.o
                0x00000000200007d4                bmp_ability
 .data.bmp_run  0x000000002000089c       0xc8 ./Core/Src/lcd.o
                0x000000002000089c                bmp_run
 .data.BACK_COLOR
                0x0000000020000964        0x2 ./Core/Src/lcd.o
                0x0000000020000964                BACK_COLOR
 *fill*         0x0000000020000966        0x2 
 .data.getInstruction
                0x0000000020000968        0x4 ./Core/Src/main.o
                0x0000000020000968                getInstruction
 .data.menu     0x000000002000096c        0x4 ./Core/Src/main.o
                0x000000002000096c                menu
 .data.thisTurnPlayer
                0x0000000020000970        0x4 ./Core/Src/stm32f1xx_it.o
                0x0000000020000970                thisTurnPlayer
 .data.thisTurnEnemy
                0x0000000020000974        0x4 ./Core/Src/stm32f1xx_it.o
                0x0000000020000974                thisTurnEnemy
 .data.SystemCoreClock
                0x0000000020000978        0x4 ./Core/Src/system_stm32f1xx.o
                0x0000000020000978                SystemCoreClock
 .data.tp_dev   0x000000002000097c       0x34 ./Core/Src/touch.o
                0x000000002000097c                tp_dev
 .data.CMD_RDX  0x00000000200009b0        0x1 ./Core/Src/touch.o
                0x00000000200009b0                CMD_RDX
 .data.CMD_RDY  0x00000000200009b1        0x1 ./Core/Src/touch.o
                0x00000000200009b1                CMD_RDY
 *fill*         0x00000000200009b2        0x2 
 .data.uwTickPrio
                0x00000000200009b4        0x4 ./Drivers/STM32F1xx_HAL_Driver/Src/stm32f1xx_hal.o
                0x00000000200009b4                uwTickPrio
 .data.uwTickFreq
                0x00000000200009b8        0x1 ./Drivers/STM32F1xx_HAL_Driver/Src/stm32f1xx_hal.o
                0x00000000200009b8                uwTickFreq
 *fill*         0x00000000200009b9        0x3 
 .data._impure_ptr
                0x00000000200009bc        0x4 d:/stm32/stm32cubeide_1.10.1/stm32cubeide/plugins/com.st.stm32cube.ide.mcu.externaltools.gnu-tools-for-stm32.10.3-2021.10.win32_1.0.0.202111181127/tools/bin/../lib/gcc/arm-none-eabi/10.3.1/../../../../arm-none-eabi/lib/thumb/v7-m/nofp\libc_nano.a(lib_a-impure.o)
                0x00000000200009bc                _impure_ptr
 .data.impure_data
                0x00000000200009c0       0x60 d:/stm32/stm32cubeide_1.10.1/stm32cubeide/plugins/com.st.stm32cube.ide.mcu.externaltools.gnu-tools-for-stm32.10.3-2021.10.win32_1.0.0.202111181127/tools/bin/../lib/gcc/arm-none-eabi/10.3.1/../../../../arm-none-eabi/lib/thumb/v7-m/nofp\libc_nano.a(lib_a-impure.o)
 *(.RamFunc)
 *(.RamFunc*)
                0x0000000020000a20                . = ALIGN (0x4)
                0x0000000020000a20                _edata = .

.igot.plt       0x0000000020000a20        0x0 load address 0x00000000080127a0
 .igot.plt      0x0000000020000a20        0x0 d:/stm32/stm32cubeide_1.10.1/stm32cubeide/plugins/com.st.stm32cube.ide.mcu.externaltools.gnu-tools-for-stm32.10.3-2021.10.win32_1.0.0.202111181127/tools/bin/../lib/gcc/arm-none-eabi/10.3.1/thumb/v7-m/nofp/crtbegin.o
                0x0000000020000a20                . = ALIGN (0x4)

.bss            0x0000000020000a20      0xf40 load address 0x00000000080127a0
                0x0000000020000a20                _sbss = .
                0x0000000020000a20                __bss_start__ = _sbss
 *(.bss)
 .bss           0x0000000020000a20       0x1c d:/stm32/stm32cubeide_1.10.1/stm32cubeide/plugins/com.st.stm32cube.ide.mcu.externaltools.gnu-tools-for-stm32.10.3-2021.10.win32_1.0.0.202111181127/tools/bin/../lib/gcc/arm-none-eabi/10.3.1/thumb/v7-m/nofp/crtbegin.o
 *(.bss*)
 .bss.fac_us    0x0000000020000a3c        0x4 ./Core/Src/delay.o
 .bss.t.0       0x0000000020000a40        0x1 ./Core/Src/ft5206.o
 .bss.t.0       0x0000000020000a41        0x1 ./Core/Src/gt9147.o
 .bss.POINT_COLOR
                0x0000000020000a42        0x2 ./Core/Src/lcd.o
                0x0000000020000a42                POINT_COLOR
 .bss.lcddev    0x0000000020000a44        0xe ./Core/Src/lcd.o
                0x0000000020000a44                lcddev
 *fill*         0x0000000020000a52        0x2 
 .bss.round     0x0000000020000a54        0x4 ./Core/Src/main.o
                0x0000000020000a54                round
 .bss.rxBuffer  0x0000000020000a58       0x14 ./Core/Src/main.o
                0x0000000020000a58                rxBuffer
 .bss.info      0x0000000020000a6c      0x400 ./Core/Src/main.o
                0x0000000020000a6c                info
 .bss.A         0x0000000020000e6c       0x34 ./Core/Src/main.o
                0x0000000020000e6c                A
 .bss.B         0x0000000020000ea0       0x34 ./Core/Src/main.o
                0x0000000020000ea0                B
 .bss.Enemy     0x0000000020000ed4       0x34 ./Core/Src/main.o
                0x0000000020000ed4                Enemy
 .bss.A_skill   0x0000000020000f08       0x90 ./Core/Src/main.o
                0x0000000020000f08                A_skill
 .bss.B_skill   0x0000000020000f98       0x90 ./Core/Src/main.o
                0x0000000020000f98                B_skill
 .bss.item      0x0000000020001028       0x90 ./Core/Src/main.o
                0x0000000020001028                item
 .bss.key       0x00000000200010b8        0x1 ./Core/Src/main.o
                0x00000000200010b8                key
 .bss.mode      0x00000000200010b9        0x1 ./Core/Src/main.o
                0x00000000200010b9                mode
 .bss.t         0x00000000200010ba        0x2 ./Core/Src/main.o
                0x00000000200010ba                t
 .bss.DATA_TO_SEND
                0x00000000200010bc      0x320 ./Core/Src/main.o
                0x00000000200010bc                DATA_TO_SEND
 .bss.state_num
                0x00000000200013dc        0x4 ./Core/Src/main.o
                0x00000000200013dc                state_num
 .bss.STATE     0x00000000200013e0       0x1e ./Core/Src/main.o
                0x00000000200013e0                STATE
 *fill*         0x00000000200013fe        0x2 
 .bss.huart1    0x0000000020001400       0x44 ./Core/Src/main.o
                0x0000000020001400                huart1
 .bss.hspi1     0x0000000020001444       0x58 ./Core/Src/main.o
                0x0000000020001444                hspi1
 .bss.htim3     0x000000002000149c       0x48 ./Core/Src/main.o
                0x000000002000149c                htim3
 .bss.t.0       0x00000000200014e4        0x1 ./Core/Src/ott2001a.o
 *fill*         0x00000000200014e5        0x3 
 .bss.SPI1_Handler
                0x00000000200014e8       0x58 ./Core/Src/spi.o
                0x00000000200014e8                SPI1_Handler
 .bss.uRx_Data  0x0000000020001540      0x400 ./Core/Src/stm32f1xx_it.o
                0x0000000020001540                uRx_Data
 .bss.uLength   0x0000000020001940        0x1 ./Core/Src/stm32f1xx_it.o
                0x0000000020001940                uLength
 *fill*         0x0000000020001941        0x3 
 .bss.damageValue
                0x0000000020001944        0x4 ./Core/Src/stm32f1xx_it.o
 .bss.__sbrk_heap_end
                0x0000000020001948        0x4 ./Core/Src/sysmem.o
 .bss.uwTick    0x000000002000194c        0x4 ./Drivers/STM32F1xx_HAL_Driver/Src/stm32f1xx_hal.o
                0x000000002000194c                uwTick
 .bss.__lock___malloc_recursive_mutex
                0x0000000020001950        0x1 d:/stm32/stm32cubeide_1.10.1/stm32cubeide/plugins/com.st.stm32cube.ide.mcu.externaltools.gnu-tools-for-stm32.10.3-2021.10.win32_1.0.0.202111181127/tools/bin/../lib/gcc/arm-none-eabi/10.3.1/../../../../arm-none-eabi/lib/thumb/v7-m/nofp\libc_nano.a(lib_a-lock.o)
                0x0000000020001950                __lock___malloc_recursive_mutex
 .bss.__lock___sfp_recursive_mutex
                0x0000000020001951        0x1 d:/stm32/stm32cubeide_1.10.1/stm32cubeide/plugins/com.st.stm32cube.ide.mcu.externaltools.gnu-tools-for-stm32.10.3-2021.10.win32_1.0.0.202111181127/tools/bin/../lib/gcc/arm-none-eabi/10.3.1/../../../../arm-none-eabi/lib/thumb/v7-m/nofp\libc_nano.a(lib_a-lock.o)
                0x0000000020001951                __lock___sfp_recursive_mutex
 .bss.__lock___sinit_recursive_mutex
                0x0000000020001952        0x1 d:/stm32/stm32cubeide_1.10.1/stm32cubeide/plugins/com.st.stm32cube.ide.mcu.externaltools.gnu-tools-for-stm32.10.3-2021.10.win32_1.0.0.202111181127/tools/bin/../lib/gcc/arm-none-eabi/10.3.1/../../../../arm-none-eabi/lib/thumb/v7-m/nofp\libc_nano.a(lib_a-lock.o)
                0x0000000020001952                __lock___sinit_recursive_mutex
 *fill*         0x0000000020001953        0x1 
 .bss.__malloc_free_list
                0x0000000020001954        0x4 d:/stm32/stm32cubeide_1.10.1/stm32cubeide/plugins/com.st.stm32cube.ide.mcu.externaltools.gnu-tools-for-stm32.10.3-2021.10.win32_1.0.0.202111181127/tools/bin/../lib/gcc/arm-none-eabi/10.3.1/../../../../arm-none-eabi/lib/thumb/v7-m/nofp\libc_nano.a(lib_a-nano-mallocr.o)
                0x0000000020001954                __malloc_free_list
 .bss.__malloc_sbrk_start
                0x0000000020001958        0x4 d:/stm32/stm32cubeide_1.10.1/stm32cubeide/plugins/com.st.stm32cube.ide.mcu.externaltools.gnu-tools-for-stm32.10.3-2021.10.win32_1.0.0.202111181127/tools/bin/../lib/gcc/arm-none-eabi/10.3.1/../../../../arm-none-eabi/lib/thumb/v7-m/nofp\libc_nano.a(lib_a-nano-mallocr.o)
                0x0000000020001958                __malloc_sbrk_start
 .bss.errno     0x000000002000195c        0x4 d:/stm32/stm32cubeide_1.10.1/stm32cubeide/plugins/com.st.stm32cube.ide.mcu.externaltools.gnu-tools-for-stm32.10.3-2021.10.win32_1.0.0.202111181127/tools/bin/../lib/gcc/arm-none-eabi/10.3.1/../../../../arm-none-eabi/lib/thumb/v7-m/nofp\libc_nano.a(lib_a-reent.o)
                0x000000002000195c                errno
 *(COMMON)