../Core/Src/lcd.c:37:6:LCD_WR_REG	0	static
../Core/Src/lcd.c:62:6:opt_delay	0	static
../Core/Src/lcd.c:69:5:LCD_RD_DATA	8	static
../Core/Src/lcd.c:95:6:LCD_WriteReg	8	static
../Core/Src/lcd.c:104:5:LCD_ReadReg	8	static
../Core/Src/lcd.c:111:6:LCD_WriteRAM_Prepare	0	static
../Core/Src/lcd.c:117:6:LCD_WriteRAM	0	static
../Core/Src/lcd.c:50:6:LCD_WR_DATAX	0	static
../Core/Src/lcd.c:126:5:LCD_BGR2RGB	0	static
../Core/Src/lcd.c:173:6:LCD_DisplayOn	0	static
../Core/Src/lcd.c:186:6:LCD_DisplayOff	0	static
../Core/Src/lcd.c:201:6:LCD_SetCursor	48	static
../Core/Src/lcd.c:139:5:LCD_ReadPoint	8	static
../Core/Src/lcd.c:257:6:LCD_Scan_Dir	32	static
../Core/Src/lcd.c:407:6:LCD_DrawPoint	8	static
../Core/Src/lcd.c:417:6:LCD_Fast_DrawPoint	48	static
../Core/Src/lcd.c:466:6:LCD_SSD_BackLightSet	32	static
../Core/Src/lcd.c:479:6:LCD_Display_Dir	4	static
../Core/Src/lcd.c:559:6:LCD_Set_Window	56	static
../Core/Src/lcd.c:2064:6:LCD_Clear	24	static
../Core/Src/lcd.c:617:6:LCD_Init	64	static
../Core/Src/lcd.c:2083:6:LCD_Fill	32	static
../Core/Src/lcd.c:2105:6:LCD_Color_Fill	32	static
../Core/Src/lcd.c:2127:6:LCD_DrawLine	56	static
../Core/Src/lcd.c:2178:6:LCD_DrawRectangle	24	static
../Core/Src/lcd.c:2189:6:LCD_Draw_Circle	56	static
../Core/Src/lcd.c:2224:6:LCD_ShowChar	64	static
../Core/Src/lcd.c:2263:5:LCD_Pow	0	static
../Core/Src/lcd.c:2276:6:LCD_ShowNum	56	static
../Core/Src/lcd.c:2309:6:LCD_ShowxNum	64	static
../Core/Src/lcd.c:2340:6:LCD_ShowString	56	static
../Core/Src/lcd.c:2362:6:LCD_ShowImage	40	static
../Core/Src/lcd.c:2390:6:LCD_ShowImage2	40	static
../Core/Src/lcd.c:2418:6:LCD_ShowEndImage	40	static
../Core/Src/lcd.c:2448:6:LCD_ShowInputWrongImage	40	static
../Core/Src/lcd.c:2484:6:LCD_ShowBMP	56	static
../Core/Src/lcd.c:2513:6:LCD_ShowPika	56	static
../Core/Src/lcd.c:2543:6:LCD_ShowMonster	56	static
../Core/Src/lcd.c:2573:6:LCD_ShowDragon	56	static
../Core/Src/lcd.c:2603:6:LCD_ShowSword	56	static
../Core/Src/lcd.c:2633:6:LCD_ShowBag	56	static
../Core/Src/lcd.c:2663:6:LCD_ShowAbility	56	static
../Core/Src/lcd.c:2693:6:LCD_ShowRun	56	static
