../Core/Src/stm32f1xx_it.c:91:6:NMI_Handler	0	static
../Core/Src/stm32f1xx_it.c:106:6:HardFault_Handler	0	static
../Core/Src/stm32f1xx_it.c:121:6:MemManage_Handler	0	static
../Core/Src/stm32f1xx_it.c:136:6:BusFault_Handler	0	static
../Core/Src/stm32f1xx_it.c:151:6:UsageFault_Handler	0	static
../Core/Src/stm32f1xx_it.c:166:6:SVC_Handler	0	static
../Core/Src/stm32f1xx_it.c:179:6:DebugMon_Handler	0	static
../Core/Src/stm32f1xx_it.c:192:6:PendSV_Handler	0	static
../Core/Src/stm32f1xx_it.c:205:6:SysTick_Handler	0	static
../Core/Src/stm32f1xx_it.c:226:6:TIM3_IRQHandler	0	static
../Core/Src/stm32f1xx_it.c:240:6:USART1_IRQHandler	8	static
../Core/Src/stm32f1xx_it.c:395:6:changeCharacter	0	static
../Core/Src/stm32f1xx_it.c:413:6:HAL_TIM_PeriodElapsedCallback	32	static
../Core/Src/stm32f1xx_it.c:483:6:printCharaterState	24	static
../Core/Src/stm32f1xx_it.c:498:6:blinkRed	8	static
../Core/Inc/turnMethods.h:17:13:beAttacked	32	static
../Core/Src/stm32f1xx_it.c:504:6:blinkGreen	8	static
../Core/Src/stm32f1xx_it.c:252:6:HAL_UART_RxCpltCallback	32	static
