../Core/Inc/turnMethods.h:17:13:beAttacked	32	static
../Core/Inc/turnMethods.h:28:12:attackSkill	24	static
../Core/Inc/turnMethods.h:33:13:healSkill	16	static
../Core/Inc/turnMethods.h:41:13:upATK	16	static
../Core/Inc/turnMethods.h:46:13:upDEF	16	static
../Core/Inc/turnMethods.h:51:13:downATK	24	static
../Core/Inc/turnMethods.h:56:13:downDEF	24	static
../Core/Inc/turnMethods.h:61:13:judgeMP	16	static
../Core/Inc/turnMethods.h:67:13:judgeCount	16	static
../Core/Inc/turnMethods.h:73:13:judgeAlive	16	static
../Core/Inc/turnMethods.h:81:13:useItem	16	static
../Core/Inc/turnMethods.h:111:13:normailzeCharacterValue	16	static
../Core/Inc/turnMethods.h:117:13:normailzeATKValue	16	static
../Core/Inc/turnMethods.h:122:13:normailzeDEFValue	16	static
../Core/Inc/turnMethods.h:128:25:newCharacter	88	static
../Core/Inc/turnMethods.h:145:21:newSkill	72	static
../Core/Inc/turnMethods.h:158:20:newItem	72	static
../Core/Src/main.c:90:6:Load_Drow_Dialog	16	static
../Core/Src/main.c:103:6:gui_draw_hline	32	static
../Core/Src/main.c:112:6:gui_fill_circle	40	static
../Core/Src/main.c:138:5:my_abs	16	static
../Core/Src/main.c:148:6:screen_print	16	static
../Core/Src/main.c:238:6:screen_norm_print	16	static
../Core/Src/main.c:338:6:screen_menu2_print	16	static
../Core/Src/main.c:444:6:screen_menu3_print	16	static
../Core/Src/main.c:533:6:change_state	8	static
../Core/Src/main.c:543:6:modeSwitch	8	static
../Core/Src/main.c:558:6:sendData	24	static
../Core/Src/main.c:589:7:receiveData	8	static
../Core/Src/main.c:605:6:lcd_draw_bline	64	static
../Core/Src/main.c:645:6:rtp_test	72	static
../Core/Src/main.c:891:6:ctp_test	48	static
../Core/Src/main.c:960:5:main	136	static
../Core/Src/main.c:1144:6:SystemClock_Config	72	static
../Core/Src/main.c:1184:13:MX_SPI1_Init	8	static
../Core/Src/main.c:1222:13:MX_TIM3_Init	32	static
../Core/Src/main.c:1267:13:MX_USART1_UART_Init	8	static
../Core/Src/main.c:1300:13:MX_GPIO_Init	32	static
../Core/Src/main.c:1338:6:Error_Handler	4	static,ignoring_inline_asm
