../Core/Inc/turnMethods.h:17:13:beAttacked	32	static
../Core/Inc/turnMethods.h:28:12:attackSkill	24	static
../Core/Inc/turnMethods.h:33:13:healSkill	16	static
../Core/Inc/turnMethods.h:41:13:upATK	16	static
../Core/Inc/turnMethods.h:46:13:upDEF	16	static
../Core/Inc/turnMethods.h:51:13:downATK	24	static
../Core/Inc/turnMethods.h:56:13:downDEF	24	static
../Core/Inc/turnMethods.h:61:13:judgeMP	16	static
../Core/Inc/turnMethods.h:67:13:judgeCount	16	static
../Core/Inc/turnMethods.h:73:13:judgeAlive	16	static
../Core/Inc/turnMethods.h:81:13:useItem	16	static
../Core/Inc/turnMethods.h:111:13:normailzeCharacterValue	16	static
../Core/Inc/turnMethods.h:117:13:normailzeATKValue	16	static
../Core/Inc/turnMethods.h:122:13:normailzeDEFValue	16	static
../Core/Inc/turnMethods.h:128:25:newCharacter	88	static
../Core/Inc/turnMethods.h:145:21:newSkill	72	static
../Core/Inc/turnMethods.h:158:20:newItem	72	static
../Core/Src/stm32f1xx_it.c:92:6:NMI_Handler	4	static
../Core/Src/stm32f1xx_it.c:107:6:HardFault_Handler	4	static
../Core/Src/stm32f1xx_it.c:122:6:MemManage_Handler	4	static
../Core/Src/stm32f1xx_it.c:137:6:BusFault_Handler	4	static
../Core/Src/stm32f1xx_it.c:152:6:UsageFault_Handler	4	static
../Core/Src/stm32f1xx_it.c:167:6:SVC_Handler	4	static
../Core/Src/stm32f1xx_it.c:180:6:DebugMon_Handler	4	static
../Core/Src/stm32f1xx_it.c:193:6:PendSV_Handler	4	static
../Core/Src/stm32f1xx_it.c:206:6:SysTick_Handler	8	static
../Core/Src/stm32f1xx_it.c:227:6:TIM3_IRQHandler	8	static
../Core/Src/stm32f1xx_it.c:241:6:USART1_IRQHandler	8	static
../Core/Src/stm32f1xx_it.c:253:6:HAL_UART_RxCpltCallback	24	static
../Core/Src/stm32f1xx_it.c:401:6:changeCharacter	4	static
../Core/Src/stm32f1xx_it.c:419:6:HAL_TIM_PeriodElapsedCallback	40	static
../Core/Src/stm32f1xx_it.c:489:6:printCharaterState	16	static
../Core/Src/stm32f1xx_it.c:504:6:blinkRed	8	static
../Core/Src/stm32f1xx_it.c:510:6:blinkGreen	8	static
