Archive member included to satisfy reference by file (symbol)

d:/stm32/stm32cubeide_1.10.1/stm32cubeide/plugins/com.st.stm32cube.ide.mcu.externaltools.gnu-tools-for-stm32.10.3-2021.10.win32_1.0.0.202111181127/tools/bin/../lib/gcc/arm-none-eabi/10.3.1/../../../../arm-none-eabi/lib/thumb/v7-m/nofp\libc_nano.a(lib_a-errno.o)
                              ./Core/Src/syscalls.o (__errno)
d:/stm32/stm32cubeide_1.10.1/stm32cubeide/plugins/com.st.stm32cube.ide.mcu.externaltools.gnu-tools-for-stm32.10.3-2021.10.win32_1.0.0.202111181127/tools/bin/../lib/gcc/arm-none-eabi/10.3.1/../../../../arm-none-eabi/lib/thumb/v7-m/nofp\libc_nano.a(lib_a-exit.o)
                              d:/stm32/stm32cubeide_1.10.1/stm32cubeide/plugins/com.st.stm32cube.ide.mcu.externaltools.gnu-tools-for-stm32.10.3-2021.10.win32_1.0.0.202111181127/tools/bin/../lib/gcc/arm-none-eabi/10.3.1/../../../../arm-none-eabi/lib/thumb/v7-m/nofp/crt0.o (exit)
d:/stm32/stm32cubeide_1.10.1/stm32cubeide/plugins/com.st.stm32cube.ide.mcu.externaltools.gnu-tools-for-stm32.10.3-2021.10.win32_1.0.0.202111181127/tools/bin/../lib/gcc/arm-none-eabi/10.3.1/../../../../arm-none-eabi/lib/thumb/v7-m/nofp\libc_nano.a(lib_a-impure.o)
                              d:/stm32/stm32cubeide_1.10.1/stm32cubeide/plugins/com.st.stm32cube.ide.mcu.externaltools.gnu-tools-for-stm32.10.3-2021.10.win32_1.0.0.202111181127/tools/bin/../lib/gcc/arm-none-eabi/10.3.1/../../../../arm-none-eabi/lib/thumb/v7-m/nofp\libc_nano.a(lib_a-exit.o) (_global_impure_ptr)
d:/stm32/stm32cubeide_1.10.1/stm32cubeide/plugins/com.st.stm32cube.ide.mcu.externaltools.gnu-tools-for-stm32.10.3-2021.10.win32_1.0.0.202111181127/tools/bin/../lib/gcc/arm-none-eabi/10.3.1/../../../../arm-none-eabi/lib/thumb/v7-m/nofp\libc_nano.a(lib_a-init.o)
                              d:/stm32/stm32cubeide_1.10.1/stm32cubeide/plugins/com.st.stm32cube.ide.mcu.externaltools.gnu-tools-for-stm32.10.3-2021.10.win32_1.0.0.202111181127/tools/bin/../lib/gcc/arm-none-eabi/10.3.1/../../../../arm-none-eabi/lib/thumb/v7-m/nofp/crt0.o (__libc_init_array)
d:/stm32/stm32cubeide_1.10.1/stm32cubeide/plugins/com.st.stm32cube.ide.mcu.externaltools.gnu-tools-for-stm32.10.3-2021.10.win32_1.0.0.202111181127/tools/bin/../lib/gcc/arm-none-eabi/10.3.1/../../../../arm-none-eabi/lib/thumb/v7-m/nofp\libc_nano.a(lib_a-memcpy-stub.o)
                              ./Core/Src/main.o (memcpy)
d:/stm32/stm32cubeide_1.10.1/stm32cubeide/plugins/com.st.stm32cube.ide.mcu.externaltools.gnu-tools-for-stm32.10.3-2021.10.win32_1.0.0.202111181127/tools/bin/../lib/gcc/arm-none-eabi/10.3.1/../../../../arm-none-eabi/lib/thumb/v7-m/nofp\libc_nano.a(lib_a-memset.o)
                              d:/stm32/stm32cubeide_1.10.1/stm32cubeide/plugins/com.st.stm32cube.ide.mcu.externaltools.gnu-tools-for-stm32.10.3-2021.10.win32_1.0.0.202111181127/tools/bin/../lib/gcc/arm-none-eabi/10.3.1/../../../../arm-none-eabi/lib/thumb/v7-m/nofp/crt0.o (memset)
d:/stm32/stm32cubeide_1.10.1/stm32cubeide/plugins/com.st.stm32cube.ide.mcu.externaltools.gnu-tools-for-stm32.10.3-2021.10.win32_1.0.0.202111181127/tools/bin/../lib/gcc/arm-none-eabi/10.3.1/../../../../arm-none-eabi/lib/thumb/v7-m/nofp\libc_nano.a(lib_a-printf.o)
                              ./Core/Src/ft5206.o (printf)
d:/stm32/stm32cubeide_1.10.1/stm32cubeide/plugins/com.st.stm32cube.ide.mcu.externaltools.gnu-tools-for-stm32.10.3-2021.10.win32_1.0.0.202111181127/tools/bin/../lib/gcc/arm-none-eabi/10.3.1/../../../../arm-none-eabi/lib/thumb/v7-m/nofp\libc_nano.a(lib_a-sprintf.o)
                              ./Core/Src/main.o (sprintf)
d:/stm32/stm32cubeide_1.10.1/stm32cubeide/plugins/com.st.stm32cube.ide.mcu.externaltools.gnu-tools-for-stm32.10.3-2021.10.win32_1.0.0.202111181127/tools/bin/../lib/gcc/arm-none-eabi/10.3.1/../../../../arm-none-eabi/lib/thumb/v7-m/nofp\libc_nano.a(lib_a-strcmp.o)
                              ./Core/Src/gt9147.o (strcmp)
d:/stm32/stm32cubeide_1.10.1/stm32cubeide/plugins/com.st.stm32cube.ide.mcu.externaltools.gnu-tools-for-stm32.10.3-2021.10.win32_1.0.0.202111181127/tools/bin/../lib/gcc/arm-none-eabi/10.3.1/../../../../arm-none-eabi/lib/thumb/v7-m/nofp\libc_nano.a(lib_a-strcpy.o)
                              ./Core/Src/main.o (strcpy)
d:/stm32/stm32cubeide_1.10.1/stm32cubeide/plugins/com.st.stm32cube.ide.mcu.externaltools.gnu-tools-for-stm32.10.3-2021.10.win32_1.0.0.202111181127/tools/bin/../lib/gcc/arm-none-eabi/10.3.1/../../../../arm-none-eabi/lib/thumb/v7-m/nofp\libc_nano.a(lib_a-strlen.o)
                              ./Core/Src/main.o (strlen)
d:/stm32/stm32cubeide_1.10.1/stm32cubeide/plugins/com.st.stm32cube.ide.mcu.externaltools.gnu-tools-for-stm32.10.3-2021.10.win32_1.0.0.202111181127/tools/bin/../lib/gcc/arm-none-eabi/10.3.1/../../../../arm-none-eabi/lib/thumb/v7-m/nofp\libc_nano.a(lib_a-findfp.o)
[...]
Memory Configuration

Name             Origin             Length             Attributes
RAM              0x0000000020000000 0x000000000000c000 xrw
FLASH            0x0000000008000000 0x0000000000040000 xr
*default*        0x0000000000000000 0xffffffffffffffff

Linker script and memory map

LOAD d:/stm32/stm32cubeide_1.10.1/stm32cubeide/plugins/com.st.stm32cube.ide.mcu.externaltools.gnu-tools-for-stm32.10.3-2021.10.win32_1.0.0.202111181127/tools/bin/../lib/gcc/arm-none-eabi/10.3.1/thumb/v7-m/nofp/crti.o
LOAD d:/stm32/stm32cubeide_1.10.1/stm32cubeide/plugins/com.st.stm32cube.ide.mcu.externaltools.gnu-tools-for-stm32.10.3-2021.10.win32_1.0.0.202111181127/tools/bin/../lib/gcc/arm-none-eabi/10.3.1/thumb/v7-m/nofp/crtbegin.o
LOAD d:/stm32/stm32cubeide_1.10.1/stm32cubeide/plugins/com.st.stm32cube.ide.mcu.externaltools.gnu-tools-for-stm32.10.3-2021.10.win32_1.0.0.202111181127/tools/bin/../lib/gcc/arm-none-eabi/10.3.1/../../../../arm-none-eabi/lib/thumb/v7-m/nofp/crt0.o
LOAD ./Core/Src/24cxx.o
LOAD ./Core/Src/24l01.o
LOAD ./Core/Src/ctiic.o
LOAD ./Core/Src/delay.o
LOAD ./Core/Src/ft5206.o
LOAD ./Core/Src/gt9147.o
LOAD ./Core/Src/key.o
LOAD ./Core/Src/lcd.o
LOAD ./Core/Src/led.o
LOAD ./Core/Src/main.o
LOAD ./Core/Src/myiic.o
LOAD ./Core/Src/ott2001a.o
LOAD ./Core/Src/spi.o
LOAD ./Core/Src/stm32f1xx_hal_msp.o
LOAD ./Core/Src/stm32f1xx_it.o
LOAD ./Core/Src/sys.o
LOAD ./Core/Src/syscalls.o
LOAD ./Core/Src/sysmem.o
LOAD ./Core/Src/system_stm32f1xx.o
LOAD ./Core/Src/touch.o
LOAD ./Core/Startup/startup_stm32f103rctx.o
LOAD ./Drivers/STM32F1xx_HAL_Driver/Src/stm32f1xx_hal.o
LOAD ./Drivers/STM32F1xx_HAL_Driver/Src/stm32f1xx_hal_cortex.o
LOAD ./Drivers/STM32F1xx_HAL_Driver/Src/stm32f1xx_hal_dma.o
LOAD ./Drivers/STM32F1xx_HAL_Driver/Src/stm32f1xx_hal_exti.o
LOAD ./Drivers/STM32F1xx_HAL_Driver/Src/stm32f1xx_hal_flash.o
LOAD ./Drivers/STM32F1xx_HAL_Driver/Src/stm32f1xx_hal_flash_ex.o
LOAD ./Drivers/STM32F1xx_HAL_Driver/Src/stm32f1xx_hal_gpio.o
LOAD ./Drivers/STM32F1xx_HAL_Driver/Src/stm32f1xx_hal_gpio_ex.o
LOAD ./Drivers/STM32F1xx_HAL_Driver/Src/stm32f1xx_hal_pwr.o
LOAD ./Drivers/STM32F1xx_HAL_Driver/Src/stm32f1xx_hal_rcc.o
LOAD ./Drivers/STM32F1xx_HAL_Driver/Src/stm32f1xx_hal_rcc_ex.o
LOAD ./Drivers/STM32F1xx_HAL_Driver/Src/stm32f1xx_hal_spi.o
LOAD ./Drivers/STM32F1xx_HAL_Driver/Src/stm32f1xx_hal_tim.o
LOAD ./Drivers/STM32F1xx_HAL_Driver/Src/stm32f1xx_hal_tim_ex.o
LOAD ./Drivers/STM32F1xx_HAL_Driver/Src/stm32f1xx_hal_uart.o
START GROUP
LOAD d:/stm32/stm32cubeide_1.10.1/stm32cubeide/plugins/com.st.stm32cube.ide.mcu.externaltools.gnu-tools-for-stm32.10.3-2021.10.win32_1.0.0.202111181127/tools/bin/../lib/gcc/arm-none-eabi/10.3.1/../../../../arm-none-eabi/lib/thumb/v7-m/nofp\libc_nano.a
LOAD d:/stm32/stm32cubeide_1.10.1/stm32cubeide/plugins/com.st.stm32cube.ide.mcu.externaltools.gnu-tools-for-stm32.10.3-2021.10.win32_1.0.0.202111181127/tools/bin/../lib/gcc/arm-none-eabi/10.3.1/../../../../arm-none-eabi/lib/thumb/v7-m/nofp\libm.a
END GROUP
START GROUP
LOAD d:/stm32/stm32cubeide_1.10.1/stm32cubeide/plugins/com.st.stm32cube.ide.mcu.externaltools.gnu-tools-for-stm32.10.3-2021.10.win32_1.0.0.202111181127/tools/bin/../lib/gcc/arm-none-eabi/10.3.1/thumb/v7-m/nofp\libgcc.a
LOAD d:/stm32/stm32cubeide_1.10.1/stm32cubeide/plugins/com.st.stm32cube.ide.mcu.externaltools.gnu-tools-for-stm32.10.3-2021.10.win32_1.0.0.202111181127/tools/bin/../lib/gcc/arm-none-eabi/10.3.1/../../../../arm-none-eabi/lib/thumb/v7-m/nofp\libc_nano.a
END GROUP
START GROUP
LOAD d:/stm32/stm32cubeide_1.10.1/stm32cubeide/plugins/com.st.stm32cube.ide.mcu.externaltools.gnu-tools-for-stm32.10.3-2021.10.win32_1.0.0.202111181127/tools/bin/../lib/gcc/arm-none-eabi/10.3.1/thumb/v7-m/nofp\libgcc.a
LOAD d:/stm32/stm32cubeide_1.10.1/stm32cubeide/plugins/com.st.stm32cube.ide.mcu.externaltools.gnu-tools-for-stm32.10.3-2021.10.win32_1.0.0.202111181127/tools/bin/../lib/gcc/arm-none-eabi/10.3.1/../../../../arm-none-eabi/lib/thumb/v7-m/nofp\libc_nano.a
LOAD d:/stm32/stm32cubeide_1.10.1/stm32cubeide/plugins/com.st.stm32cube.ide.mcu.externaltools.gnu-tools-for-stm32.10.3-2021.10.win32_1.0.0.202111181127/tools/bin/../lib/gcc/arm-none-eabi/10.3.1/../../../../arm-none-eabi/lib/thumb/v7-m/nofp\libnosys.a
END GROUP
START GROUP
LOAD d:/stm32/stm32cubeide_1.10.1/stm32cubeide/plugins/com.st.stm32cube.ide.mcu.externaltools.gnu-tools-for-stm32.10.3-2021.10.win32_1.0.0.202111181127/tools/bin/../lib/gcc/arm-none-eabi/10.3.1/thumb/v7-m/nofp\libgcc.a
LOAD d:/stm32/stm32cubeide_1.10.1/stm32cubeide/plugins/com.st.stm32cube.ide.mcu.externaltools.gnu-tools-for-stm32.10.3-2021.10.win32_1.0.0.202111181127/tools/bin/../lib/gcc/arm-none-eabi/10.3.1/../../../../arm-none-eabi/lib/thumb/v7-m/nofp\libc_nano.a
LOAD d:/stm32/stm32cubeide_1.10.1/stm32cubeide/plugins/com.st.stm32cube.ide.mcu.externaltools.gnu-tools-for-stm32.10.3-2021.10.win32_1.0.0.202111181127/tools/bin/../lib/gcc/arm-none-eabi/10.3.1/../../../../arm-none-eabi/lib/thumb/v7-m/nofp\libnosys.a
END GROUP
LOAD d:/stm32/stm32cubeide_1.10.1/stm32cubeide/plugins/com.st.stm32cube.ide.mcu.externaltools.gnu-tools-for-stm32.10.3-2021.10.win32_1.0.0.202111181127/tools/bin/../lib/gcc/arm-none-eabi/10.3.1/thumb/v7-m/nofp/crtend.o
LOAD d:/stm32/stm32cubeide_1.10.1/stm32cubeide/plugins/com.st.stm32cube.ide.mcu.externaltools.gnu-tools-for-stm32.10.3-2021.10.win32_1.0.0.202111181127/tools/bin/../lib/gcc/arm-none-eabi/10.3.1/thumb/v7-m/nofp/crtn.o
                0x000000002000c000                _estack = (ORIGIN (RAM) + LENGTH (RAM))
                0x0000000000000200                _Min_Heap_Size = 0x200
                0x0000000000000400                _Min_Stack_Size = 0x400

.isr_vector     0x0000000008000000      0x1e4
                0x0000000008000000                . = ALIGN (0x4)
 *(.isr_vector)
 .isr_vector    0x0000000008000000      0x1e4 ./Core/Startup/startup_stm32f103rctx.o
                0x0000000008000000                g_pfnVectors
                0x00000000080001e4                . = ALIGN (0x4)

.text           0x00000000080001e8     0xab6c
                0x00000000080001e8                . = ALIGN (0x4)
 *(.text)
 .text          0x00000000080001e8       0x40 d:/stm32/stm32cubeide_1.10.1/stm32cubeide/plugins/com.st.stm32cube.ide.mcu.externaltools.gnu-tools-for-stm32.10.3-2021.10.win32_1.0.0.202111181127/tools/bin/../lib/gcc/arm-none-eabi/10.3.1/thumb/v7-m/nofp/crtbegin.o
 .text          0x0000000008000228       0x14 d:/stm32/stm32cubeide_1.10.1/stm32cubeide/plugins/com.st.stm32cube.ide.mcu.externaltools.gnu-tools-for-stm32.10.3-2021.10.win32_1.0.0.202111181127/tools/bin/../lib/gcc/arm-none-eabi/10.3.1/../../../../arm-none-eabi/lib/thumb/v7-m/nofp\libc_nano.a(lib_a-strcmp.o)
                0x0000000008000228                strcmp
 .text          0x000000000800023c       0x10 d:/stm32/stm32cubeide_1.10.1/stm32cubeide/plugins/com.st.stm32cube.ide.mcu.externaltools.gnu-tools-for-stm32.10.3-2021.10.win32_1.0.0.202111181127/tools/bin/../lib/gcc/arm-none-eabi/10.3.1/../../../../arm-none-eabi/lib/thumb/v7-m/nofp\libc_nano.a(lib_a-strlen.o)
                0x000000000800023c                strlen
 .text          0x000000000800024c      0x378 d:/stm32/stm32cubeide_1.10.1/stm32cubeide/plugins/com.st.stm32cube.ide.mcu.externaltools.gnu-tools-for-stm32.10.3-2021.10.win32_1.0.0.202111181127/tools/bin/../lib/gcc/arm-none-eabi/10.3.1/thumb/v7-m/nofp\libgcc.a(_arm_addsubdf3.o)
                0x000000000800024c                __aeabi_drsub
                0x0000000008000254                __aeabi_dsub
                0x0000000008000254                __subdf3
                0x0000000008000258                __aeabi_dadd
                0x0000000008000258                __adddf3
                0x00000000080004d0                __floatunsidf
                0x00000000080004d0                __aeabi_ui2d
                0x00000000080004f0                __floatsidf
                0x00000000080004f0                __aeabi_i2d
                0x0000000008000514                __aeabi_f2d
                0x0000000008000514                __extendsfdf2
                0x0000000008000558                __floatundidf
                0x0000000008000558                __aeabi_ul2d
                0x0000000008000568                __floatdidf
                0x0000000008000568                __aeabi_l2d
 .text          0x00000000080005c4      0x424 d:/stm32/stm32cubeide_1.10.1/stm32cubeide/plugins/com.st.stm32cube.ide.mcu.externaltools.gnu-tools-for-stm32.10.3-2021.10.win32_1.0.0.202111181127/tools/bin/../lib/gcc/arm-none-eabi/10.3.1/thumb/v7-m/nofp\libgcc.a(_arm_muldivdf3.o)
                0x00000000080005c4                __aeabi_dmul
                0x00000000080005c4                __muldf3
                0x0000000008000818                __divdf3
                0x0000000008000818                __aeabi_ddiv
 .text          0x00000000080009e8      0x110 d:/stm32/stm32cubeide_1.10.1/stm32cubeide/plugins/com.st.stm32cube.ide.mcu.externaltools.gnu-tools-for-stm32.10.3-2021.10.win32_1.0.0.202111181127/tools/bin/../lib/gcc/arm-none-eabi/10.3.1/thumb/v7-m/nofp\libgcc.a(_arm_cmpdf2.o)
                0x00000000080009e8                __gtdf2
                0x00000000080009e8                __gedf2
                0x00000000080009f0                __ltdf2
                0x00000000080009f0                __ledf2
                0x00000000080009f8                __nedf2
                0x00000000080009f8                __eqdf2
                0x00000000080009f8                __cmpdf2
                0x0000000008000a74                __aeabi_cdrcmple
                0x0000000008000a84                __aeabi_cdcmpeq
                0x0000000008000a84                __aeabi_cdcmple
                0x0000000008000a94                __aeabi_dcmpeq
                0x0000000008000aa8                __aeabi_dcmplt
                0x0000000008000abc                __aeabi_dcmple
                0x0000000008000ad0                __aeabi_dcmpge
                0x0000000008000ae4                __aeabi_dcmpgt
 .text          0x0000000008000af8       0x2c d:/stm32/stm32cubeide_1.10.1/stm32cubeide/plugins/com.st.stm32cube.ide.mcu.externaltools.gnu-tools-for-stm32.10.3-2021.10.win32_1.0.0.202111181127/tools/bin/../lib/gcc/arm-none-eabi/10.3.1/thumb/v7-m/nofp\libgcc.a(_arm_unorddf2.o)
                0x0000000008000af8                __unorddf2
                0x0000000008000af8                __aeabi_dcmpun
 .text          0x0000000008000b24       0x50 d:/stm32/stm32cubeide_1.10.1/stm32cubeide/plugins/com.st.stm32cube.ide.mcu.externaltools.gnu-tools-for-stm32.10.3-2021.10.win32_1.0.0.202111181127/tools/bin/../lib/gcc/arm-none-eabi/10.3.1/thumb/v7-m/nofp\libgcc.a(_arm_fixdfsi.o)
                0x0000000008000b24                __aeabi_d2iz
                0x0000000008000b24                __fixdfsi
 .text          0x0000000008000b74       0x40 d:/stm32/stm32cubeide_1.10.1/stm32cubeide/plugins/com.st.stm32cube.ide.mcu.externaltools.gnu-tools-for-stm32.10.3-2021.10.win32_1.0.0.202111181127/tools/bin/../lib/gcc/arm-none-eabi/10.3.1/thumb/v7-m/nofp\libgcc.a(_arm_fixunsdfsi.o)
                0x0000000008000b74                __aeabi_d2uiz
                0x0000000008000b74                __fixunsdfsi
 .text          0x0000000008000bb4      0x21c d:/stm32/stm32cubeide_1.10.1/stm32cubeide/plugins/com.st.stm32cube.ide.mcu.externaltools.gnu-tools-for-stm32.10.3-2021.10.win32_1.0.0.202111181127/tools/bin/../lib/gcc/arm-none-eabi/10.3.1/thumb/v7-m/nofp\libgcc.a(_arm_addsubsf3.o)
                0x0000000008000bb4                __aeabi_frsub
                0x0000000008000bbc                __subsf3
                0x0000000008000bbc                __aeabi_fsub
                0x0000000008000bc0                __aeabi_fadd
                0x0000000008000bc0                __addsf3
                0x0000000008000d20                __aeabi_ui2f
                0x0000000008000d20                __floatunsisf
                0x0000000008000d28                __aeabi_i2f
                0x0000000008000d28                __floatsisf
                0x0000000008000d44                __aeabi_ul2f
                0x0000000008000d44                __floatundisf
                0x0000000008000d54                __aeabi_l2f
                0x0000000008000d54                __floatdisf
 .text          0x0000000008000dd0      0x2a0 d:/stm32/stm32cubeide_1.10.1/stm32cubeide/plugins/com.st.stm32cube.ide.mcu.externaltools.gnu-tools-for-stm32.10.3-2021.10.win32_1.0.0.202111181127/tools/bin/../lib/gcc/arm-none-eabi/10.3.1/thumb/v7-m/nofp\libgcc.a(_arm_muldivsf3.o)
                0x0000000008000dd0                __mulsf3
                0x0000000008000dd0                __aeabi_fmul
                0x0000000008000f38                __aeabi_fdiv
                0x0000000008000f38                __divsf3
 .text          0x0000000008001070       0x4c d:/stm32/stm32cubeide_1.10.1/stm32cubeide/plugins/com.st.stm32cube.ide.mcu.externaltools.gnu-tools-for-stm32.10.3-2021.10.win32_1.0.0.202111181127/tools/bin/../lib/gcc/arm-none-eabi/10.3.1/thumb/v7-m/nofp\libgcc.a(_arm_fixsfsi.o)
                0x0000000008001070                __aeabi_f2iz
                0x0000000008001070                __fixsfsi
 .text          0x00000000080010bc       0x40 d:/stm32/stm32cubeide_1.10.1/stm32cubeide/plugins/com.st.stm32cube.ide.mcu.externaltools.gnu-tools-for-stm32.10.3-2021.10.win32_1.0.0.202111181127/tools/bin/../lib/gcc/arm-none-eabi/10.3.1/thumb/v7-m/nofp\libgcc.a(_arm_fixunssfsi.o)
                0x00000000080010bc                __fixunssfsi
                0x00000000080010bc                __aeabi_f2uiz
 *(.text*)
 .text.AT24CXX_Init
                0x00000000080010fc        0x4 ./Core/Src/24cxx.o
                0x00000000080010fc                AT24CXX_Init
 .text.AT24CXX_ReadOneByte
                0x0000000008001100       0x42 ./Core/Src/24cxx.o
                0x0000000008001100                AT24CXX_ReadOneByte
 .text.AT24CXX_WriteOneByte
                0x0000000008001142       0x3e ./Core/Src/24cxx.o
                0x0000000008001142                AT24CXX_WriteOneByte
 .text.AT24CXX_Read
                0x0000000008001180       0x1e ./Core/Src/24cxx.o
                0x0000000008001180                AT24CXX_Read
 .text.AT24CXX_Write
                0x000000000800119e       0x20 ./Core/Src/24cxx.o
                0x000000000800119e                AT24CXX_Write
 .text.CT_Delay
                0x00000000080011be        0x6 ./Core/Src/ctiic.o
                0x00000000080011be                CT_Delay
 .text.CT_IIC_Init
                0x00000000080011c4       0x48 ./Core/Src/ctiic.o
                0x00000000080011c4                CT_IIC_Init
 .text.CT_IIC_Start
                0x000000000800120c       0x40 ./Core/Src/ctiic.o
                0x000000000800120c                CT_IIC_Start
 .text.CT_IIC_Stop
                0x000000000800124c       0x3c ./Core/Src/ctiic.o
                0x000000000800124c                CT_IIC_Stop
 .text.CT_IIC_Wait_Ack
                0x0000000008001288       0x50 ./Core/Src/ctiic.o
                0x0000000008001288                CT_IIC_Wait_Ack
 .text.CT_IIC_Ack
                0x00000000080012d8       0x40 ./Core/Src/ctiic.o
                0x00000000080012d8                CT_IIC_Ack
 .text.CT_IIC_NAck
                0x0000000008001318       0x40 ./Core/Src/ctiic.o
                0x0000000008001318                CT_IIC_NAck
 .text.CT_IIC_Send_Byte
                0x0000000008001358       0x58 ./Core/Src/ctiic.o
                0x0000000008001358                CT_IIC_Send_Byte
 .text.CT_IIC_Read_Byte
                0x00000000080013b0       0x68 ./Core/Src/ctiic.o
                0x00000000080013b0                CT_IIC_Read_Byte
 .text.delay_init
                0x0000000008001418       0x14 ./Core/Src/delay.o
                0x0000000008001418                delay_init
 .text.delay_us
                0x000000000800142c       0x30 ./Core/Src/delay.o
                0x000000000800142c                delay_us
 .text.delay_ms
                0x000000000800145c       0x18 ./Core/Src/delay.o
                0x000000000800145c                delay_ms
 .text.FT5206_WR_Reg
                0x0000000008001474       0x44 ./Core/Src/ft5206.o
                0x0000000008001474                FT5206_WR_Reg
 .text.FT5206_RD_Reg
                0x00000000080014b8       0x4e ./Core/Src/ft5206.o
                0x00000000080014b8                FT5206_RD_Reg
 *fill*         0x0000000008001506        0x2 
 .text.FT5206_Init
                0x0000000008001508       0xd0 ./Core/Src/ft5206.o
                0x0000000008001508                FT5206_Init
 .text.FT5206_Scan
                0x00000000080015d8      0x134 ./Core/Src/ft5206.o
                0x00000000080015d8                FT5206_Scan
 .text.GT9147_WR_Reg
                0x000000000800170c       0x4e ./Core/Src/gt9147.o
                0x000000000800170c                GT9147_WR_Reg
 *fill*         0x000000000800175a        0x2 
 .text.GT9147_Send_Cfg
                0x000000000800175c       0x44 ./Core/Src/gt9147.o
                0x000000000800175c                GT9147_Send_Cfg
 .text.GT9147_RD_Reg
                0x00000000080017a0       0x58 ./Core/Src/gt9147.o
                0x00000000080017a0                GT9147_RD_Reg
 .text.GT9147_Init
                0x00000000080017f8       0xf8 ./Core/Src/gt9147.o
                0x00000000080017f8                GT9147_Init
 .text.GT9147_Scan
                0x00000000080018f0      0x17c ./Core/Src/gt9147.o
                0x00000000080018f0                GT9147_Scan
 .text.KEY_Init
                0x0000000008001a6c       0x74 ./Core/Src/key.o
                0x0000000008001a6c                KEY_Init
 .text.KEY_Scan
                0x0000000008001ae0       0xac ./Core/Src/key.o
                0x0000000008001ae0                KEY_Scan
 .text.LCD_WR_REG
                0x0000000008001b8c       0x24 ./Core/Src/lcd.o
                0x0000000008001b8c                LCD_WR_REG
 .text.LCD_RD_DATA
                0x0000000008001bb0       0x44 ./Core/Src/lcd.o
                0x0000000008001bb0                LCD_RD_DATA
 .text.LCD_WriteReg
                0x0000000008001bf4       0x2c ./Core/Src/lcd.o
                0x0000000008001bf4                LCD_WriteReg
 .text.LCD_WriteRAM_Prepare
                0x0000000008001c20        0xc ./Core/Src/lcd.o
                0x0000000008001c20                LCD_WriteRAM_Prepare
 .text.LCD_WriteRAM
                0x0000000008001c2c       0x24 ./Core/Src/lcd.o
                0x0000000008001c2c                LCD_WriteRAM
 .text.LCD_SetCursor
                0x0000000008001c50      0x21c ./Core/Src/lcd.o
                0x0000000008001c50                LCD_SetCursor
 .text.LCD_Scan_Dir
                0x0000000008001e6c      0x2a4 ./Core/Src/lcd.o
                0x0000000008001e6c                LCD_Scan_Dir
 .text.LCD_DrawPoint
                0x0000000008002110       0x38 ./Core/Src/lcd.o
                0x0000000008002110                LCD_DrawPoint
 .text.LCD_Fast_DrawPoint
                0x0000000008002148      0x1c8 ./Core/Src/lcd.o
                0x0000000008002148                LCD_Fast_DrawPoint
 .text.LCD_SSD_BackLightSet
                0x0000000008002310       0xa0 ./Core/Src/lcd.o
                0x0000000008002310                LCD_SSD_BackLightSet
 .text.LCD_Display_Dir
                0x00000000080023b0       0xc8 ./Core/Src/lcd.o
                0x00000000080023b0                LCD_Display_Dir
 .text.LCD_Clear
                0x0000000008002478       0x4c ./Core/Src/lcd.o
                0x0000000008002478                LCD_Clear
 .text.LCD_Init
                0x00000000080024c4     0x2610 ./Core/Src/lcd.o
                0x00000000080024c4                LCD_Init
 .text.LCD_Fill
                0x0000000008004ad4       0x64 ./Core/Src/lcd.o
                0x0000000008004ad4                LCD_Fill
 .text.LCD_DrawLine
                0x0000000008004b38       0x94 ./Core/Src/lcd.o
                0x0000000008004b38                LCD_DrawLine
 .text.LCD_Draw_Circle
                0x0000000008004bcc       0xc0 ./Core/Src/lcd.o
                0x0000000008004bcc                LCD_Draw_Circle
 .text.LCD_ShowChar
                0x0000000008004c8c       0xe8 ./Core/Src/lcd.o
                0x0000000008004c8c                LCD_ShowChar
 .text.LCD_ShowNum
                0x0000000008004d74       0x8e ./Core/Src/lcd.o
                0x0000000008004d74                LCD_ShowNum
 .text.LCD_ShowString
                0x0000000008004e02       0x60 ./Core/Src/lcd.o
                0x0000000008004e02                LCD_ShowString
 *fill*         0x0000000008004e62        0x2 
 .text.LCD_ShowPika
                0x0000000008004e64       0xb4 ./Core/Src/lcd.o
                0x0000000008004e64                LCD_ShowPika
 .text.LCD_ShowMonster
                0x0000000008004f18       0xb4 ./Core/Src/lcd.o
                0x0000000008004f18                LCD_ShowMonster
 .text.LCD_ShowSword
                0x0000000008004fcc       0xb4 ./Core/Src/lcd.o
                0x0000000008004fcc                LCD_ShowSword
 .text.LCD_ShowBag
                0x0000000008005080       0xb4 ./Core/Src/lcd.o
                0x0000000008005080                LCD_ShowBag
 .text.LCD_ShowAbility
                0x0000000008005134       0xb4 ./Core/Src/lcd.o
                0x0000000008005134                LCD_ShowAbility
 .text.LCD_ShowRun
                0x00000000080051e8       0xb4 ./Core/Src/lcd.o
                0x00000000080051e8                LCD_ShowRun
 .text.LED_Init
                0x000000000800529c       0x7c ./Core/Src/led.o
                0x000000000800529c                LED_Init
 .text.newCharacter
                0x0000000008005318       0x42 ./Core/Src/main.o
 .text.newSkill
                0x000000000800535a       0x2e ./Core/Src/main.o
 .text.newItem.constprop.0
                0x0000000008005388       0x2e ./Core/Src/main.o
 *fill*         0x00000000080053b6        0x2 
 .text.Load_Drow_Dialog
                0x00000000080053b8       0x40 ./Core/Src/main.o
                0x00000000080053b8                Load_Drow_Dialog
 .text.gui_draw_hline
                0x00000000080053f8       0x16 ./Core/Src/main.o
                0x00000000080053f8                gui_draw_hline
 .text.gui_fill_circle
                0x000000000800540e       0xba ./Core/Src/main.o
                0x000000000800540e                gui_fill_circle
 .text.screen_print
                0x00000000080054c8      0x2c0 ./Core/Src/main.o
                0x00000000080054c8                screen_print
 .text.screen_norm_print
                0x0000000008005788      0x2b8 ./Core/Src/main.o
                0x0000000008005788                screen_norm_print
 .text.screen_menu2_print
                0x0000000008005a40      0x2c4 ./Core/Src/main.o
                0x0000000008005a40                screen_menu2_print
 .text.screen_menu3_print
                0x0000000008005d04      0x2c4 ./Core/Src/main.o
                0x0000000008005d04                screen_menu3_print
 .text.change_state
                0x0000000008005fc8       0x2c ./Core/Src/main.o
                0x0000000008005fc8                change_state
 .text.lcd_draw_bline
                0x0000000008005ff4       0xb6 ./Core/Src/main.o
                0x0000000008005ff4                lcd_draw_bline
 *fill*         0x00000000080060aa        0x2 
 .text.rtp_test
                0x00000000080060ac      0x1f4 ./Core/Src/main.o
                0x00000000080060ac                rtp_test
 .text.ctp_test
                0x00000000080062a0       0xa8 ./Core/Src/main.o
                0x00000000080062a0                ctp_test
 .text.SystemClock_Config
                0x0000000008006348       0x5e ./Core/Src/main.o
                0x0000000008006348                SystemClock_Config
 *fill*         0x00000000080063a6        0x2 
 .text.startup.main
                0x00000000080063a8      0x584 ./Core/Src/main.o
                0x00000000080063a8                main
 .text.IIC_Init
                0x000000000800692c       0x4c ./Core/Src/myiic.o
                0x000000000800692c                IIC_Init
 .text.IIC_Start
                0x0000000008006978       0x40 ./Core/Src/myiic.o
                0x0000000008006978                IIC_Start
 .text.IIC_Stop
                0x00000000080069b8       0x44 ./Core/Src/myiic.o
                0x00000000080069b8                IIC_Stop
 .text.IIC_Wait_Ack
                0x00000000080069fc       0x54 ./Core/Src/myiic.o
                0x00000000080069fc                IIC_Wait_Ack
 .text.IIC_Ack  0x0000000008006a50       0x40 ./Core/Src/myiic.o
                0x0000000008006a50                IIC_Ack
 .text.IIC_NAck
                0x0000000008006a90       0x40 ./Core/Src/myiic.o
                0x0000000008006a90                IIC_NAck
 .text.IIC_Send_Byte
                0x0000000008006ad0       0x5c ./Core/Src/myiic.o
                0x0000000008006ad0                IIC_Send_Byte
 .text.IIC_Read_Byte
                0x0000000008006b2c       0x68 ./Core/Src/myiic.o
                0x0000000008006b2c                IIC_Read_Byte
 .text.OTT2001A_WR_Reg
                0x0000000008006b94       0x4e ./Core/Src/ott2001a.o
                0x0000000008006b94                OTT2001A_WR_Reg
 .text.OTT2001A_RD_Reg
                0x0000000008006be2       0x58 ./Core/Src/ott2001a.o
                0x0000000008006be2                OTT2001A_RD_Reg
 .text.OTT2001A_SensorControl
                0x0000000008006c3a       0x24 ./Core/Src/ott2001a.o
                0x0000000008006c3a                OTT2001A_SensorControl
 *fill*         0x0000000008006c5e        0x2 
 .text.OTT2001A_Init
                0x0000000008006c60       0x9c ./Core/Src/ott2001a.o
                0x0000000008006c60                OTT2001A_Init
 *fill*         0x0000000008006cfc        0x4 
 .text.OTT2001A_Scan
                0x0000000008006d00      0x170 ./Core/Src/ott2001a.o
                0x0000000008006d00                OTT2001A_Scan
 .text.HAL_MspInit
                0x0000000008006e70       0x44 ./Core/Src/stm32f1xx_hal_msp.o
                0x0000000008006e70                HAL_MspInit
 .text.HAL_SPI_MspInit
                0x0000000008006eb4       0x74 ./Core/Src/stm32f1xx_hal_msp.o
                0x0000000008006eb4                HAL_SPI_MspInit
 .text.HAL_TIM_Base_MspInit
                0x0000000008006f28       0x40 ./Core/Src/stm32f1xx_hal_msp.o
                0x0000000008006f28                HAL_TIM_Base_MspInit
 .text.HAL_UART_MspInit
                0x0000000008006f68       0x88 ./Core/Src/stm32f1xx_hal_msp.o
                0x0000000008006f68                HAL_UART_MspInit
 .text.NMI_Handler
                0x0000000008006ff0        0x2 ./Core/Src/stm32f1xx_it.o
                0x0000000008006ff0                NMI_Handler
 .text.HardFault_Handler
                0x0000000008006ff2        0x2 ./Core/Src/stm32f1xx_it.o
                0x0000000008006ff2                HardFault_Handler
 .text.MemManage_Handler
                0x0000000008006ff4        0x2 ./Core/Src/stm32f1xx_it.o
                0x0000000008006ff4                MemManage_Handler
 .text.BusFault_Handler
                0x0000000008006ff6        0x2 ./Core/Src/stm32f1xx_it.o
                0x0000000008006ff6                BusFault_Handler
 .text.UsageFault_Handler
                0x0000000008006ff8        0x2 ./Core/Src/stm32f1xx_it.o
                0x0000000008006ff8                UsageFault_Handler
 .text.SVC_Handler
                0x0000000008006ffa        0x2 ./Core/Src/stm32f1xx_it.o
                0x0000000008006ffa                SVC_Handler
 .text.DebugMon_Handler
                0x0000000008006ffc        0x2 ./Core/Src/stm32f1xx_it.o
                0x0000000008006ffc                DebugMon_Handler
 .text.PendSV_Handler
                0x0000000008006ffe        0x2 ./Core/Src/stm32f1xx_it.o
                0x0000000008006ffe                PendSV_Handler
 .text.SysTick_Handler
                0x0000000008007000        0x4 ./Core/Src/stm32f1xx_it.o
                0x0000000008007000                SysTick_Handler
 .text.TIM3_IRQHandler
                0x0000000008007004        0xc ./Core/Src/stm32f1xx_it.o
                0x0000000008007004                TIM3_IRQHandler
 .text.USART1_IRQHandler
                0x0000000008007010       0x20 ./Core/Src/stm32f1xx_it.o
                0x0000000008007010                USART1_IRQHandler
 .text.changeCharacter
                0x0000000008007030       0x34 ./Core/Src/stm32f1xx_it.o
                0x0000000008007030                changeCharacter
 .text.HAL_TIM_PeriodElapsedCallback
                0x0000000008007064      0x290 ./Core/Src/stm32f1xx_it.o
                0x0000000008007064                HAL_TIM_PeriodElapsedCallback
 .text.printCharaterState
                0x00000000080072f4      0x104 ./Core/Src/stm32f1xx_it.o
                0x00000000080072f4                printCharaterState
 .text.blinkRed
                0x00000000080073f8       0x28 ./Core/Src/stm32f1xx_it.o
                0x00000000080073f8                blinkRed
 .text.beAttacked
                0x0000000008007420       0x68 ./Core/Src/stm32f1xx_it.o
 .text.blinkGreen
                0x0000000008007488       0x24 ./Core/Src/stm32f1xx_it.o
                0x0000000008007488                blinkGreen
 *fill*         0x00000000080074ac        0x4 
 .text.HAL_UART_RxCpltCallback
                0x00000000080074b0      0x2fc ./Core/Src/stm32f1xx_it.o
                0x00000000080074b0                HAL_UART_RxCpltCallback
 .text.Stm32_Clock_Init
                0x00000000080077ac       0x44 ./Core/Src/sys.o
                0x00000000080077ac                Stm32_Clock_Init
 .text._read    0x00000000080077f0       0x1c ./Core/Src/syscalls.o
                0x00000000080077f0                _read
 .text._write   0x000000000800780c       0x1c ./Core/Src/syscalls.o
                0x000000000800780c                _write
 .text._close   0x0000000008007828        0x6 ./Core/Src/syscalls.o
                0x0000000008007828                _close
 .text._fstat   0x000000000800782e        0xa ./Core/Src/syscalls.o
                0x000000000800782e                _fstat
 .text._isatty  0x0000000008007838        0x4 ./Core/Src/syscalls.o
                0x0000000008007838                _isatty
 .text._lseek   0x000000000800783c        0x4 ./Core/Src/syscalls.o
                0x000000000800783c                _lseek
 .text._sbrk    0x0000000008007840       0x40 ./Core/Src/sysmem.o
                0x0000000008007840                _sbrk
 .text.SystemInit
                0x0000000008007880        0x2 ./Core/Src/system_stm32f1xx.o
                0x0000000008007880                SystemInit
 *fill*         0x0000000008007882        0x2 
 .text.TP_Write_Byte
                0x0000000008007884       0x40 ./Core/Src/touch.o
                0x0000000008007884                TP_Write_Byte
 .text.TP_Read_AD
                0x00000000080078c4       0x70 ./Core/Src/touch.o
                0x00000000080078c4                TP_Read_AD
 .text.TP_Read_XOY
                0x0000000008007934       0x62 ./Core/Src/touch.o
                0x0000000008007934                TP_Read_XOY
 *fill*         0x0000000008007996        0x2 
 .text.TP_Read_XY
                0x0000000008007998       0x28 ./Core/Src/touch.o
                0x0000000008007998                TP_Read_XY
 .text.TP_Read_XY2
                0x00000000080079c0       0x76 ./Core/Src/touch.o
                0x00000000080079c0                TP_Read_XY2
 *fill*         0x0000000008007a36        0x2 
 .text.TP_Scan  0x0000000008007a38       0xc4 ./Core/Src/touch.o
                0x0000000008007a38                TP_Scan
 .text.TP_Drow_Touch_Point
                0x0000000008007afc       0x78 ./Core/Src/touch.o
                0x0000000008007afc                TP_Drow_Touch_Point
 .text.TP_Draw_Big_Point
                0x0000000008007b74       0x38 ./Core/Src/touch.o
                0x0000000008007b74                TP_Draw_Big_Point
 .text.TP_Save_Adjdata
                0x0000000008007bac       0x1c ./Core/Src/touch.o
                0x0000000008007bac                TP_Save_Adjdata
 .text.TP_Get_Adjdata
                0x0000000008007bc8       0x48 ./Core/Src/touch.o
                0x0000000008007bc8                TP_Get_Adjdata
 .text.TP_Adj_Info_Show
                0x0000000008007c10      0x188 ./Core/Src/touch.o
                0x0000000008007c10                TP_Adj_Info_Show
 .text.TP_Adjust
                0x0000000008007d98      0x530 ./Core/Src/touch.o
                0x0000000008007d98                TP_Adjust
 .text.TP_Init  0x00000000080082c8       0xec ./Core/Src/touch.o
                0x00000000080082c8                TP_Init
 .text.Reset_Handler
                0x00000000080083b4       0x48 ./Core/Startup/startup_stm32f103rctx.o
                0x00000000080083b4                Reset_Handler
 .text.Default_Handler
                0x00000000080083fc        0x2 ./Core/Startup/startup_stm32f103rctx.o
                0x00000000080083fc                RTC_Alarm_IRQHandler
                0x00000000080083fc                EXTI2_IRQHandler
                0x00000000080083fc                TIM8_TRG_COM_IRQHandler
                0x00000000080083fc                TIM8_CC_IRQHandler
                0x00000000080083fc                TIM1_CC_IRQHandler
                0x00000000080083fc                TIM6_IRQHandler
                0x00000000080083fc                PVD_IRQHandler
                0x00000000080083fc                SDIO_IRQHandler
                0x00000000080083fc                EXTI3_IRQHandler
                0x00000000080083fc                EXTI0_IRQHandler
                0x00000000080083fc                I2C2_EV_IRQHandler
                0x00000000080083fc                ADC1_2_IRQHandler
                0x00000000080083fc                SPI1_IRQHandler
                0x00000000080083fc                TAMPER_IRQHandler
                0x00000000080083fc                TIM8_UP_IRQHandler
                0x00000000080083fc                DMA2_Channel2_IRQHandler
                0x00000000080083fc                DMA1_Channel4_IRQHandler
                0x00000000080083fc                USART3_IRQHandler
                0x00000000080083fc                RTC_IRQHandler
                0x00000000080083fc                DMA1_Channel7_IRQHandler
                0x00000000080083fc                CAN1_RX1_IRQHandler
                0x00000000080083fc                UART5_IRQHandler
                0x00000000080083fc                ADC3_IRQHandler
                0x00000000080083fc                TIM4_IRQHandler
                0x00000000080083fc                DMA2_Channel1_IRQHandler
                0x00000000080083fc                I2C1_EV_IRQHandler
                0x00000000080083fc                DMA1_Channel6_IRQHandler
                0x00000000080083fc                UART4_IRQHandler
                0x00000000080083fc                RCC_IRQHandler
                0x00000000080083fc                TIM1_TRG_COM_IRQHandler
                0x00000000080083fc                DMA1_Channel1_IRQHandler
                0x00000000080083fc                Default_Handler
                0x00000000080083fc                EXTI15_10_IRQHandler
                0x00000000080083fc                TIM7_IRQHandler
                0x00000000080083fc                TIM5_IRQHandler
                0x00000000080083fc                EXTI9_5_IRQHandler
                0x00000000080083fc                SPI2_IRQHandler
                0x00000000080083fc                DMA1_Channel5_IRQHandler
                0x00000000080083fc                EXTI4_IRQHandler
                0x00000000080083fc                USB_LP_CAN1_RX0_IRQHandler
                0x00000000080083fc                USB_HP_CAN1_TX_IRQHandler
                0x00000000080083fc                DMA1_Channel3_IRQHandler
                0x00000000080083fc                FSMC_IRQHandler
                0x00000000080083fc                TIM1_UP_IRQHandler
                0x00000000080083fc                WWDG_IRQHandler
                0x00000000080083fc                TIM2_IRQHandler
                0x00000000080083fc                TIM1_BRK_IRQHandler
                0x00000000080083fc                EXTI1_IRQHandler
                0x00000000080083fc                DMA2_Channel4_5_IRQHandler
                0x00000000080083fc                USART2_IRQHandler
                0x00000000080083fc                I2C2_ER_IRQHandler
                0x00000000080083fc                DMA1_Channel2_IRQHandler
                0x00000000080083fc                TIM8_BRK_IRQHandler
                0x00000000080083fc                CAN1_SCE_IRQHandler
                0x00000000080083fc                FLASH_IRQHandler
                0x00000000080083fc                SPI3_IRQHandler
                0x00000000080083fc                I2C1_ER_IRQHandler
                0x00000000080083fc                USBWakeUp_IRQHandler
                0x00000000080083fc                DMA2_Channel3_IRQHandler
 *fill*         0x00000000080083fe        0x2 
 .text.HAL_InitTick
                0x0000000008008400       0x48 ./Drivers/STM32F1xx_HAL_Driver/Src/stm32f1xx_hal.o
                0x0000000008008400                HAL_InitTick
 .text.HAL_Init
                0x0000000008008448       0x24 ./Drivers/STM32F1xx_HAL_Driver/Src/stm32f1xx_hal.o
                0x0000000008008448                HAL_Init
 .text.HAL_IncTick
                0x000000000800846c       0x18 ./Drivers/STM32F1xx_HAL_Driver/Src/stm32f1xx_hal.o
                0x000000000800846c                HAL_IncTick
 .text.HAL_GetTick
                0x0000000008008484        0xc ./Drivers/STM32F1xx_HAL_Driver/Src/stm32f1xx_hal.o
                0x0000000008008484                HAL_GetTick
 .text.HAL_Delay
                0x0000000008008490       0x24 ./Drivers/STM32F1xx_HAL_Driver/Src/stm32f1xx_hal.o
                0x0000000008008490                HAL_Delay
 .text.HAL_NVIC_SetPriorityGrouping
                0x00000000080084b4       0x24 ./Drivers/STM32F1xx_HAL_Driver/Src/stm32f1xx_hal_cortex.o
                0x00000000080084b4                HAL_NVIC_SetPriorityGrouping
 .text.HAL_NVIC_SetPriority
                0x00000000080084d8       0x64 ./Drivers/STM32F1xx_HAL_Driver/Src/stm32f1xx_hal_cortex.o
                0x00000000080084d8                HAL_NVIC_SetPriority
 .text.HAL_NVIC_EnableIRQ
                0x000000000800853c       0x1c ./Drivers/STM32F1xx_HAL_Driver/Src/stm32f1xx_hal_cortex.o
                0x000000000800853c                HAL_NVIC_EnableIRQ
 .text.HAL_SYSTICK_Config
                0x0000000008008558       0x28 ./Drivers/STM32F1xx_HAL_Driver/Src/stm32f1xx_hal_cortex.o
                0x0000000008008558                HAL_SYSTICK_Config
 .text.HAL_SYSTICK_CLKSourceConfig
                0x0000000008008580       0x16 ./Drivers/STM32F1xx_HAL_Driver/Src/stm32f1xx_hal_cortex.o
                0x0000000008008580                HAL_SYSTICK_CLKSourceConfig
 .text.HAL_DMA_Abort
                0x0000000008008596       0x3c ./Drivers/STM32F1xx_HAL_Driver/Src/stm32f1xx_hal_dma.o
                0x0000000008008596                HAL_DMA_Abort
 *fill*         0x00000000080085d2        0x2 
 .text.HAL_DMA_Abort_IT
                0x00000000080085d4      0x13c ./Drivers/STM32F1xx_HAL_Driver/Src/stm32f1xx_hal_dma.o
                0x00000000080085d4                HAL_DMA_Abort_IT
 .text.HAL_GPIO_Init
                0x0000000008008710      0x1d0 ./Drivers/STM32F1xx_HAL_Driver/Src/stm32f1xx_hal_gpio.o
                0x0000000008008710                HAL_GPIO_Init
 .text.HAL_GPIO_ReadPin
                0x00000000080088e0        0xc ./Drivers/STM32F1xx_HAL_Driver/Src/stm32f1xx_hal_gpio.o
                0x00000000080088e0                HAL_GPIO_ReadPin
 .text.HAL_GPIO_WritePin
                0x00000000080088ec        0xa ./Drivers/STM32F1xx_HAL_Driver/Src/stm32f1xx_hal_gpio.o
                0x00000000080088ec                HAL_GPIO_WritePin
 .text.HAL_GPIO_TogglePin
                0x00000000080088f6       0x12 ./Drivers/STM32F1xx_HAL_Driver/Src/stm32f1xx_hal_gpio.o
                0x00000000080088f6                HAL_GPIO_TogglePin
 .text.HAL_RCC_OscConfig
                0x0000000008008908      0x338 ./Drivers/STM32F1xx_HAL_Driver/Src/stm32f1xx_hal_rcc.o
                0x0000000008008908                HAL_RCC_OscConfig
 .text.HAL_RCC_GetSysClockFreq
                0x0000000008008c40       0x74 ./Drivers/STM32F1xx_HAL_Driver/Src/stm32f1xx_hal_rcc.o
                0x0000000008008c40                HAL_RCC_GetSysClockFreq
 .text.HAL_RCC_ClockConfig
                0x0000000008008cb4      0x138 ./Drivers/STM32F1xx_HAL_Driver/Src/stm32f1xx_hal_rcc.o
                0x0000000008008cb4                HAL_RCC_ClockConfig
 .text.HAL_RCC_GetPCLK1Freq
                0x0000000008008dec       0x20 ./Drivers/STM32F1xx_HAL_Driver/Src/stm32f1xx_hal_rcc.o
                0x0000000008008dec                HAL_RCC_GetPCLK1Freq
 .text.HAL_RCC_GetPCLK2Freq
                0x0000000008008e0c       0x20 ./Drivers/STM32F1xx_HAL_Driver/Src/stm32f1xx_hal_rcc.o
                0x0000000008008e0c                HAL_RCC_GetPCLK2Freq
 .text.HAL_SPI_Init
                0x0000000008008e2c       0xb0 ./Drivers/STM32F1xx_HAL_Driver/Src/stm32f1xx_hal_spi.o
                0x0000000008008e2c                HAL_SPI_Init
 .text.HAL_TIM_Base_Start_IT
                0x0000000008008edc       0x64 ./Drivers/STM32F1xx_HAL_Driver/Src/stm32f1xx_hal_tim.o
                0x0000000008008edc                HAL_TIM_Base_Start_IT
 .text.HAL_TIM_OC_DelayElapsedCallback
                0x0000000008008f40        0x2 ./Drivers/STM32F1xx_HAL_Driver/Src/stm32f1xx_hal_tim.o
                0x0000000008008f40                HAL_TIM_OC_DelayElapsedCallback
 .text.HAL_TIM_IC_CaptureCallback
                0x0000000008008f42        0x2 ./Drivers/STM32F1xx_HAL_Driver/Src/stm32f1xx_hal_tim.o
                0x0000000008008f42                HAL_TIM_IC_CaptureCallback
 .text.HAL_TIM_PWM_PulseFinishedCallback
                0x0000000008008f44        0x2 ./Drivers/STM32F1xx_HAL_Driver/Src/stm32f1xx_hal_tim.o
                0x0000000008008f44                HAL_TIM_PWM_PulseFinishedCallback
 .text.HAL_TIM_TriggerCallback
                0x0000000008008f46        0x2 ./Drivers/STM32F1xx_HAL_Driver/Src/stm32f1xx_hal_tim.o
                0x0000000008008f46                HAL_TIM_TriggerCallback
 .text.HAL_TIM_IRQHandler
                0x0000000008008f48      0x144 ./Drivers/STM32F1xx_HAL_Driver/Src/stm32f1xx_hal_tim.o
                0x0000000008008f48                HAL_TIM_IRQHandler
 .text.TIM_Base_SetConfig
                0x000000000800908c       0x98 ./Drivers/STM32F1xx_HAL_Driver/Src/stm32f1xx_hal_tim.o
                0x000000000800908c                TIM_Base_SetConfig
 .text.HAL_TIM_Base_Init
                0x0000000008009124       0x58 ./Drivers/STM32F1xx_HAL_Driver/Src/stm32f1xx_hal_tim.o
                0x0000000008009124                HAL_TIM_Base_Init
 .text.TIM_ETR_SetConfig
                0x000000000800917c       0x14 ./Drivers/STM32F1xx_HAL_Driver/Src/stm32f1xx_hal_tim.o
                0x000000000800917c                TIM_ETR_SetConfig
 .text.HAL_TIM_ConfigClockSource
                0x0000000008009190      0x128 ./Drivers/STM32F1xx_HAL_Driver/Src/stm32f1xx_hal_tim.o
                0x0000000008009190                HAL_TIM_ConfigClockSource
 .text.HAL_TIMEx_MasterConfigSynchronization
                0x00000000080092b8       0x6c ./Drivers/STM32F1xx_HAL_Driver/Src/stm32f1xx_hal_tim_ex.o
                0x00000000080092b8                HAL_TIMEx_MasterConfigSynchronization
 .text.HAL_TIMEx_CommutCallback
                0x0000000008009324        0x2 ./Drivers/STM32F1xx_HAL_Driver/Src/stm32f1xx_hal_tim_ex.o
                0x0000000008009324                HAL_TIMEx_CommutCallback
 .text.HAL_TIMEx_BreakCallback
                0x0000000008009326        0x2 ./Drivers/STM32F1xx_HAL_Driver/Src/stm32f1xx_hal_tim_ex.o
                0x0000000008009326                HAL_TIMEx_BreakCallback
 .text.UART_EndRxTransfer
                0x0000000008009328       0x2c ./Drivers/STM32F1xx_HAL_Driver/Src/stm32f1xx_hal_uart.o
 .text.UART_SetConfig
                0x0000000008009354       0x74 ./Drivers/STM32F1xx_HAL_Driver/Src/stm32f1xx_hal_uart.o
 .text.UART_WaitOnFlagUntilTimeout.constprop.0
                0x00000000080093c8       0x50 ./Drivers/STM32F1xx_HAL_Driver/Src/stm32f1xx_hal_uart.o
 .text.HAL_UART_Init
                0x0000000008009418       0x5c ./Drivers/STM32F1xx_HAL_Driver/Src/stm32f1xx_hal_uart.o
                0x0000000008009418                HAL_UART_Init
 .text.HAL_UART_Transmit
                0x0000000008009474       0xaa ./Drivers/STM32F1xx_HAL_Driver/Src/stm32f1xx_hal_uart.o
                0x0000000008009474                HAL_UART_Transmit
 .text.HAL_UART_TxCpltCallback
                0x000000000800951e        0x2 ./Drivers/STM32F1xx_HAL_Driver/Src/stm32f1xx_hal_uart.o
                0x000000000800951e                HAL_UART_TxCpltCallback
 .text.HAL_UART_ErrorCallback
                0x0000000008009520        0x2 ./Drivers/STM32F1xx_HAL_Driver/Src/stm32f1xx_hal_uart.o
                0x0000000008009520                HAL_UART_ErrorCallback
 .text.UART_DMAAbortOnError
                0x0000000008009522       0x10 ./Drivers/STM32F1xx_HAL_Driver/Src/stm32f1xx_hal_uart.o
 .text.HAL_UARTEx_RxEventCallback
                0x0000000008009532        0x2 ./Drivers/STM32F1xx_HAL_Driver/Src/stm32f1xx_hal_uart.o
                0x0000000008009532                HAL_UARTEx_RxEventCallback
 .text.UART_Receive_IT.part.0.isra.0
                0x0000000008009534       0x98 ./Drivers/STM32F1xx_HAL_Driver/Src/stm32f1xx_hal_uart.o
 .text.HAL_UART_IRQHandler
                0x00000000080095cc      0x210 ./Drivers/STM32F1xx_HAL_Driver/Src/stm32f1xx_hal_uart.o
                0x00000000080095cc                HAL_UART_IRQHandler
 .text.UART_Start_Receive_IT
                0x00000000080097dc       0x32 ./Drivers/STM32F1xx_HAL_Driver/Src/stm32f1xx_hal_uart.o
                0x00000000080097dc                UART_Start_Receive_IT
 .text.HAL_UART_Receive_IT
                0x000000000800980e       0x30 ./Drivers/STM32F1xx_HAL_Driver/Src/stm32f1xx_hal_uart.o
                0x000000000800980e                HAL_UART_Receive_IT
 *fill*         0x000000000800983e        0x2 
 .text.__errno  0x0000000008009840        0xc d:/stm32/stm32cubeide_1.10.1/stm32cubeide/plugins/com.st.stm32cube.ide.mcu.externaltools.gnu-tools-for-stm32.10.3-2021.10.win32_1.0.0.202111181127/tools/bin/../lib/gcc/arm-none-eabi/10.3.1/../../../../arm-none-eabi/lib/thumb/v7-m/nofp\libc_nano.a(lib_a-errno.o)
                0x0000000008009840                __errno
 .text.__libc_init_array
                0x000000000800984c       0x48 d:/stm32/stm32cubeide_1.10.1/stm32cubeide/plugins/com.st.stm32cube.ide.mcu.externaltools.gnu-tools-for-stm32.10.3-2021.10.win32_1.0.0.202111181127/tools/bin/../lib/gcc/arm-none-eabi/10.3.1/../../../../arm-none-eabi/lib/thumb/v7-m/nofp\libc_nano.a(lib_a-init.o)
                0x000000000800984c                __libc_init_array
 .text.memcpy   0x0000000008009894       0x1c d:/stm32/stm32cubeide_1.10.1/stm32cubeide/plugins/com.st.stm32cube.ide.mcu.externaltools.gnu-tools-for-stm32.10.3-2021.10.win32_1.0.0.202111181127/tools/bin/../lib/gcc/arm-none-eabi/10.3.1/../../../../arm-none-eabi/lib/thumb/v7-m/nofp\libc_nano.a(lib_a-memcpy-stub.o)
                0x0000000008009894                memcpy
 .text.memset   0x00000000080098b0       0x10 d:/stm32/stm32cubeide_1.10.1/stm32cubeide/plugins/com.st.stm32cube.ide.mcu.externaltools.gnu-tools-for-stm32.10.3-2021.10.win32_1.0.0.202111181127/tools/bin/../lib/gcc/arm-none-eabi/10.3.1/../../../../arm-none-eabi/lib/thumb/v7-m/nofp\libc_nano.a(lib_a-memset.o)
                0x00000000080098b0                memset
 .text.printf   0x00000000080098c0       0x30 d:/stm32/stm32cubeide_1.10.1/stm32cubeide/plugins/com.st.stm32cube.ide.mcu.externaltools.gnu-tools-for-stm32.10.3-2021.10.win32_1.0.0.202111181127/tools/bin/../lib/gcc/arm-none-eabi/10.3.1/../../../../arm-none-eabi/lib/thumb/v7-m/nofp\libc_nano.a(lib_a-printf.o)
                0x00000000080098c0                iprintf
                0x00000000080098c0                printf
 .text.sprintf  0x00000000080098f0       0x40 d:/stm32/stm32cubeide_1.10.1/stm32cubeide/plugins/com.st.stm32cube.ide.mcu.externaltools.gnu-tools-for-stm32.10.3-2021.10.win32_1.0.0.202111181127/tools/bin/../lib/gcc/arm-none-eabi/10.3.1/../../../../arm-none-eabi/lib/thumb/v7-m/nofp\libc_nano.a(lib_a-sprintf.o)
                0x00000000080098f0                siprintf
                0x00000000080098f0                sprintf
 .text.strcpy   0x0000000008009930       0x10 d:/stm32/stm32cubeide_1.10.1/stm32cubeide/plugins/com.st.stm32cube.ide.mcu.externaltools.gnu-tools-for-stm32.10.3-2021.10.win32_1.0.0.202111181127/tools/bin/../lib/gcc/arm-none-eabi/10.3.1/../../../../arm-none-eabi/lib/thumb/v7-m/nofp\libc_nano.a(lib_a-strcpy.o)
                0x0000000008009930                strcpy
 .text.std      0x0000000008009940       0x48 d:/stm32/stm32cubeide_1.10.1/stm32cubeide/plugins/com.st.stm32cube.ide.mcu.externaltools.gnu-tools-for-stm32.10.3-2021.10.win32_1.0.0.202111181127/tools/bin/../lib/gcc/arm-none-eabi/10.3.1/../../../../arm-none-eabi/lib/thumb/v7-m/nofp\libc_nano.a(lib_a-findfp.o)
 .text._cleanup_r
                0x0000000008009988        0xc d:/stm32/stm32cubeide_1.10.1/stm32cubeide/plugins/com.st.stm32cube.ide.mcu.externaltools.gnu-tools-for-stm32.10.3-2021.10.win32_1.0.0.202111181127/tools/bin/../lib/gcc/arm-none-eabi/10.3.1/../../../../arm-none-eabi/lib/thumb/v7-m/nofp\libc_nano.a(lib_a-findfp.o)
                0x0000000008009988                _cleanup_r
 .text.__sfmoreglue
                0x0000000008009994       0x2c d:/stm32/stm32cubeide_1.10.1/stm32cubeide/plugins/com.st.stm32cube.ide.mcu.externaltools.gnu-tools-for-stm32.10.3-2021.10.win32_1.0.0.202111181127/tools/bin/../lib/gcc/arm-none-eabi/10.3.1/../../../../arm-none-eabi/lib/thumb/v7-m/nofp\libc_nano.a(lib_a-findfp.o)
                0x0000000008009994                __sfmoreglue
 .text.__sfp_lock_acquire
                0x00000000080099c0        0xc d:/stm32/stm32cubeide_1.10.1/stm32cubeide/plugins/com.st.stm32cube.ide.mcu.externaltools.gnu-tools-for-stm32.10.3-2021.10.win32_1.0.0.202111181127/tools/bin/../lib/gcc/arm-none-eabi/10.3.1/../../../../arm-none-eabi/lib/thumb/v7-m/nofp\libc_nano.a(lib_a-findfp.o)
                0x00000000080099c0                __sfp_lock_acquire
 .text.__sfp_lock_release
                0x00000000080099cc        0xc d:/stm32/stm32cubeide_1.10.1/stm32cubeide/plugins/com.st.stm32cube.ide.mcu.externaltools.gnu-tools-for-stm32.10.3-2021.10.win32_1.0.0.202111181127/tools/bin/../lib/gcc/arm-none-eabi/10.3.1/../../../../arm-none-eabi/lib/thumb/v7-m/nofp\libc_nano.a(lib_a-findfp.o)
                0x00000000080099cc                __sfp_lock_release
 .text.__sinit_lock_acquire
                0x00000000080099d8        0xc d:/stm32/stm32cubeide_1.10.1/stm32cubeide/plugins/com.st.stm32cube.ide.mcu.externaltools.gnu-tools-for-stm32.10.3-2021.10.win32_1.0.0.202111181127/tools/bin/../lib/gcc/arm-none-eabi/10.3.1/../../../../arm-none-eabi/lib/thumb/v7-m/nofp\libc_nano.a(lib_a-findfp.o)
                0x00000000080099d8                __sinit_lock_acquire
 .text.__sinit_lock_release
                0x00000000080099e4        0xc d:/stm32/stm32cubeide_1.10.1/stm32cubeide/plugins/com.st.stm32cube.ide.mcu.externaltools.gnu-tools-for-stm32.10.3-2021.10.win32_1.0.0.202111181127/tools/bin/../lib/gcc/arm-none-eabi/10.3.1/../../../../arm-none-eabi/lib/thumb/v7-m/nofp\libc_nano.a(lib_a-findfp.o)
                0x00000000080099e4                __sinit_lock_release
 .text.__sinit  0x00000000080099f0       0x70 d:/stm32/stm32cubeide_1.10.1/stm32cubeide/plugins/com.st.stm32cube.ide.mcu.externaltools.gnu-tools-for-stm32.10.3-2021.10.win32_1.0.0.202111181127/tools/bin/../lib/gcc/arm-none-eabi/10.3.1/../../../../arm-none-eabi/lib/thumb/v7-m/nofp\libc_nano.a(lib_a-findfp.o)
                0x00000000080099f0                __sinit
 .text.__sfp    0x0000000008009a60       0x8c d:/stm32/stm32cubeide_1.10.1/stm32cubeide/plugins/com.st.stm32cube.ide.mcu.externaltools.gnu-tools-for-stm32.10.3-2021.10.win32_1.0.0.202111181127/tools/bin/../lib/gcc/arm-none-eabi/10.3.1/../../../../arm-none-eabi/lib/thumb/v7-m/nofp\libc_nano.a(lib_a-findfp.o)
                0x0000000008009a60                __sfp
 .text._fwalk_reent
                0x0000000008009aec       0x3e d:/stm32/stm32cubeide_1.10.1/stm32cubeide/plugins/com.st.stm32cube.ide.mcu.externaltools.gnu-tools-for-stm32.10.3-2021.10.win32_1.0.0.202111181127/tools/bin/../lib/gcc/arm-none-eabi/10.3.1/../../../../arm-none-eabi/lib/thumb/v7-m/nofp\libc_nano.a(lib_a-fwalk.o)
                0x0000000008009aec                _fwalk_reent
 .text.__retarget_lock_init_recursive
                0x0000000008009b2a        0x2 d:/stm32/stm32cubeide_1.10.1/stm32cubeide/plugins/com.st.stm32cube.ide.mcu.externaltools.gnu-tools-for-stm32.10.3-2021.10.win32_1.0.0.202111181127/tools/bin/../lib/gcc/arm-none-eabi/10.3.1/../../../../arm-none-eabi/lib/thumb/v7-m/nofp\libc_nano.a(lib_a-lock.o)
                0x0000000008009b2a                __retarget_lock_init_recursive
 .text.__retarget_lock_acquire_recursive
                0x0000000008009b2c        0x2 d:/stm32/stm32cubeide_1.10.1/stm32cubeide/plugins/com.st.stm32cube.ide.mcu.externaltools.gnu-tools-for-stm32.10.3-2021.10.win32_1.0.0.202111181127/tools/bin/../lib/gcc/arm-none-eabi/10.3.1/../../../../arm-none-eabi/lib/thumb/v7-m/nofp\libc_nano.a(lib_a-lock.o)
                0x0000000008009b2c                __retarget_lock_acquire_recursive
 .text.__retarget_lock_release_recursive
                0x0000000008009b2e        0x2 d:/stm32/stm32cubeide_1.10.1/stm32cubeide/plugins/com.st.stm32cube.ide.mcu.externaltools.gnu-tools-for-stm32.10.3-2021.10.win32_1.0.0.202111181127/tools/bin/../lib/gcc/arm-none-eabi/10.3.1/../../../../arm-none-eabi/lib/thumb/v7-m/nofp\libc_nano.a(lib_a-lock.o)
                0x0000000008009b2e                __retarget_lock_release_recursive
 .text.sbrk_aligned
                0x0000000008009b30       0x40 d:/stm32/stm32cubeide_1.10.1/stm32cubeide/plugins/com.st.stm32cube.ide.mcu.externaltools.gnu-tools-for-stm32.10.3-2021.10.win32_1.0.0.202111181127/tools/bin/../lib/gcc/arm-none-eabi/10.3.1/../../../../arm-none-eabi/lib/thumb/v7-m/nofp\libc_nano.a(lib_a-nano-mallocr.o)
 .text._malloc_r
                0x0000000008009b70       0xe8 d:/stm32/stm32cubeide_1.10.1/stm32cubeide/plugins/com.st.stm32cube.ide.mcu.externaltools.gnu-tools-for-stm32.10.3-2021.10.win32_1.0.0.202111181127/tools/bin/../lib/gcc/arm-none-eabi/10.3.1/../../../../arm-none-eabi/lib/thumb/v7-m/nofp\libc_nano.a(lib_a-nano-mallocr.o)
                0x0000000008009b70                _malloc_r
 .text.__ssputs_r
                0x0000000008009c58       0xb6 d:/stm32/stm32cubeide_1.10.1/stm32cubeide/plugins/com.st.stm32cube.ide.mcu.externaltools.gnu-tools-for-stm32.10.3-2021.10.win32_1.0.0.202111181127/tools/bin/../lib/gcc/arm-none-eabi/10.3.1/../../../../arm-none-eabi/lib/thumb/v7-m/nofp\libc_nano.a(lib_a-nano-svfprintf.o)
                0x0000000008009c58                __ssputs_r
 *fill*         0x0000000008009d0e        0x2 
 .text._svfprintf_r
                0x0000000008009d10      0x200 d:/stm32/stm32cubeide_1.10.1/stm32cubeide/plugins/com.st.stm32cube.ide.mcu.externaltools.gnu-tools-for-stm32.10.3-2021.10.win32_1.0.0.202111181127/tools/bin/../lib/gcc/arm-none-eabi/10.3.1/../../../../arm-none-eabi/lib/thumb/v7-m/nofp\libc_nano.a(lib_a-nano-svfprintf.o)
                0x0000000008009d10                _svfiprintf_r
                0x0000000008009d10                _svfprintf_r
 .text.__sfputc_r
                0x0000000008009f10       0x2a d:/stm32/stm32cubeide_1.10.1/stm32cubeide/plugins/com.st.stm32cube.ide.mcu.externaltools.gnu-tools-for-stm32.10.3-2021.10.win32_1.0.0.202111181127/tools/bin/../lib/gcc/arm-none-eabi/10.3.1/../../../../arm-none-eabi/lib/thumb/v7-m/nofp\libc_nano.a(lib_a-nano-vfprintf.o)
 .text.__sfputs_r
                0x0000000008009f3a       0x24 d:/stm32/stm32cubeide_1.10.1/stm32cubeide/plugins/com.st.stm32cube.ide.mcu.externaltools.gnu-tools-for-stm32.10.3-2021.10.win32_1.0.0.202111181127/tools/bin/../lib/gcc/arm-none-eabi/10.3.1/../../../../arm-none-eabi/lib/thumb/v7-m/nofp\libc_nano.a(lib_a-nano-vfprintf.o)
                0x0000000008009f3a                __sfputs_r
 *fill*         0x0000000008009f5e        0x2 
 .text._vfprintf_r
                0x0000000008009f60      0x260 d:/stm32/stm32cubeide_1.10.1/stm32cubeide/plugins/com.st.stm32cube.ide.mcu.externaltools.gnu-tools-for-stm32.10.3-2021.10.win32_1.0.0.202111181127/tools/bin/../lib/gcc/arm-none-eabi/10.3.1/../../../../arm-none-eabi/lib/thumb/v7-m/nofp\libc_nano.a(lib_a-nano-vfprintf.o)
                0x0000000008009f60                _vfprintf_r
                0x0000000008009f60                _vfiprintf_r
 .text._printf_common
                0x000000000800a1c0       0xde d:/stm32/stm32cubeide_1.10.1/stm32cubeide/plugins/com.st.stm32cube.ide.mcu.externaltools.gnu-tools-for-stm32.10.3-2021.10.win32_1.0.0.202111181127/tools/bin/../lib/gcc/arm-none-eabi/10.3.1/../../../../arm-none-eabi/lib/thumb/v7-m/nofp\libc_nano.a(lib_a-nano-vfprintf_i.o)
                0x000000000800a1c0                _printf_common
 *fill*         0x000000000800a29e        0x2 
 .text._printf_i
                0x000000000800a2a0      0x24c d:/stm32/stm32cubeide_1.10.1/stm32cubeide/plugins/com.st.stm32cube.ide.mcu.externaltools.gnu-tools-for-stm32.10.3-2021.10.win32_1.0.0.202111181127/tools/bin/../lib/gcc/arm-none-eabi/10.3.1/../../../../arm-none-eabi/lib/thumb/v7-m/nofp\libc_nano.a(lib_a-nano-vfprintf_i.o)
                0x000000000800a2a0                _printf_i
 .text._sbrk_r  0x000000000800a4ec       0x20 d:/stm32/stm32cubeide_1.10.1/stm32cubeide/plugins/com.st.stm32cube.ide.mcu.externaltools.gnu-tools-for-stm32.10.3-2021.10.win32_1.0.0.202111181127/tools/bin/../lib/gcc/arm-none-eabi/10.3.1/../../../../arm-none-eabi/lib/thumb/v7-m/nofp\libc_nano.a(lib_a-sbrkr.o)
                0x000000000800a4ec                _sbrk_r
 .text.__sread  0x000000000800a50c       0x22 d:/stm32/stm32cubeide_1.10.1/stm32cubeide/plugins/com.st.stm32cube.ide.mcu.externaltools.gnu-tools-for-stm32.10.3-2021.10.win32_1.0.0.202111181127/tools/bin/../lib/gcc/arm-none-eabi/10.3.1/../../../../arm-none-eabi/lib/thumb/v7-m/nofp\libc_nano.a(lib_a-stdio.o)
                0x000000000800a50c                __sread
 .text.__swrite
                0x000000000800a52e       0x38 d:/stm32/stm32cubeide_1.10.1/stm32cubeide/plugins/com.st.stm32cube.ide.mcu.externaltools.gnu-tools-for-stm32.10.3-2021.10.win32_1.0.0.202111181127/tools/bin/../lib/gcc/arm-none-eabi/10.3.1/../../../../arm-none-eabi/lib/thumb/v7-m/nofp\libc_nano.a(lib_a-stdio.o)
                0x000000000800a52e                __swrite
 .text.__sseek  0x000000000800a566       0x24 d:/stm32/stm32cubeide_1.10.1/stm32cubeide/plugins/com.st.stm32cube.ide.mcu.externaltools.gnu-tools-for-stm32.10.3-2021.10.win32_1.0.0.202111181127/tools/bin/../lib/gcc/arm-none-eabi/10.3.1/../../../../arm-none-eabi/lib/thumb/v7-m/nofp\libc_nano.a(lib_a-stdio.o)
                0x000000000800a566                __sseek
 .text.__sclose
                0x000000000800a58a        0x8 d:/stm32/stm32cubeide_1.10.1/stm32cubeide/plugins/com.st.stm32cube.ide.mcu.externaltools.gnu-tools-for-stm32.10.3-2021.10.win32_1.0.0.202111181127/tools/bin/../lib/gcc/arm-none-eabi/10.3.1/../../../../arm-none-eabi/lib/thumb/v7-m/nofp\libc_nano.a(lib_a-stdio.o)
                0x000000000800a58a                __sclose
 *fill*         0x000000000800a592        0x2 
 .text.__swbuf_r
                0x000000000800a594       0xa4 d:/stm32/stm32cubeide_1.10.1/stm32cubeide/plugins/com.st.stm32cube.ide.mcu.externaltools.gnu-tools-for-stm32.10.3-2021.10.win32_1.0.0.202111181127/tools/bin/../lib/gcc/arm-none-eabi/10.3.1/../../../../arm-none-eabi/lib/thumb/v7-m/nofp\libc_nano.a(lib_a-wbuf.o)
                0x000000000800a594                __swbuf_r
 .text._write_r
                0x000000000800a638       0x24 d:/stm32/stm32cubeide_1.10.1/stm32cubeide/plugins/com.st.stm32cube.ide.mcu.externaltools.gnu-tools-for-stm32.10.3-2021.10.win32_1.0.0.202111181127/tools/bin/../lib/gcc/arm-none-eabi/10.3.1/../../../../arm-none-eabi/lib/thumb/v7-m/nofp\libc_nano.a(lib_a-writer.o)
                0x000000000800a638                _write_r
 .text.__swsetup_r
                0x000000000800a65c       0xdc d:/stm32/stm32cubeide_1.10.1/stm32cubeide/plugins/com.st.stm32cube.ide.mcu.externaltools.gnu-tools-for-stm32.10.3-2021.10.win32_1.0.0.202111181127/tools/bin/../lib/gcc/arm-none-eabi/10.3.1/../../../../arm-none-eabi/lib/thumb/v7-m/nofp\libc_nano.a(lib_a-wsetup.o)
                0x000000000800a65c                __swsetup_r
 .text._close_r
                0x000000000800a738       0x20 d:/stm32/stm32cubeide_1.10.1/stm32cubeide/plugins/com.st.stm32cube.ide.mcu.externaltools.gnu-tools-for-stm32.10.3-2021.10.win32_1.0.0.202111181127/tools/bin/../lib/gcc/arm-none-eabi/10.3.1/../../../../arm-none-eabi/lib/thumb/v7-m/nofp\libc_nano.a(lib_a-closer.o)
                0x000000000800a738                _close_r
 .text.__sflush_r
                0x000000000800a758      0x104 d:/stm32/stm32cubeide_1.10.1/stm32cubeide/plugins/com.st.stm32cube.ide.mcu.externaltools.gnu-tools-for-stm32.10.3-2021.10.win32_1.0.0.202111181127/tools/bin/../lib/gcc/arm-none-eabi/10.3.1/../../../../arm-none-eabi/lib/thumb/v7-m/nofp\libc_nano.a(lib_a-fflush.o)
                0x000000000800a758                __sflush_r
 .text._fflush_r
                0x000000000800a85c       0x78 d:/stm32/stm32cubeide_1.10.1/stm32cubeide/plugins/com.st.stm32cube.ide.mcu.externaltools.gnu-tools-for-stm32.10.3-2021.10.win32_1.0.0.202111181127/tools/bin/../lib/gcc/arm-none-eabi/10.3.1/../../../../arm-none-eabi/lib/thumb/v7-m/nofp\libc_nano.a(lib_a-fflush.o)
                0x000000000800a85c                _fflush_r
 .text._lseek_r
                0x000000000800a8d4       0x24 d:/stm32/stm32cubeide_1.10.1/stm32cubeide/plugins/com.st.stm32cube.ide.mcu.externaltools.gnu-tools-for-stm32.10.3-2021.10.win32_1.0.0.202111181127/tools/bin/../lib/gcc/arm-none-eabi/10.3.1/../../../../arm-none-eabi/lib/thumb/v7-m/nofp\libc_nano.a(lib_a-lseekr.o)
                0x000000000800a8d4                _lseek_r
 .text.__swhatbuf_r
                0x000000000800a8f8       0x4a d:/stm32/stm32cubeide_1.10.1/stm32cubeide/plugins/com.st.stm32cube.ide.mcu.externaltools.gnu-tools-for-stm32.10.3-2021.10.win32_1.0.0.202111181127/tools/bin/../lib/gcc/arm-none-eabi/10.3.1/../../../../arm-none-eabi/lib/thumb/v7-m/nofp\libc_nano.a(lib_a-makebuf.o)
                0x000000000800a8f8                __swhatbuf_r
 *fill*         0x000000000800a942        0x2 
 .text.__smakebuf_r
                0x000000000800a944       0x80 d:/stm32/stm32cubeide_1.10.1/stm32cubeide/plugins/com.st.stm32cube.ide.mcu.externaltools.gnu-tools-for-stm32.10.3-2021.10.win32_1.0.0.202111181127/tools/bin/../lib/gcc/arm-none-eabi/10.3.1/../../../../arm-none-eabi/lib/thumb/v7-m/nofp\libc_nano.a(lib_a-makebuf.o)
                0x000000000800a944                __smakebuf_r
 .text.memchr   0x000000000800a9c4       0x1c d:/stm32/stm32cubeide_1.10.1/stm32cubeide/plugins/com.st.stm32cube.ide.mcu.externaltools.gnu-tools-for-stm32.10.3-2021.10.win32_1.0.0.202111181127/tools/bin/../lib/gcc/arm-none-eabi/10.3.1/../../../../arm-none-eabi/lib/thumb/v7-m/nofp\libc_nano.a(lib_a-memchr-stub.o)
                0x000000000800a9c4                memchr
 .text.memmove  0x000000000800a9e0       0x34 d:/stm32/stm32cubeide_1.10.1/stm32cubeide/plugins/com.st.stm32cube.ide.mcu.externaltools.gnu-tools-for-stm32.10.3-2021.10.win32_1.0.0.202111181127/tools/bin/../lib/gcc/arm-none-eabi/10.3.1/../../../../arm-none-eabi/lib/thumb/v7-m/nofp\libc_nano.a(lib_a-memmove.o)
                0x000000000800a9e0                memmove
 .text.__malloc_lock
                0x000000000800aa14        0xc d:/stm32/stm32cubeide_1.10.1/stm32cubeide/plugins/com.st.stm32cube.ide.mcu.externaltools.gnu-tools-for-stm32.10.3-2021.10.win32_1.0.0.202111181127/tools/bin/../lib/gcc/arm-none-eabi/10.3.1/../../../../arm-none-eabi/lib/thumb/v7-m/nofp\libc_nano.a(lib_a-mlock.o)
                0x000000000800aa14                __malloc_lock
 .text.__malloc_unlock
                0x000000000800aa20        0xc d:/stm32/stm32cubeide_1.10.1/stm32cubeide/plugins/com.st.stm32cube.ide.mcu.externaltools.gnu-tools-for-stm32.10.3-2021.10.win32_1.0.0.202111181127/tools/bin/../lib/gcc/arm-none-eabi/10.3.1/../../../../arm-none-eabi/lib/thumb/v7-m/nofp\libc_nano.a(lib_a-mlock.o)
                0x000000000800aa20                __malloc_unlock
 .text._free_r  0x000000000800aa2c       0x90 d:/stm32/stm32cubeide_1.10.1/stm32cubeide/plugins/com.st.stm32cube.ide.mcu.externaltools.gnu-tools-for-stm32.10.3-2021.10.win32_1.0.0.202111181127/tools/bin/../lib/gcc/arm-none-eabi/10.3.1/../../../../arm-none-eabi/lib/thumb/v7-m/nofp\libc_nano.a(lib_a-nano-freer.o)
                0x000000000800aa2c                _free_r
 .text._realloc_r
                0x000000000800aabc       0x5e d:/stm32/stm32cubeide_1.10.1/stm32cubeide/plugins/com.st.stm32cube.ide.mcu.externaltools.gnu-tools-for-stm32.10.3-2021.10.win32_1.0.0.202111181127/tools/bin/../lib/gcc/arm-none-eabi/10.3.1/../../../../arm-none-eabi/lib/thumb/v7-m/nofp\libc_nano.a(lib_a-nano-reallocr.o)
                0x000000000800aabc                _realloc_r
 *fill*         0x000000000800ab1a        0x2 
 .text._read_r  0x000000000800ab1c       0x24 d:/stm32/stm32cubeide_1.10.1/stm32cubeide/plugins/com.st.stm32cube.ide.mcu.externaltools.gnu-tools-for-stm32.10.3-2021.10.win32_1.0.0.202111181127/tools/bin/../lib/gcc/arm-none-eabi/10.3.1/../../../../arm-none-eabi/lib/thumb/v7-m/nofp\libc_nano.a(lib_a-readr.o)
                0x000000000800ab1c                _read_r
 .text._fstat_r
                0x000000000800ab40       0x24 d:/stm32/stm32cubeide_1.10.1/stm32cubeide/plugins/com.st.stm32cube.ide.mcu.externaltools.gnu-tools-for-stm32.10.3-2021.10.win32_1.0.0.202111181127/tools/bin/../lib/gcc/arm-none-eabi/10.3.1/../../../../arm-none-eabi/lib/thumb/v7-m/nofp\libc_nano.a(lib_a-fstatr.o)
                0x000000000800ab40                _fstat_r
 .text._isatty_r
                0x000000000800ab64       0x20 d:/stm32/stm32cubeide_1.10.1/stm32cubeide/plugins/com.st.stm32cube.ide.mcu.externaltools.gnu-tools-for-stm32.10.3-2021.10.win32_1.0.0.202111181127/tools/bin/../lib/gcc/arm-none-eabi/10.3.1/../../../../arm-none-eabi/lib/thumb/v7-m/nofp\libc_nano.a(lib_a-isattyr.o)
                0x000000000800ab64                _isatty_r
 .text._malloc_usable_size_r
                0x000000000800ab84       0x10 d:/stm32/stm32cubeide_1.10.1/stm32cubeide/plugins/com.st.stm32cube.ide.mcu.externaltools.gnu-tools-for-stm32.10.3-2021.10.win32_1.0.0.202111181127/tools/bin/../lib/gcc/arm-none-eabi/10.3.1/../../../../arm-none-eabi/lib/thumb/v7-m/nofp\libc_nano.a(lib_a-nano-msizer.o)
                0x000000000800ab84                _malloc_usable_size_r
 .text.sqrt     0x000000000800ab94       0x48 d:/stm32/stm32cubeide_1.10.1/stm32cubeide/plugins/com.st.stm32cube.ide.mcu.externaltools.gnu-tools-for-stm32.10.3-2021.10.win32_1.0.0.202111181127/tools/bin/../lib/gcc/arm-none-eabi/10.3.1/../../../../arm-none-eabi/lib/thumb/v7-m/nofp\libm.a(lib_a-w_sqrt.o)
                0x000000000800ab94                sqrt
 .text.__ieee754_sqrt
                0x000000000800abdc      0x160 d:/stm32/stm32cubeide_1.10.1/stm32cubeide/plugins/com.st.stm32cube.ide.mcu.externaltools.gnu-tools-for-stm32.10.3-2021.10.win32_1.0.0.202111181127/tools/bin/../lib/gcc/arm-none-eabi/10.3.1/../../../../arm-none-eabi/lib/thumb/v7-m/nofp\libm.a(lib_a-e_sqrt.o)
                0x000000000800abdc                __ieee754_sqrt
 *(.glue_7)
 .glue_7        0x000000000800ad3c        0x0 linker stubs
 *(.glue_7t)
 .glue_7t       0x000000000800ad3c        0x0 linker stubs
 *(.eh_frame)
 .eh_frame      0x000000000800ad3c        0x0 d:/stm32/stm32cubeide_1.10.1/stm32cubeide/plugins/com.st.stm32cube.ide.mcu.externaltools.gnu-tools-for-stm32.10.3-2021.10.win32_1.0.0.202111181127/tools/bin/../lib/gcc/arm-none-eabi/10.3.1/thumb/v7-m/nofp/crtbegin.o
 *(.init)
 .init          0x000000000800ad3c        0x4 d:/stm32/stm32cubeide_1.10.1/stm32cubeide/plugins/com.st.stm32cube.ide.mcu.externaltools.gnu-tools-for-stm32.10.3-2021.10.win32_1.0.0.202111181127/tools/bin/../lib/gcc/arm-none-eabi/10.3.1/thumb/v7-m/nofp/crti.o
                0x000000000800ad3c                _init
 .init          0x000000000800ad40        0x8 d:/stm32/stm32cubeide_1.10.1/stm32cubeide/plugins/com.st.stm32cube.ide.mcu.externaltools.gnu-tools-for-stm32.10.3-2021.10.win32_1.0.0.202111181127/tools/bin/../lib/gcc/arm-none-eabi/10.3.1/thumb/v7-m/nofp/crtn.o
 *(.fini)
 .fini          0x000000000800ad48        0x4 d:/stm32/stm32cubeide_1.10.1/stm32cubeide/plugins/com.st.stm32cube.ide.mcu.externaltools.gnu-tools-for-stm32.10.3-2021.10.win32_1.0.0.202111181127/tools/bin/../lib/gcc/arm-none-eabi/10.3.1/thumb/v7-m/nofp/crti.o
                0x000000000800ad48                _fini
 .fini          0x000000000800ad4c        0x8 d:/stm32/stm32cubeide_1.10.1/stm32cubeide/plugins/com.st.stm32cube.ide.mcu.externaltools.gnu-tools-for-stm32.10.3-2021.10.win32_1.0.0.202111181127/tools/bin/../lib/gcc/arm-none-eabi/10.3.1/thumb/v7-m/nofp/crtn.o
                0x000000000800ad54                . = ALIGN (0x4)
                0x000000000800ad54                _etext = .

.vfp11_veneer   0x000000000800ad54        0x0
 .vfp11_veneer  0x000000000800ad54        0x0 linker stubs

.v4_bx          0x000000000800ad54        0x0
 .v4_bx         0x000000000800ad54        0x0 linker stubs

.iplt           0x000000000800ad54        0x0
 .iplt          0x000000000800ad54        0x0 d:/stm32/stm32cubeide_1.10.1/stm32cubeide/plugins/com.st.stm32cube.ide.mcu.externaltools.gnu-tools-for-stm32.10.3-2021.10.win32_1.0.0.202111181127/tools/bin/../lib/gcc/arm-none-eabi/10.3.1/thumb/v7-m/nofp/crtbegin.o

.rodata         0x000000000800ad54     0x1d60
                0x000000000800ad54                . = ALIGN (0x4)
 *(.rodata)
 *(.rodata*)
 .rodata.FT5206_Init.str1.1
                0x000000000800ad54        0xc ./Core/Src/ft5206.o
 .rodata.FT5206_TPX_TBL
                0x000000000800ad60        0xa ./Core/Src/ft5206.o
                0x000000000800ad60                FT5206_TPX_TBL
 .rodata.GT9147_Init.str1.1
                0x000000000800ad6a       0x22 ./Core/Src/gt9147.o
 .rodata.GT9147_CFG_TBL
                0x000000000800ad8c       0xb8 ./Core/Src/gt9147.o
                0x000000000800ad8c                GT9147_CFG_TBL
 .rodata.GT9147_TPX_TBL
                0x000000000800ae44        0xa ./Core/Src/gt9147.o
                0x000000000800ae44                GT9147_TPX_TBL
 .rodata.LCD_Init.str1.1
                0x000000000800ae4e        0xd ./Core/Src/lcd.o
 .rodata.asc2_1206
                0x000000000800ae5b      0x474 ./Core/Src/lcd.o
                0x000000000800ae5b                asc2_1206
 .rodata.asc2_1608
                0x000000000800b2cf      0x5f0 ./Core/Src/lcd.o
                0x000000000800b2cf                asc2_1608
 .rodata.asc2_2412
                0x000000000800b8bf      0xd5c ./Core/Src/lcd.o
                0x000000000800b8bf                asc2_2412
 .rodata.Load_Drow_Dialog.str1.1
                0x000000000800c61b        0x4 ./Core/Src/main.o
 .rodata.screen_print.str1.1
                0x000000000800c61f       0x27 ./Core/Src/main.o
 .rodata.screen_menu2_print.str1.1
                0x000000000800c646        0x5 ./Core/Src/main.o
 .rodata.change_state.str1.1
                0x000000000800c64b       0x15 ./Core/Src/main.o
 .rodata.rtp_test.str1.1
                0x000000000800c660       0x6d ./Core/Src/main.o
 .rodata.main.str1.1
                0x000000000800c6cd       0xa1 ./Core/Src/main.o
 .rodata.POINT_COLOR_TBL
                0x000000000800c76e        0xa ./Core/Src/main.o
                0x000000000800c76e                POINT_COLOR_TBL
 .rodata.OTT2001A_Init.str1.1
                0x000000000800c778        0xc ./Core/Src/ott2001a.o
 .rodata.OTT_TPX_TBL
                0x000000000800c778        0xa ./Core/Src/ott2001a.o
                0x000000000800c778                OTT_TPX_TBL
 .rodata.HAL_TIM_PeriodElapsedCallback.str1.1
                0x000000000800c782      0x173 ./Core/Src/stm32f1xx_it.o
                                        0x176 (size before relaxing)
 .rodata.printCharaterState.str1.1
                0x000000000800c8f5        0x9 ./Core/Src/stm32f1xx_it.o
 .rodata.HAL_UART_RxCpltCallback.str1.1
                0x000000000800c8fe       0x2a ./Core/Src/stm32f1xx_it.o
 .rodata.AHBPrescTable
                0x000000000800c928       0x10 ./Core/Src/system_stm32f1xx.o
                0x000000000800c928                AHBPrescTable
 .rodata.APBPrescTable
                0x000000000800c938        0x8 ./Core/Src/system_stm32f1xx.o
                0x000000000800c938                APBPrescTable
 .rodata.TP_Adj_Info_Show.str1.1
                0x000000000800c940       0x28 ./Core/Src/touch.o
 .rodata.TP_Adjust.str1.1
                0x000000000800c968       0xa3 ./Core/Src/touch.o
 .rodata.HAL_RCC_GetSysClockFreq.str1.1
                0x000000000800ca0b       0x11 ./Drivers/STM32F1xx_HAL_Driver/Src/stm32f1xx_hal_rcc.o
 .rodata._global_impure_ptr
                0x000000000800ca1c        0x4 d:/stm32/stm32cubeide_1.10.1/stm32cubeide/plugins/com.st.stm32cube.ide.mcu.externaltools.gnu-tools-for-stm32.10.3-2021.10.win32_1.0.0.202111181127/tools/bin/../lib/gcc/arm-none-eabi/10.3.1/../../../../arm-none-eabi/lib/thumb/v7-m/nofp\libc_nano.a(lib_a-impure.o)
                0x000000000800ca1c                _global_impure_ptr
 .rodata.__sf_fake_stderr
                0x000000000800ca20       0x20 d:/stm32/stm32cubeide_1.10.1/stm32cubeide/plugins/com.st.stm32cube.ide.mcu.externaltools.gnu-tools-for-stm32.10.3-2021.10.win32_1.0.0.202111181127/tools/bin/../lib/gcc/arm-none-eabi/10.3.1/../../../../arm-none-eabi/lib/thumb/v7-m/nofp\libc_nano.a(lib_a-findfp.o)
                0x000000000800ca20                __sf_fake_stderr
 .rodata.__sf_fake_stdin
                0x000000000800ca40       0x20 d:/stm32/stm32cubeide_1.10.1/stm32cubeide/plugins/com.st.stm32cube.ide.mcu.externaltools.gnu-tools-for-stm32.10.3-2021.10.win32_1.0.0.202111181127/tools/bin/../lib/gcc/arm-none-eabi/10.3.1/../../../../arm-none-eabi/lib/thumb/v7-m/nofp\libc_nano.a(lib_a-findfp.o)
                0x000000000800ca40                __sf_fake_stdin
 .rodata.__sf_fake_stdout
                0x000000000800ca60       0x20 d:/stm32/stm32cubeide_1.10.1/stm32cubeide/plugins/com.st.stm32cube.ide.mcu.externaltools.gnu-tools-for-stm32.10.3-2021.10.win32_1.0.0.202111181127/tools/bin/../lib/gcc/arm-none-eabi/10.3.1/../../../../arm-none-eabi/lib/thumb/v7-m/nofp\libc_nano.a(lib_a-findfp.o)
                0x000000000800ca60                __sf_fake_stdout
 .rodata._svfprintf_r.str1.1
                0x000000000800ca80       0x11 d:/stm32/stm32cubeide_1.10.1/stm32cubeide/plugins/com.st.stm32cube.ide.mcu.externaltools.gnu-tools-for-stm32.10.3-2021.10.win32_1.0.0.202111181127/tools/bin/../lib/gcc/arm-none-eabi/10.3.1/../../../../arm-none-eabi/lib/thumb/v7-m/nofp\libc_nano.a(lib_a-nano-svfprintf.o)
 .rodata._vfprintf_r.str1.1
                0x000000000800ca91       0x11 d:/stm32/stm32cubeide_1.10.1/stm32cubeide/plugins/com.st.stm32cube.ide.mcu.externaltools.gnu-tools-for-stm32.10.3-2021.10.win32_1.0.0.202111181127/tools/bin/../lib/gcc/arm-none-eabi/10.3.1/../../../../arm-none-eabi/lib/thumb/v7-m/nofp\libc_nano.a(lib_a-nano-vfprintf.o)
 .rodata._printf_i.str1.1
                0x000000000800ca91       0x22 d:/stm32/stm32cubeide_1.10.1/stm32cubeide/plugins/com.st.stm32cube.ide.mcu.externaltools.gnu-tools-for-stm32.10.3-2021.10.win32_1.0.0.202111181127/tools/bin/../lib/gcc/arm-none-eabi/10.3.1/../../../../arm-none-eabi/lib/thumb/v7-m/nofp\libc_nano.a(lib_a-nano-vfprintf_i.o)
                0x000000000800cab4                . = ALIGN (0x4)
 *fill*         0x000000000800cab3        0x1 

.rel.dyn        0x000000000800cab4        0x0
 .rel.iplt      0x000000000800cab4        0x0 d:/stm32/stm32cubeide_1.10.1/stm32cubeide/plugins/com.st.stm32cube.ide.mcu.externaltools.gnu-tools-for-stm32.10.3-2021.10.win32_1.0.0.202111181127/tools/bin/../lib/gcc/arm-none-eabi/10.3.1/thumb/v7-m/nofp/crtbegin.o

.ARM.extab      0x000000000800cab4        0x0
                0x000000000800cab4                . = ALIGN (0x4)
 *(.ARM.extab* .gnu.linkonce.armextab.*)
                0x000000000800cab4                . = ALIGN (0x4)

.ARM            0x000000000800cab4        0x0
                0x000000000800cab4                . = ALIGN (0x4)
                0x000000000800cab4                __exidx_start = .
 *(.ARM.exidx*)
                0x000000000800cab4                __exidx_end = .
                0x000000000800cab4                . = ALIGN (0x4)

.preinit_array  0x000000000800cab4        0x0
                0x000000000800cab4                . = ALIGN (0x4)
                0x000000000800cab4                PROVIDE (__preinit_array_start = .)
 *(.preinit_array*)
                0x000000000800cab4                PROVIDE (__preinit_array_end = .)
                0x000000000800cab4                . = ALIGN (0x4)

.init_array     0x000000000800cab4        0x4
                0x000000000800cab4                . = ALIGN (0x4)
                0x000000000800cab4                PROVIDE (__init_array_start = .)
 *(SORT_BY_NAME(.init_array.*))
 *(.init_array*)
 .init_array    0x000000000800cab4        0x4 d:/stm32/stm32cubeide_1.10.1/stm32cubeide/plugins/com.st.stm32cube.ide.mcu.externaltools.gnu-tools-for-stm32.10.3-2021.10.win32_1.0.0.202111181127/tools/bin/../lib/gcc/arm-none-eabi/10.3.1/thumb/v7-m/nofp/crtbegin.o
                0x000000000800cab8                PROVIDE (__init_array_end = .)
                0x000000000800cab8                . = ALIGN (0x4)

.fini_array     0x000000000800cab8        0x4
                0x000000000800cab8                . = ALIGN (0x4)
                [!provide]                        PROVIDE (__fini_array_start = .)
 *(SORT_BY_NAME(.fini_array.*))
 *(.fini_array*)
 .fini_array    0x000000000800cab8        0x4 d:/stm32/stm32cubeide_1.10.1/stm32cubeide/plugins/com.st.stm32cube.ide.mcu.externaltools.gnu-tools-for-stm32.10.3-2021.10.win32_1.0.0.202111181127/tools/bin/../lib/gcc/arm-none-eabi/10.3.1/thumb/v7-m/nofp/crtbegin.o
                [!provide]                        PROVIDE (__fini_array_end = .)
                0x000000000800cabc                . = ALIGN (0x4)
                0x000000000800cabc                _sidata = LOADADDR (.data)

.data           0x0000000020000000      0xa58 load address 0x000000000800cabc
                0x0000000020000000                . = ALIGN (0x4)
                0x0000000020000000                _sdata = .
 *(.data)
 *(.data*)
 .data.key_up.0
                0x0000000020000000        0x1 ./Core/Src/key.o
 *fill*         0x0000000020000001        0x1 
 .data.BACK_COLOR
                0x0000000020000002        0x2 ./Core/Src/lcd.o
                0x0000000020000002                BACK_COLOR
 .data.bmp_ability
                0x0000000020000004       0xc8 ./Core/Src/lcd.o
                0x0000000020000004                bmp_ability
 .data.bmp_bag  0x00000000200000cc       0xc8 ./Core/Src/lcd.o
                0x00000000200000cc                bmp_bag
 .data.bmp_monster
                0x0000000020000194      0x320 ./Core/Src/lcd.o
                0x0000000020000194                bmp_monster
 .data.bmp_pika
                0x00000000200004b4      0x320 ./Core/Src/lcd.o
                0x00000000200004b4                bmp_pika
 .data.bmp_run  0x00000000200007d4       0xc8 ./Core/Src/lcd.o
                0x00000000200007d4                bmp_run
 .data.bmp_sword
                0x000000002000089c       0xc8 ./Core/Src/lcd.o
                0x000000002000089c                bmp_sword
 .data.ability1
                0x0000000020000964        0xa ./Core/Src/main.o
                0x0000000020000964                ability1
 .data.ability2
                0x000000002000096e        0xa ./Core/Src/main.o
                0x000000002000096e                ability2
 .data.ability3
                0x0000000020000978        0xa ./Core/Src/main.o
                0x0000000020000978                ability3
 .data.bag1     0x0000000020000982        0xa ./Core/Src/main.o
                0x0000000020000982                bag1
 .data.bag2     0x000000002000098c        0xa ./Core/Src/main.o
                0x000000002000098c                bag2
 .data.bag3     0x0000000020000996        0xa ./Core/Src/main.o
                0x0000000020000996                bag3
 .data.getInstruction
                0x00000000200009a0        0x4 ./Core/Src/main.o
                0x00000000200009a0                getInstruction
 .data.menu     0x00000000200009a4        0x4 ./Core/Src/main.o
                0x00000000200009a4                menu
 .data.thisTurnEnemy
                0x00000000200009a8        0x4 ./Core/Src/stm32f1xx_it.o
                0x00000000200009a8                thisTurnEnemy
 .data.thisTurnPlayer
                0x00000000200009ac        0x4 ./Core/Src/stm32f1xx_it.o
                0x00000000200009ac                thisTurnPlayer
 .data.SystemCoreClock
                0x00000000200009b0        0x4 ./Core/Src/system_stm32f1xx.o
                0x00000000200009b0                SystemCoreClock
 .data.CMD_RDX  0x00000000200009b4        0x1 ./Core/Src/touch.o
                0x00000000200009b4                CMD_RDX
 .data.CMD_RDY  0x00000000200009b5        0x1 ./Core/Src/touch.o
                0x00000000200009b5                CMD_RDY
 *fill*         0x00000000200009b6        0x2 
 .data.tp_dev   0x00000000200009b8       0x34 ./Core/Src/touch.o
                0x00000000200009b8                tp_dev
 .data.uwTickFreq
                0x00000000200009ec        0x1 ./Drivers/STM32F1xx_HAL_Driver/Src/stm32f1xx_hal.o
                0x00000000200009ec                uwTickFreq
 *fill*         0x00000000200009ed        0x3 
 .data.uwTickPrio
                0x00000000200009f0        0x4 ./Drivers/STM32F1xx_HAL_Driver/Src/stm32f1xx_hal.o
                0x00000000200009f0                uwTickPrio
 .data._impure_ptr
                0x00000000200009f4        0x4 d:/stm32/stm32cubeide_1.10.1/stm32cubeide/plugins/com.st.stm32cube.ide.mcu.externaltools.gnu-tools-for-stm32.10.3-2021.10.win32_1.0.0.202111181127/tools/bin/../lib/gcc/arm-none-eabi/10.3.1/../../../../arm-none-eabi/lib/thumb/v7-m/nofp\libc_nano.a(lib_a-impure.o)
                0x00000000200009f4                _impure_ptr
 .data.impure_data
                0x00000000200009f8       0x60 d:/stm32/stm32cubeide_1.10.1/stm32cubeide/plugins/com.st.stm32cube.ide.mcu.externaltools.gnu-tools-for-stm32.10.3-2021.10.win32_1.0.0.202111181127/tools/bin/../lib/gcc/arm-none-eabi/10.3.1/../../../../arm-none-eabi/lib/thumb/v7-m/nofp\libc_nano.a(lib_a-impure.o)
 *(.RamFunc)
 *(.RamFunc*)
                0x0000000020000a58                . = ALIGN (0x4)
                0x0000000020000a58                _edata = .

.igot.plt       0x0000000020000a58        0x0 load address 0x000000000800d514
 .igot.plt      0x0000000020000a58        0x0 d:/stm32/stm32cubeide_1.10.1/stm32cubeide/plugins/com.st.stm32cube.ide.mcu.externaltools.gnu-tools-for-stm32.10.3-2021.10.win32_1.0.0.202111181127/tools/bin/../lib/gcc/arm-none-eabi/10.3.1/thumb/v7-m/nofp/crtbegin.o
                0x0000000020000a58                . = ALIGN (0x4)

.bss            0x0000000020000a58      0xedc load address 0x000000000800d514
                0x0000000020000a58                _sbss = .
                0x0000000020000a58                __bss_start__ = _sbss
 *(.bss)
 .bss           0x0000000020000a58       0x1c d:/stm32/stm32cubeide_1.10.1/stm32cubeide/plugins/com.st.stm32cube.ide.mcu.externaltools.gnu-tools-for-stm32.10.3-2021.10.win32_1.0.0.202111181127/tools/bin/../lib/gcc/arm-none-eabi/10.3.1/thumb/v7-m/nofp/crtbegin.o
 *(.bss*)
 .bss.fac_us    0x0000000020000a74        0x4 ./Core/Src/delay.o
 .bss.t.0       0x0000000020000a78        0x1 ./Core/Src/ft5206.o
 .bss.t.0       0x0000000020000a79        0x1 ./Core/Src/gt9147.o
 .bss.POINT_COLOR
                0x0000000020000a7a        0x2 ./Core/Src/lcd.o
                0x0000000020000a7a                POINT_COLOR
 .bss.lcddev    0x0000000020000a7c        0xe ./Core/Src/lcd.o
                0x0000000020000a7c                lcddev
 *fill*         0x0000000020000a8a        0x2 
 .bss.A         0x0000000020000a8c       0x34 ./Core/Src/main.o
                0x0000000020000a8c                A
 .bss.A_skill   0x0000000020000ac0       0x90 ./Core/Src/main.o
                0x0000000020000ac0                A_skill
 .bss.B         0x0000000020000b50       0x34 ./Core/Src/main.o
                0x0000000020000b50                B
 .bss.B_skill   0x0000000020000b84       0x90 ./Core/Src/main.o
                0x0000000020000b84                B_skill
 .bss.DATA_TO_SEND
                0x0000000020000c14      0x320 ./Core/Src/main.o
                0x0000000020000c14                DATA_TO_SEND
 .bss.Enemy     0x0000000020000f34       0x34 ./Core/Src/main.o
                0x0000000020000f34                Enemy
 .bss.STATE     0x0000000020000f68       0x1e ./Core/Src/main.o
                0x0000000020000f68                STATE
 *fill*         0x0000000020000f86        0x2 
 .bss.hspi1     0x0000000020000f88       0x58 ./Core/Src/main.o
                0x0000000020000f88                hspi1
 .bss.htim3     0x0000000020000fe0       0x48 ./Core/Src/main.o
                0x0000000020000fe0                htim3
 .bss.huart1    0x0000000020001028       0x44 ./Core/Src/main.o
                0x0000000020001028                huart1
 .bss.info      0x000000002000106c      0x400 ./Core/Src/main.o
                0x000000002000106c                info
 .bss.item      0x000000002000146c       0x90 ./Core/Src/main.o
                0x000000002000146c                item
 .bss.round     0x00000000200014fc        0x4 ./Core/Src/main.o
                0x00000000200014fc                round
 .bss.rxBuffer  0x0000000020001500       0x14 ./Core/Src/main.o
                0x0000000020001500                rxBuffer
 .bss.state_num
                0x0000000020001514        0x4 ./Core/Src/main.o
                0x0000000020001514                state_num
 .bss.t.0       0x0000000020001518        0x1 ./Core/Src/ott2001a.o
 .bss.uLength   0x0000000020001519        0x1 ./Core/Src/stm32f1xx_it.o
 .bss.uRx_Data  0x000000002000151a      0x400 ./Core/Src/stm32f1xx_it.o
 *fill*         0x000000002000191a        0x2 
 .bss.__sbrk_heap_end
                0x000000002000191c        0x4 ./Core/Src/sysmem.o
 .bss.uwTick    0x0000000020001920        0x4 ./Drivers/STM32F1xx_HAL_Driver/Src/stm32f1xx_hal.o
                0x0000000020001920                uwTick
 .bss.__lock___malloc_recursive_mutex
                0x0000000020001924        0x1 d:/stm32/stm32cubeide_1.10.1/stm32cubeide/plugins/com.st.stm32cube.ide.mcu.externaltools.gnu-tools-for-stm32.10.3-2021.10.win32_1.0.0.202111181127/tools/bin/../lib/gcc/arm-none-eabi/10.3.1/../../../../arm-none-eabi/lib/thumb/v7-m/nofp\libc_nano.a(lib_a-lock.o)
                0x0000000020001924                __lock___malloc_recursive_mutex
 .bss.__lock___sfp_recursive_mutex
                0x0000000020001925        0x1 d:/stm32/stm32cubeide_1.10.1/stm32cubeide/plugins/com.st.stm32cube.ide.mcu.externaltools.gnu-tools-for-stm32.10.3-2021.10.win32_1.0.0.202111181127/tools/bin/../lib/gcc/arm-none-eabi/10.3.1/../../../../arm-none-eabi/lib/thumb/v7-m/nofp\libc_nano.a(lib_a-lock.o)
                0x0000000020001925                __lock___sfp_recursive_mutex
 .bss.__lock___sinit_recursive_mutex
                0x0000000020001926        0x1 d:/stm32/stm32cubeide_1.10.1/stm32cubeide/plugins/com.st.stm32cube.ide.mcu.externaltools.gnu-tools-for-stm32.10.3-2021.10.win32_1.0.0.202111181127/tools/bin/../lib/gcc/arm-none-eabi/10.3.1/../../../../arm-none-eabi/lib/thumb/v7-m/nofp\libc_nano.a(lib_a-lock.o)
                0x0000000020001926                __lock___sinit_recursive_mutex
 *fill*         0x0000000020001927        0x1 
 .bss.__malloc_free_list
                0x0000000020001928        0x4 d:/stm32/stm32cubeide_1.10.1/stm32cubeide/plugins/com.st.stm32cube.ide.mcu.externaltools.gnu-tools-for-stm32.10.3-2021.10.win32_1.0.0.202111181127/tools/bin/../lib/gcc/arm-none-eabi/10.3.1/../../../../arm-none-eabi/lib/thumb/v7-m/nofp\libc_nano.a(lib_a-nano-mallocr.o)
                0x0000000020001928                __malloc_free_list
 .bss.__malloc_sbrk_start
                0x000000002000192c        0x4 d:/stm32/stm32cubeide_1.10.1/stm32cubeide/plugins/com.st.stm32cube.ide.mcu.externaltools.gnu-tools-for-stm32.10.3-2021.10.win32_1.0.0.202111181127/tools/bin/../lib/gcc/arm-none-eabi/10.3.1/../../../../arm-none-eabi/lib/thumb/v7-m/nofp\libc_nano.a(lib_a-nano-mallocr.o)
                0x000000002000192c                __malloc_sbrk_start
 .bss.errno     0x0000000020001930        0x4 d:/stm32/stm32cubeide_1.10.1/stm32cubeide/plugins/com.st.stm32cube.ide.mcu.externaltools.gnu-tools-for-stm32.10.3-2021.10.win32_1.0.0.202111181127/tools/bin/../lib/gcc/arm-none-eabi/10.3.1/../../../../arm-none-eabi/lib/thumb/v7-m/nofp\libc_nano.a(lib_a-reent.o)
                0x0000000020001930                errno
 *(COMMON)
                0x0000000020001934                . = ALIGN (0x4)
                0x0000000020001934                _ebss = .
                0x0000000020001934                __bss_end__ = _ebss

._user_heap_stack
                0x0000000020001934      0x604 load address 0x000000000800d514
                0x0000000020001938                . = ALIGN (0x8)
 *fill*         0x0000000020001934        0x4 
                [!provide]                        PROVIDE (end = .)
                0x0000000020001938                PROVIDE (_end = .)
                0x0000000020001b38                . = (. + _Min_Heap_Size)
 *fill*         0x0000000020001938      0x200 
                0x0000000020001f38                . = (. + _Min_Stack_Size)
 *fill*         0x0000000020001b38      0x400 
                0x0000000020001f38                . = ALIGN (0x8)

/DISCARD/
 libc.a(*)
 libm.a(*)
 libgcc.a(*)

.ARM.attributes
                0x0000000000000000       0x29
 *(.ARM.attributes)
 .ARM.attributes
                0x0000000000000000       0x1d d:/stm32/stm32cubeide_1.10.1/stm32cubeide/plugins/com.st.stm32cube.ide.mcu.externaltools.gnu-tools-for-stm32.10.3-2021.10.win32_1.0.0.202111181127/tools/bin/../lib/gcc/arm-none-eabi/10.3.1/thumb/v7-m/nofp/crti.o
 .ARM.attributes
                0x000000000000001d       0x2d d:/stm32/stm32cubeide_1.10.1/stm32cubeide/plugins/com.st.stm32cube.ide.mcu.externaltools.gnu-tools-for-stm32.10.3-2021.10.win32_1.0.0.202111181127/tools/bin/../lib/gcc/arm-none-eabi/10.3.1/thumb/v7-m/nofp/crtbegin.o
 .ARM.attributes
                0x000000000000004a       0x2d ./Core/Src/24cxx.o
 .ARM.attributes
                0x0000000000000077       0x2d ./Core/Src/ctiic.o
 .ARM.attributes
                0x00000000000000a4       0x2d ./Core/Src/delay.o
 .ARM.attributes
                0x00000000000000d1       0x2d ./Core/Src/ft5206.o
 .ARM.attributes
                0x00000000000000fe       0x2d ./Core/Src/gt9147.o
 .ARM.attributes
                0x000000000000012b       0x2d ./Core/Src/key.o
 .ARM.attributes
                0x0000000000000158       0x2d ./Core/Src/lcd.o
 .ARM.attributes
                0x0000000000000185       0x2d ./Core/Src/led.o
 .ARM.attributes
                0x00000000000001b2       0x2d ./Core/Src/main.o
 .ARM.attributes
                0x00000000000001df       0x2d ./Core/Src/myiic.o
 .ARM.attributes
                0x000000000000020c       0x2d ./Core/Src/ott2001a.o
 .ARM.attributes
                0x0000000000000239       0x2d ./Core/Src/stm32f1xx_hal_msp.o
 .ARM.attributes
                0x0000000000000266       0x2d ./Core/Src/stm32f1xx_it.o
 .ARM.attributes
                0x0000000000000293       0x2d ./Core/Src/sys.o
 .ARM.attributes
                0x00000000000002c0       0x2d ./Core/Src/syscalls.o
 .ARM.attributes
                0x00000000000002ed       0x2d ./Core/Src/sysmem.o
 .ARM.attributes
                0x000000000000031a       0x2d ./Core/Src/system_stm32f1xx.o
 .ARM.attributes
                0x0000000000000347       0x2d ./Core/Src/touch.o
 .ARM.attributes
                0x0000000000000374       0x21 ./Core/Startup/startup_stm32f103rctx.o
 .ARM.attributes
                0x0000000000000395       0x2d ./Drivers/STM32F1xx_HAL_Driver/Src/stm32f1xx_hal.o
 .ARM.attributes
                0x00000000000003c2       0x2d ./Drivers/STM32F1xx_HAL_Driver/Src/stm32f1xx_hal_cortex.o
 .ARM.attributes
                0x00000000000003ef       0x2d ./Drivers/STM32F1xx_HAL_Driver/Src/stm32f1xx_hal_dma.o
 .ARM.attributes
                0x000000000000041c       0x2d ./Drivers/STM32F1xx_HAL_Driver/Src/stm32f1xx_hal_gpio.o
 .ARM.attributes
                0x0000000000000449       0x2d ./Drivers/STM32F1xx_HAL_Driver/Src/stm32f1xx_hal_rcc.o
 .ARM.attributes
                0x0000000000000476       0x2d ./Drivers/STM32F1xx_HAL_Driver/Src/stm32f1xx_hal_spi.o
 .ARM.attributes
                0x00000000000004a3       0x2d ./Drivers/STM32F1xx_HAL_Driver/Src/stm32f1xx_hal_tim.o
 .ARM.attributes
                0x00000000000004d0       0x2d ./Drivers/STM32F1xx_HAL_Driver/Src/stm32f1xx_hal_tim_ex.o
 .ARM.attributes
                0x00000000000004fd       0x2d ./Drivers/STM32F1xx_HAL_Driver/Src/stm32f1xx_hal_uart.o
 .ARM.attributes
                0x000000000000052a       0x2d d:/stm32/stm32cubeide_1.10.1/stm32cubeide/plugins/com.st.stm32cube.ide.mcu.externaltools.gnu-tools-for-stm32.10.3-2021.10.win32_1.0.0.202111181127/tools/bin/../lib/gcc/arm-none-eabi/10.3.1/../../../../arm-none-eabi/lib/thumb/v7-m/nofp\libc_nano.a(lib_a-errno.o)
 .ARM.attributes
                0x0000000000000557       0x2d d:/stm32/stm32cubeide_1.10.1/stm32cubeide/plugins/com.st.stm32cube.ide.mcu.externaltools.gnu-tools-for-stm32.10.3-2021.10.win32_1.0.0.202111181127/tools/bin/../lib/gcc/arm-none-eabi/10.3.1/../../../../arm-none-eabi/lib/thumb/v7-m/nofp\libc_nano.a(lib_a-impure.o)
 .ARM.attributes